[0.016s] Invoking command in '/home/deep/Modular_Recorder/vectornav/build/vectornav': CMAKE_PREFIX_PATH=/home/deep/Modular_Recorder/vectornav/install/vectornav_msgs:/home/deep/Modular_Recorder/vectornav/install/vectornav:/home/deep/Modular_Recorder/install/vectornav:/home/deep/Modular_Recorder/install/vectornav_msgs:/home/deep/Modular_Recorder/install/hesai_ros_driver:/home/deep/zed_ros2/install/zed_ros2:/home/deep/zed_ros2/install/zed_robot_integration:/home/deep/zed_ros2/install/zed_ipc:/home/deep/zed_ros2/install/zed_multi_camera:/home/deep/zed_ros2/install/zed_isaac_ros_multi_camera:/home/deep/zed_ros2/install/zed_isaac_ros_april_tag:/home/deep/zed_ros2/install/zed_display_rviz2:/home/deep/zed_ros2/install/zed_depth_to_laserscan:/home/deep/zed_ros2/install/zed_wrapper:/home/deep/zed_ros2/install/zed_tutorial_video:/home/deep/zed_ros2/install/zed_tutorial_pos_tracking:/home/deep/zed_ros2/install/zed_tutorial_depth:/home/deep/zed_ros2/install/zed_topic_benchmark:/home/deep/zed_ros2/install/zed_topic_benchmark_component:/home/deep/zed_ros2/install/zed_topic_benchmark_interfaces:/home/deep/zed_ros2/install/zed_rgb_convert:/home/deep/zed_ros2/install/zed_isaac_ros_nitros_sub:/home/deep/zed_ros2/install/zed_aruco_localization:/home/deep/zed_ros2/install/zed_components:/home/deep/zed_ros2/install/rviz_plugin_zed_od:/home/deep/Desktop/vectornav/install/vectornav:/home/deep/Desktop/vectornav/install/vectornav_msgs:/home/deep/Desktop/Controls/install/fmdv_msgs:/home/deep/Desktop/EUFS/install/mppi_controller:/home/deep/Desktop/EUFS/install/eufs_sensors:/home/deep/Desktop/EUFS/install/eufs_plugins:/home/deep/Desktop/EUFS/install/eufs_models:/home/deep/Desktop/EUFS/install/eufs_msgs:/home/deep/Modular_Recorder/HesaiLidar_ROS_2.0/install/hesai_ros_driver:/home/deep/Modular_Recorder/install/zed2i:/home/deep/Modular_Recorder/install/driver:/home/deep/Desktop/Controls/install/fmdv_monitor:/home/deep/Desktop/Controls/install/fmdv_code:/home/deep/Desktop/EUFS/install/eufs_launcher:/home/deep/Desktop/EUFS/install/eufs_tracks:/home/deep/Desktop/EUFS/install/eufs_rqt:/home/deep/Desktop/EUFS/install/eufs_racecar:/opt/ros/humble LD_LIBRARY_PATH=/home/deep/Modular_Recorder/vectornav/install/vectornav_msgs/lib:/home/deep/Modular_Recorder/vectornav/install/vectornav/lib:/home/deep/Modular_Recorder/install/vectornav/lib:/home/deep/Modular_Recorder/install/vectornav_msgs/lib:/home/deep/Modular_Recorder/install/hesai_ros_driver/lib:/home/deep/zed_ros2/install/zed_ipc/lib:/home/deep/zed_ros2/install/zed_topic_benchmark_component/lib:/home/deep/zed_ros2/install/zed_topic_benchmark_interfaces/lib:/home/deep/zed_ros2/install/zed_rgb_convert/lib:/home/deep/zed_ros2/install/zed_aruco_localization/lib:/home/deep/zed_ros2/install/zed_components/lib:/home/deep/zed_ros2/install/rviz_plugin_zed_od/lib:/home/deep/Desktop/vectornav/install/vectornav/lib:/home/deep/Desktop/vectornav/install/vectornav_msgs/lib:/home/deep/Desktop/Controls/install/fmdv_msgs/lib:/home/deep/Desktop/EUFS/install/eufs_plugins/lib:/home/deep/Desktop/EUFS/install/eufs_models/lib:/home/deep/Desktop/EUFS/install/eufs_msgs/lib:/home/deep/Modular_Recorder/HesaiLidar_ROS_2.0/install/hesai_ros_driver/lib:/usr/local/cuda-12.2/lib64:/usr/local/cuda-12.2/lib64:/usr/lib/x86_64-linux-gnu/gazebo-11/plugins:/opt/ros/humble/opt/rviz_ogre_vendor/lib:/opt/ros/humble/lib/x86_64-linux-gnu:/opt/ros/humble/lib /usr/bin/cmake /home/deep/Modular_Recorder/vectornav/vectornav -DCMAKE_INSTALL_PREFIX=/home/deep/Modular_Recorder/vectornav/install/vectornav
[0.075s] -- The C compiler identification is GNU 11.4.0
[0.128s] -- The CXX compiler identification is GNU 11.4.0
[0.135s] -- Detecting C compiler ABI info
[0.213s] -- Detecting C compiler ABI info - done
[0.218s] -- Check for working C compiler: /usr/bin/cc - skipped
[0.218s] -- Detecting C compile features
[0.218s] -- Detecting C compile features - done
[0.221s] -- Detecting CXX compiler ABI info
[0.308s] -- Detecting CXX compiler ABI info - done
[0.314s] -- Check for working CXX compiler: /usr/bin/c++ - skipped
[0.314s] -- Detecting CXX compile features
[0.314s] -- Detecting CXX compile features - done
[0.322s] -- Found ament_cmake: 1.3.13 (/opt/ros/humble/share/ament_cmake/cmake)
[0.499s] -- Found Python3: /usr/bin/python3 (found version "3.10.12") found components: Interpreter 
[0.662s] -- Found rclcpp: 16.0.18 (/opt/ros/humble/share/rclcpp/cmake)
[0.757s] -- Found rosidl_generator_c: 3.1.8 (/opt/ros/humble/share/rosidl_generator_c/cmake)
[0.771s] -- Found rosidl_adapter: 3.1.8 (/opt/ros/humble/share/rosidl_adapter/cmake)
[0.789s] -- Found rosidl_generator_cpp: 3.1.8 (/opt/ros/humble/share/rosidl_generator_cpp/cmake)
[0.813s] -- Using all available rosidl_typesupport_c: rosidl_typesupport_fastrtps_c;rosidl_typesupport_introspection_c
[0.850s] -- Using all available rosidl_typesupport_cpp: rosidl_typesupport_fastrtps_cpp;rosidl_typesupport_introspection_cpp
[0.959s] -- Found rmw_implementation_cmake: 6.1.2 (/opt/ros/humble/share/rmw_implementation_cmake/cmake)
[0.968s] -- Found rmw_fastrtps_cpp: 6.2.10 (/opt/ros/humble/share/rmw_fastrtps_cpp/cmake)
[1.110s] -- Found OpenSSL: /usr/lib/x86_64-linux-gnu/libcrypto.so (found version "3.0.2")  
[1.144s] -- Found FastRTPS: /opt/ros/humble/include  
[1.199s] -- Using RMW implementation 'rmw_fastrtps_cpp' as default
[1.230s] -- Looking for pthread.h
[1.312s] -- Looking for pthread.h - found
[1.313s] -- Performing Test CMAKE_HAVE_LIBC_PTHREAD
[1.395s] -- Performing Test CMAKE_HAVE_LIBC_PTHREAD - Success
[1.396s] -- Found Threads: TRUE  
[1.464s] -- Found rclcpp_action: 16.0.18 (/opt/ros/humble/share/rclcpp_action/cmake)
[1.514s] -- Found rclcpp_components: 16.0.18 (/opt/ros/humble/share/rclcpp_components/cmake)
[1.567s] -- Found sensor_msgs: 4.9.1 (/opt/ros/humble/share/sensor_msgs/cmake)
[1.597s] -- Found vectornav_msgs: 3.0.0 (/home/deep/Modular_Recorder/vectornav/install/vectornav_msgs/share/vectornav_msgs/cmake)
[1.616s] -- Found tf2_geometry_msgs: 0.25.19 (/opt/ros/humble/share/tf2_geometry_msgs/cmake)
[1.652s] -- Found eigen3_cmake_module: 0.1.1 (/opt/ros/humble/share/eigen3_cmake_module/cmake)
[1.653s] -- Found Eigen3: TRUE (found version "3.4.0") 
[1.653s] -- Ensuring Eigen3 include directory is part of orocos-kdl CMake target
[1.738s] -- Found ament_lint_auto: 0.12.15 (/opt/ros/humble/share/ament_lint_auto/cmake)
[1.876s] -- Added test 'cppcheck' to perform static code analysis on C / C++ code
[1.876s] -- Configured cppcheck include dirs: 
[1.876s] -- Configured cppcheck exclude dirs and/or files: 
[1.882s] -- Added test 'cpplint' to check C / C++ code against the Google style
[1.882s] -- Configured cpplint exclude dirs and/or files: 
[1.883s] -- Added test 'flake8' to check Python code syntax and style conventions
[1.886s] -- Added test 'lint_cmake' to check CMake code style
[1.887s] -- Added test 'pep257' to check Python code against some of the docstring style conventions in PEP 257
[1.893s] -- Added test 'uncrustify' to check C / C++ code style
[1.893s] -- Configured uncrustify additional arguments: 
[1.895s] -- Added test 'xmllint' to check XML markup files
[1.898s] -- Configuring done
[1.925s] -- Generating done
[1.934s] -- Build files have been written to: /home/deep/Modular_Recorder/vectornav/build/vectornav
[1.947s] Invoked command in '/home/deep/Modular_Recorder/vectornav/build/vectornav' returned '0': CMAKE_PREFIX_PATH=/home/deep/Modular_Recorder/vectornav/install/vectornav_msgs:/home/deep/Modular_Recorder/vectornav/install/vectornav:/home/deep/Modular_Recorder/install/vectornav:/home/deep/Modular_Recorder/install/vectornav_msgs:/home/deep/Modular_Recorder/install/hesai_ros_driver:/home/deep/zed_ros2/install/zed_ros2:/home/deep/zed_ros2/install/zed_robot_integration:/home/deep/zed_ros2/install/zed_ipc:/home/deep/zed_ros2/install/zed_multi_camera:/home/deep/zed_ros2/install/zed_isaac_ros_multi_camera:/home/deep/zed_ros2/install/zed_isaac_ros_april_tag:/home/deep/zed_ros2/install/zed_display_rviz2:/home/deep/zed_ros2/install/zed_depth_to_laserscan:/home/deep/zed_ros2/install/zed_wrapper:/home/deep/zed_ros2/install/zed_tutorial_video:/home/deep/zed_ros2/install/zed_tutorial_pos_tracking:/home/deep/zed_ros2/install/zed_tutorial_depth:/home/deep/zed_ros2/install/zed_topic_benchmark:/home/deep/zed_ros2/install/zed_topic_benchmark_component:/home/deep/zed_ros2/install/zed_topic_benchmark_interfaces:/home/deep/zed_ros2/install/zed_rgb_convert:/home/deep/zed_ros2/install/zed_isaac_ros_nitros_sub:/home/deep/zed_ros2/install/zed_aruco_localization:/home/deep/zed_ros2/install/zed_components:/home/deep/zed_ros2/install/rviz_plugin_zed_od:/home/deep/Desktop/vectornav/install/vectornav:/home/deep/Desktop/vectornav/install/vectornav_msgs:/home/deep/Desktop/Controls/install/fmdv_msgs:/home/deep/Desktop/EUFS/install/mppi_controller:/home/deep/Desktop/EUFS/install/eufs_sensors:/home/deep/Desktop/EUFS/install/eufs_plugins:/home/deep/Desktop/EUFS/install/eufs_models:/home/deep/Desktop/EUFS/install/eufs_msgs:/home/deep/Modular_Recorder/HesaiLidar_ROS_2.0/install/hesai_ros_driver:/home/deep/Modular_Recorder/install/zed2i:/home/deep/Modular_Recorder/install/driver:/home/deep/Desktop/Controls/install/fmdv_monitor:/home/deep/Desktop/Controls/install/fmdv_code:/home/deep/Desktop/EUFS/install/eufs_launcher:/home/deep/Desktop/EUFS/install/eufs_tracks:/home/deep/Desktop/EUFS/install/eufs_rqt:/home/deep/Desktop/EUFS/install/eufs_racecar:/opt/ros/humble LD_LIBRARY_PATH=/home/deep/Modular_Recorder/vectornav/install/vectornav_msgs/lib:/home/deep/Modular_Recorder/vectornav/install/vectornav/lib:/home/deep/Modular_Recorder/install/vectornav/lib:/home/deep/Modular_Recorder/install/vectornav_msgs/lib:/home/deep/Modular_Recorder/install/hesai_ros_driver/lib:/home/deep/zed_ros2/install/zed_ipc/lib:/home/deep/zed_ros2/install/zed_topic_benchmark_component/lib:/home/deep/zed_ros2/install/zed_topic_benchmark_interfaces/lib:/home/deep/zed_ros2/install/zed_rgb_convert/lib:/home/deep/zed_ros2/install/zed_aruco_localization/lib:/home/deep/zed_ros2/install/zed_components/lib:/home/deep/zed_ros2/install/rviz_plugin_zed_od/lib:/home/deep/Desktop/vectornav/install/vectornav/lib:/home/deep/Desktop/vectornav/install/vectornav_msgs/lib:/home/deep/Desktop/Controls/install/fmdv_msgs/lib:/home/deep/Desktop/EUFS/install/eufs_plugins/lib:/home/deep/Desktop/EUFS/install/eufs_models/lib:/home/deep/Desktop/EUFS/install/eufs_msgs/lib:/home/deep/Modular_Recorder/HesaiLidar_ROS_2.0/install/hesai_ros_driver/lib:/usr/local/cuda-12.2/lib64:/usr/local/cuda-12.2/lib64:/usr/lib/x86_64-linux-gnu/gazebo-11/plugins:/opt/ros/humble/opt/rviz_ogre_vendor/lib:/opt/ros/humble/lib/x86_64-linux-gnu:/opt/ros/humble/lib /usr/bin/cmake /home/deep/Modular_Recorder/vectornav/vectornav -DCMAKE_INSTALL_PREFIX=/home/deep/Modular_Recorder/vectornav/install/vectornav
[1.948s] Invoking command in '/home/deep/Modular_Recorder/vectornav/build/vectornav': CMAKE_PREFIX_PATH=/home/deep/Modular_Recorder/vectornav/install/vectornav_msgs:/home/deep/Modular_Recorder/vectornav/install/vectornav:/home/deep/Modular_Recorder/install/vectornav:/home/deep/Modular_Recorder/install/vectornav_msgs:/home/deep/Modular_Recorder/install/hesai_ros_driver:/home/deep/zed_ros2/install/zed_ros2:/home/deep/zed_ros2/install/zed_robot_integration:/home/deep/zed_ros2/install/zed_ipc:/home/deep/zed_ros2/install/zed_multi_camera:/home/deep/zed_ros2/install/zed_isaac_ros_multi_camera:/home/deep/zed_ros2/install/zed_isaac_ros_april_tag:/home/deep/zed_ros2/install/zed_display_rviz2:/home/deep/zed_ros2/install/zed_depth_to_laserscan:/home/deep/zed_ros2/install/zed_wrapper:/home/deep/zed_ros2/install/zed_tutorial_video:/home/deep/zed_ros2/install/zed_tutorial_pos_tracking:/home/deep/zed_ros2/install/zed_tutorial_depth:/home/deep/zed_ros2/install/zed_topic_benchmark:/home/deep/zed_ros2/install/zed_topic_benchmark_component:/home/deep/zed_ros2/install/zed_topic_benchmark_interfaces:/home/deep/zed_ros2/install/zed_rgb_convert:/home/deep/zed_ros2/install/zed_isaac_ros_nitros_sub:/home/deep/zed_ros2/install/zed_aruco_localization:/home/deep/zed_ros2/install/zed_components:/home/deep/zed_ros2/install/rviz_plugin_zed_od:/home/deep/Desktop/vectornav/install/vectornav:/home/deep/Desktop/vectornav/install/vectornav_msgs:/home/deep/Desktop/Controls/install/fmdv_msgs:/home/deep/Desktop/EUFS/install/mppi_controller:/home/deep/Desktop/EUFS/install/eufs_sensors:/home/deep/Desktop/EUFS/install/eufs_plugins:/home/deep/Desktop/EUFS/install/eufs_models:/home/deep/Desktop/EUFS/install/eufs_msgs:/home/deep/Modular_Recorder/HesaiLidar_ROS_2.0/install/hesai_ros_driver:/home/deep/Modular_Recorder/install/zed2i:/home/deep/Modular_Recorder/install/driver:/home/deep/Desktop/Controls/install/fmdv_monitor:/home/deep/Desktop/Controls/install/fmdv_code:/home/deep/Desktop/EUFS/install/eufs_launcher:/home/deep/Desktop/EUFS/install/eufs_tracks:/home/deep/Desktop/EUFS/install/eufs_rqt:/home/deep/Desktop/EUFS/install/eufs_racecar:/opt/ros/humble LD_LIBRARY_PATH=/home/deep/Modular_Recorder/vectornav/install/vectornav_msgs/lib:/home/deep/Modular_Recorder/vectornav/install/vectornav/lib:/home/deep/Modular_Recorder/install/vectornav/lib:/home/deep/Modular_Recorder/install/vectornav_msgs/lib:/home/deep/Modular_Recorder/install/hesai_ros_driver/lib:/home/deep/zed_ros2/install/zed_ipc/lib:/home/deep/zed_ros2/install/zed_topic_benchmark_component/lib:/home/deep/zed_ros2/install/zed_topic_benchmark_interfaces/lib:/home/deep/zed_ros2/install/zed_rgb_convert/lib:/home/deep/zed_ros2/install/zed_aruco_localization/lib:/home/deep/zed_ros2/install/zed_components/lib:/home/deep/zed_ros2/install/rviz_plugin_zed_od/lib:/home/deep/Desktop/vectornav/install/vectornav/lib:/home/deep/Desktop/vectornav/install/vectornav_msgs/lib:/home/deep/Desktop/Controls/install/fmdv_msgs/lib:/home/deep/Desktop/EUFS/install/eufs_plugins/lib:/home/deep/Desktop/EUFS/install/eufs_models/lib:/home/deep/Desktop/EUFS/install/eufs_msgs/lib:/home/deep/Modular_Recorder/HesaiLidar_ROS_2.0/install/hesai_ros_driver/lib:/usr/local/cuda-12.2/lib64:/usr/local/cuda-12.2/lib64:/usr/lib/x86_64-linux-gnu/gazebo-11/plugins:/opt/ros/humble/opt/rviz_ogre_vendor/lib:/opt/ros/humble/lib/x86_64-linux-gnu:/opt/ros/humble/lib /usr/bin/cmake --build /home/deep/Modular_Recorder/vectornav/build/vectornav -- -j16 -l16
[2.023s] [ 15%] [32mBuilding CXX object vnproglib-1.2.0.0/cpp/CMakeFiles/vncxx.dir/src/event.cpp.o[0m
[2.024s] [ 21%] [32mBuilding CXX object vnproglib-1.2.0.0/cpp/CMakeFiles/vncxx.dir/src/rtcmmessage.cpp.o[0m
[2.027s] [ 15%] [32mBuilding CXX object vnproglib-1.2.0.0/cpp/CMakeFiles/vncxx.dir/src/dllvalidator.cpp.o[0m
[2.027s] [ 21%] [32mBuilding CXX object vnproglib-1.2.0.0/cpp/CMakeFiles/vncxx.dir/src/attitude.cpp.o[0m
[2.027s] [ 21%] [32mBuilding CXX object CMakeFiles/vn_sensor_msgs_lib.dir/src/vn_sensor_msgs.cc.o[0m
[2.027s] [ 25%] [32mBuilding CXX object vnproglib-1.2.0.0/cpp/CMakeFiles/vncxx.dir/src/packet.cpp.o[0m
[2.027s] [ 25%] [32mBuilding CXX object vnproglib-1.2.0.0/cpp/CMakeFiles/vncxx.dir/src/conversions.cpp.o[0m
[2.027s] [ 31%] [32mBuilding CXX object vnproglib-1.2.0.0/cpp/CMakeFiles/vncxx.dir/src/position.cpp.o[0m
[2.028s] [ 34%] [32mBuilding CXX object vnproglib-1.2.0.0/cpp/CMakeFiles/vncxx.dir/src/criticalsection.cpp.o[0m
[2.028s] [ 37%] [32mBuilding CXX object vnproglib-1.2.0.0/cpp/CMakeFiles/vncxx.dir/src/port.cpp.o[0m
[2.028s] [ 37%] [32mBuilding CXX object vnproglib-1.2.0.0/cpp/CMakeFiles/vncxx.dir/src/error_detection.cpp.o[0m
[2.028s] [ 28%] [32mBuilding CXX object vnproglib-1.2.0.0/cpp/CMakeFiles/vncxx.dir/src/rtcmlistener.cpp.o[0m
[2.028s] [ 40%] [32mBuilding CXX object vnproglib-1.2.0.0/cpp/CMakeFiles/vncxx.dir/src/compositedata.cpp.o[0m
[2.028s] [ 46%] [32mBuilding CXX object vnproglib-1.2.0.0/cpp/CMakeFiles/vncxx.dir/src/ezasyncdata.cpp.o[0m
[2.028s] [ 46%] [32mBuilding CXX object vnproglib-1.2.0.0/cpp/CMakeFiles/vncxx.dir/src/packetfinder.cpp.o[0m
[2.031s] [ 50%] [32mBuilding CXX object vnproglib-1.2.0.0/cpp/CMakeFiles/vncxx.dir/src/memoryport.cpp.o[0m
[2.117s] [ 53%] [32mBuilding CXX object vnproglib-1.2.0.0/cpp/CMakeFiles/vncxx.dir/src/searcher.cpp.o[0m
[2.132s] [ 56%] [32mBuilding CXX object vnproglib-1.2.0.0/cpp/CMakeFiles/vncxx.dir/src/sensors.cpp.o[0m
[2.344s] [ 59%] [32mBuilding CXX object vnproglib-1.2.0.0/cpp/CMakeFiles/vncxx.dir/src/serialport.cpp.o[0m
[2.375s] [ 62%] [32mBuilding CXX object vnproglib-1.2.0.0/cpp/CMakeFiles/vncxx.dir/src/thread.cpp.o[0m
[2.405s] [ 65%] [32mBuilding CXX object vnproglib-1.2.0.0/cpp/CMakeFiles/vncxx.dir/src/types.cpp.o[0m
[2.429s] [ 68%] [32mBuilding CXX object vnproglib-1.2.0.0/cpp/CMakeFiles/vncxx.dir/src/util.cpp.o[0m
[2.477s] [ 71%] [32mBuilding CXX object vnproglib-1.2.0.0/cpp/CMakeFiles/vncxx.dir/src/utilities.cpp.o[0m
[2.503s] [ 75%] [32mBuilding CXX object vnproglib-1.2.0.0/cpp/CMakeFiles/vncxx.dir/src/vntime.cpp.o[0m
[3.161s] [ 78%] [32m[1mLinking CXX shared library libvncxx.so[0m
[3.299s] [ 78%] Built target vncxx
[3.329s] [ 81%] [32mBuilding CXX object CMakeFiles/vectornav_lib.dir/src/vectornav.cc.o[0m
[14.473s] [ 84%] [32m[1mLinking CXX shared library libvectornav_lib.so[0m
[15.206s] [ 84%] Built target vectornav_lib
[15.240s] [ 87%] [32mBuilding CXX object CMakeFiles/vectornav.dir/src/vectornav_node.cc.o[0m
[18.570s] [ 90%] [32m[1mLinking CXX executable vectornav[0m
[18.933s] [ 90%] Built target vectornav
[25.310s] [ 93%] [32m[1mLinking CXX shared library libvn_sensor_msgs_lib.so[0m
[26.814s] [ 93%] Built target vn_sensor_msgs_lib
[26.847s] [ 96%] [32mBuilding CXX object CMakeFiles/vn_sensor_msgs.dir/src/vn_sensor_msgs_node.cc.o[0m
[29.685s] [100%] [32m[1mLinking CXX executable vn_sensor_msgs[0m
[30.206s] [100%] Built target vn_sensor_msgs
[30.219s] Invoked command in '/home/deep/Modular_Recorder/vectornav/build/vectornav' returned '0': CMAKE_PREFIX_PATH=/home/deep/Modular_Recorder/vectornav/install/vectornav_msgs:/home/deep/Modular_Recorder/vectornav/install/vectornav:/home/deep/Modular_Recorder/install/vectornav:/home/deep/Modular_Recorder/install/vectornav_msgs:/home/deep/Modular_Recorder/install/hesai_ros_driver:/home/deep/zed_ros2/install/zed_ros2:/home/deep/zed_ros2/install/zed_robot_integration:/home/deep/zed_ros2/install/zed_ipc:/home/deep/zed_ros2/install/zed_multi_camera:/home/deep/zed_ros2/install/zed_isaac_ros_multi_camera:/home/deep/zed_ros2/install/zed_isaac_ros_april_tag:/home/deep/zed_ros2/install/zed_display_rviz2:/home/deep/zed_ros2/install/zed_depth_to_laserscan:/home/deep/zed_ros2/install/zed_wrapper:/home/deep/zed_ros2/install/zed_tutorial_video:/home/deep/zed_ros2/install/zed_tutorial_pos_tracking:/home/deep/zed_ros2/install/zed_tutorial_depth:/home/deep/zed_ros2/install/zed_topic_benchmark:/home/deep/zed_ros2/install/zed_topic_benchmark_component:/home/deep/zed_ros2/install/zed_topic_benchmark_interfaces:/home/deep/zed_ros2/install/zed_rgb_convert:/home/deep/zed_ros2/install/zed_isaac_ros_nitros_sub:/home/deep/zed_ros2/install/zed_aruco_localization:/home/deep/zed_ros2/install/zed_components:/home/deep/zed_ros2/install/rviz_plugin_zed_od:/home/deep/Desktop/vectornav/install/vectornav:/home/deep/Desktop/vectornav/install/vectornav_msgs:/home/deep/Desktop/Controls/install/fmdv_msgs:/home/deep/Desktop/EUFS/install/mppi_controller:/home/deep/Desktop/EUFS/install/eufs_sensors:/home/deep/Desktop/EUFS/install/eufs_plugins:/home/deep/Desktop/EUFS/install/eufs_models:/home/deep/Desktop/EUFS/install/eufs_msgs:/home/deep/Modular_Recorder/HesaiLidar_ROS_2.0/install/hesai_ros_driver:/home/deep/Modular_Recorder/install/zed2i:/home/deep/Modular_Recorder/install/driver:/home/deep/Desktop/Controls/install/fmdv_monitor:/home/deep/Desktop/Controls/install/fmdv_code:/home/deep/Desktop/EUFS/install/eufs_launcher:/home/deep/Desktop/EUFS/install/eufs_tracks:/home/deep/Desktop/EUFS/install/eufs_rqt:/home/deep/Desktop/EUFS/install/eufs_racecar:/opt/ros/humble LD_LIBRARY_PATH=/home/deep/Modular_Recorder/vectornav/install/vectornav_msgs/lib:/home/deep/Modular_Recorder/vectornav/install/vectornav/lib:/home/deep/Modular_Recorder/install/vectornav/lib:/home/deep/Modular_Recorder/install/vectornav_msgs/lib:/home/deep/Modular_Recorder/install/hesai_ros_driver/lib:/home/deep/zed_ros2/install/zed_ipc/lib:/home/deep/zed_ros2/install/zed_topic_benchmark_component/lib:/home/deep/zed_ros2/install/zed_topic_benchmark_interfaces/lib:/home/deep/zed_ros2/install/zed_rgb_convert/lib:/home/deep/zed_ros2/install/zed_aruco_localization/lib:/home/deep/zed_ros2/install/zed_components/lib:/home/deep/zed_ros2/install/rviz_plugin_zed_od/lib:/home/deep/Desktop/vectornav/install/vectornav/lib:/home/deep/Desktop/vectornav/install/vectornav_msgs/lib:/home/deep/Desktop/Controls/install/fmdv_msgs/lib:/home/deep/Desktop/EUFS/install/eufs_plugins/lib:/home/deep/Desktop/EUFS/install/eufs_models/lib:/home/deep/Desktop/EUFS/install/eufs_msgs/lib:/home/deep/Modular_Recorder/HesaiLidar_ROS_2.0/install/hesai_ros_driver/lib:/usr/local/cuda-12.2/lib64:/usr/local/cuda-12.2/lib64:/usr/lib/x86_64-linux-gnu/gazebo-11/plugins:/opt/ros/humble/opt/rviz_ogre_vendor/lib:/opt/ros/humble/lib/x86_64-linux-gnu:/opt/ros/humble/lib /usr/bin/cmake --build /home/deep/Modular_Recorder/vectornav/build/vectornav -- -j16 -l16
[30.221s] Invoking command in '/home/deep/Modular_Recorder/vectornav/build/vectornav': CMAKE_PREFIX_PATH=/home/deep/Modular_Recorder/vectornav/install/vectornav_msgs:/home/deep/Modular_Recorder/vectornav/install/vectornav:/home/deep/Modular_Recorder/install/vectornav:/home/deep/Modular_Recorder/install/vectornav_msgs:/home/deep/Modular_Recorder/install/hesai_ros_driver:/home/deep/zed_ros2/install/zed_ros2:/home/deep/zed_ros2/install/zed_robot_integration:/home/deep/zed_ros2/install/zed_ipc:/home/deep/zed_ros2/install/zed_multi_camera:/home/deep/zed_ros2/install/zed_isaac_ros_multi_camera:/home/deep/zed_ros2/install/zed_isaac_ros_april_tag:/home/deep/zed_ros2/install/zed_display_rviz2:/home/deep/zed_ros2/install/zed_depth_to_laserscan:/home/deep/zed_ros2/install/zed_wrapper:/home/deep/zed_ros2/install/zed_tutorial_video:/home/deep/zed_ros2/install/zed_tutorial_pos_tracking:/home/deep/zed_ros2/install/zed_tutorial_depth:/home/deep/zed_ros2/install/zed_topic_benchmark:/home/deep/zed_ros2/install/zed_topic_benchmark_component:/home/deep/zed_ros2/install/zed_topic_benchmark_interfaces:/home/deep/zed_ros2/install/zed_rgb_convert:/home/deep/zed_ros2/install/zed_isaac_ros_nitros_sub:/home/deep/zed_ros2/install/zed_aruco_localization:/home/deep/zed_ros2/install/zed_components:/home/deep/zed_ros2/install/rviz_plugin_zed_od:/home/deep/Desktop/vectornav/install/vectornav:/home/deep/Desktop/vectornav/install/vectornav_msgs:/home/deep/Desktop/Controls/install/fmdv_msgs:/home/deep/Desktop/EUFS/install/mppi_controller:/home/deep/Desktop/EUFS/install/eufs_sensors:/home/deep/Desktop/EUFS/install/eufs_plugins:/home/deep/Desktop/EUFS/install/eufs_models:/home/deep/Desktop/EUFS/install/eufs_msgs:/home/deep/Modular_Recorder/HesaiLidar_ROS_2.0/install/hesai_ros_driver:/home/deep/Modular_Recorder/install/zed2i:/home/deep/Modular_Recorder/install/driver:/home/deep/Desktop/Controls/install/fmdv_monitor:/home/deep/Desktop/Controls/install/fmdv_code:/home/deep/Desktop/EUFS/install/eufs_launcher:/home/deep/Desktop/EUFS/install/eufs_tracks:/home/deep/Desktop/EUFS/install/eufs_rqt:/home/deep/Desktop/EUFS/install/eufs_racecar:/opt/ros/humble LD_LIBRARY_PATH=/home/deep/Modular_Recorder/vectornav/install/vectornav_msgs/lib:/home/deep/Modular_Recorder/vectornav/install/vectornav/lib:/home/deep/Modular_Recorder/install/vectornav/lib:/home/deep/Modular_Recorder/install/vectornav_msgs/lib:/home/deep/Modular_Recorder/install/hesai_ros_driver/lib:/home/deep/zed_ros2/install/zed_ipc/lib:/home/deep/zed_ros2/install/zed_topic_benchmark_component/lib:/home/deep/zed_ros2/install/zed_topic_benchmark_interfaces/lib:/home/deep/zed_ros2/install/zed_rgb_convert/lib:/home/deep/zed_ros2/install/zed_aruco_localization/lib:/home/deep/zed_ros2/install/zed_components/lib:/home/deep/zed_ros2/install/rviz_plugin_zed_od/lib:/home/deep/Desktop/vectornav/install/vectornav/lib:/home/deep/Desktop/vectornav/install/vectornav_msgs/lib:/home/deep/Desktop/Controls/install/fmdv_msgs/lib:/home/deep/Desktop/EUFS/install/eufs_plugins/lib:/home/deep/Desktop/EUFS/install/eufs_models/lib:/home/deep/Desktop/EUFS/install/eufs_msgs/lib:/home/deep/Modular_Recorder/HesaiLidar_ROS_2.0/install/hesai_ros_driver/lib:/usr/local/cuda-12.2/lib64:/usr/local/cuda-12.2/lib64:/usr/lib/x86_64-linux-gnu/gazebo-11/plugins:/opt/ros/humble/opt/rviz_ogre_vendor/lib:/opt/ros/humble/lib/x86_64-linux-gnu:/opt/ros/humble/lib /usr/bin/cmake --install /home/deep/Modular_Recorder/vectornav/build/vectornav
[30.230s] -- Install configuration: ""
[30.230s] -- Installing: /home/deep/Modular_Recorder/vectornav/install/vectornav/lib/libvectornav_lib.so
[30.240s] -- Set runtime path of "/home/deep/Modular_Recorder/vectornav/install/vectornav/lib/libvectornav_lib.so" to ""
[30.240s] -- Installing: /home/deep/Modular_Recorder/vectornav/install/vectornav/lib/libvn_sensor_msgs_lib.so
[30.266s] -- Set runtime path of "/home/deep/Modular_Recorder/vectornav/install/vectornav/lib/libvn_sensor_msgs_lib.so" to ""
[30.266s] -- Installing: /home/deep/Modular_Recorder/vectornav/install/vectornav/lib/vectornav/vectornav
[30.267s] -- Set runtime path of "/home/deep/Modular_Recorder/vectornav/install/vectornav/lib/vectornav/vectornav" to ""
[30.267s] -- Installing: /home/deep/Modular_Recorder/vectornav/install/vectornav/lib/vectornav/vn_sensor_msgs
[30.267s] -- Set runtime path of "/home/deep/Modular_Recorder/vectornav/install/vectornav/lib/vectornav/vn_sensor_msgs" to ""
[30.267s] -- Installing: /home/deep/Modular_Recorder/vectornav/install/vectornav/share/vectornav//config
[30.267s] -- Installing: /home/deep/Modular_Recorder/vectornav/install/vectornav/share/vectornav//config/vn_sensor_msgs_composable.yaml
[30.267s] -- Installing: /home/deep/Modular_Recorder/vectornav/install/vectornav/share/vectornav//config/vn_100_800hz.yaml
[30.267s] -- Installing: /home/deep/Modular_Recorder/vectornav/install/vectornav/share/vectornav//config/vectornav.yaml
[30.268s] -- Installing: /home/deep/Modular_Recorder/vectornav/install/vectornav/share/vectornav//config/vectornav_composable.yaml
[30.268s] -- Installing: /home/deep/Modular_Recorder/vectornav/install/vectornav/share/vectornav//launch
[30.268s] -- Installing: /home/deep/Modular_Recorder/vectornav/install/vectornav/share/vectornav//launch/vectornav.launch.py
[30.268s] -- Installing: /home/deep/Modular_Recorder/vectornav/install/vectornav/share/vectornav//launch/vectornav_composable.launch.py
[30.268s] -- Installing: /home/deep/Modular_Recorder/vectornav/install/vectornav/share/ament_index/resource_index/package_run_dependencies/vectornav
[30.268s] -- Installing: /home/deep/Modular_Recorder/vectornav/install/vectornav/share/ament_index/resource_index/parent_prefix_path/vectornav
[30.269s] -- Installing: /home/deep/Modular_Recorder/vectornav/install/vectornav/share/vectornav/environment/ament_prefix_path.sh
[30.269s] -- Installing: /home/deep/Modular_Recorder/vectornav/install/vectornav/share/vectornav/environment/ament_prefix_path.dsv
[30.269s] -- Installing: /home/deep/Modular_Recorder/vectornav/install/vectornav/share/vectornav/environment/path.sh
[30.269s] -- Installing: /home/deep/Modular_Recorder/vectornav/install/vectornav/share/vectornav/environment/path.dsv
[30.269s] -- Installing: /home/deep/Modular_Recorder/vectornav/install/vectornav/share/vectornav/local_setup.bash
[30.269s] -- Installing: /home/deep/Modular_Recorder/vectornav/install/vectornav/share/vectornav/local_setup.sh
[30.269s] -- Installing: /home/deep/Modular_Recorder/vectornav/install/vectornav/share/vectornav/local_setup.zsh
[30.270s] -- Installing: /home/deep/Modular_Recorder/vectornav/install/vectornav/share/vectornav/local_setup.dsv
[30.270s] -- Installing: /home/deep/Modular_Recorder/vectornav/install/vectornav/share/vectornav/package.dsv
[30.270s] -- Installing: /home/deep/Modular_Recorder/vectornav/install/vectornav/share/ament_index/resource_index/packages/vectornav
[30.270s] -- Installing: /home/deep/Modular_Recorder/vectornav/install/vectornav/share/ament_index/resource_index/rclcpp_components/vectornav
[30.270s] -- Installing: /home/deep/Modular_Recorder/vectornav/install/vectornav/share/vectornav/cmake/ament_cmake_export_dependencies-extras.cmake
[30.271s] -- Installing: /home/deep/Modular_Recorder/vectornav/install/vectornav/share/vectornav/cmake/vectornavConfig.cmake
[30.271s] -- Installing: /home/deep/Modular_Recorder/vectornav/install/vectornav/share/vectornav/cmake/vectornavConfig-version.cmake
[30.271s] -- Installing: /home/deep/Modular_Recorder/vectornav/install/vectornav/share/vectornav/package.xml
[30.271s] -- Installing: /home/deep/Modular_Recorder/vectornav/install/vectornav/lib/libvncxx.so
[30.272s] -- Installing: /home/deep/Modular_Recorder/vectornav/install/vectornav/include/vn
[30.272s] -- Installing: /home/deep/Modular_Recorder/vectornav/install/vectornav/include/vn/consts.h
[30.272s] -- Installing: /home/deep/Modular_Recorder/vectornav/install/vectornav/include/vn/memoryport.h
[30.272s] -- Installing: /home/deep/Modular_Recorder/vectornav/install/vectornav/include/vn/serialport.h
[30.273s] -- Installing: /home/deep/Modular_Recorder/vectornav/install/vectornav/include/vn/dllvalidator.h
[30.273s] -- Installing: /home/deep/Modular_Recorder/vectornav/install/vectornav/include/vn/position.h
[30.273s] -- Installing: /home/deep/Modular_Recorder/vectornav/install/vectornav/include/vn/thread.h
[30.273s] -- Installing: /home/deep/Modular_Recorder/vectornav/install/vectornav/include/vn/event.h
[30.273s] -- Installing: /home/deep/Modular_Recorder/vectornav/install/vectornav/include/vn/criticalsection.h
[30.273s] -- Installing: /home/deep/Modular_Recorder/vectornav/install/vectornav/include/vn/signal.h
[30.274s] -- Installing: /home/deep/Modular_Recorder/vectornav/install/vectornav/include/vn/nocopy.h
[30.274s] -- Installing: /home/deep/Modular_Recorder/vectornav/install/vectornav/include/vn/boostpython.h
[30.274s] -- Installing: /home/deep/Modular_Recorder/vectornav/install/vectornav/include/vn/matrix.h
[30.274s] -- Installing: /home/deep/Modular_Recorder/vectornav/install/vectornav/include/vn/vntime.h
[30.275s] -- Installing: /home/deep/Modular_Recorder/vectornav/install/vectornav/include/vn/packet.h
[30.275s] -- Installing: /home/deep/Modular_Recorder/vectornav/install/vectornav/include/vn/mock.h
[30.275s] -- Installing: /home/deep/Modular_Recorder/vectornav/install/vectornav/include/vn/int.h
[30.275s] -- Installing: /home/deep/Modular_Recorder/vectornav/install/vectornav/include/vn/conversions.h
[30.275s] -- Installing: /home/deep/Modular_Recorder/vectornav/install/vectornav/include/vn/sensors.h
[30.276s] -- Installing: /home/deep/Modular_Recorder/vectornav/install/vectornav/include/vn/util.h
[30.276s] -- Installing: /home/deep/Modular_Recorder/vectornav/install/vectornav/include/vn/vector.h
[30.276s] -- Installing: /home/deep/Modular_Recorder/vectornav/install/vectornav/include/vn/rtcmmessage.h
[30.276s] -- Installing: /home/deep/Modular_Recorder/vectornav/install/vectornav/include/vn/error_detection.h
[30.276s] -- Installing: /home/deep/Modular_Recorder/vectornav/install/vectornav/include/vn/compositedata.h
[30.276s] -- Installing: /home/deep/Modular_Recorder/vectornav/install/vectornav/include/vn/types.h
[30.276s] -- Installing: /home/deep/Modular_Recorder/vectornav/install/vectornav/include/vn/export.h
[30.277s] -- Installing: /home/deep/Modular_Recorder/vectornav/install/vectornav/include/vn/ezasyncdata.h
[30.277s] -- Installing: /home/deep/Modular_Recorder/vectornav/install/vectornav/include/vn/packetfinder.h
[30.277s] -- Installing: /home/deep/Modular_Recorder/vectornav/install/vectornav/include/vn/utilities.h
[30.277s] -- Installing: /home/deep/Modular_Recorder/vectornav/install/vectornav/include/vn/searcher.h
[30.277s] -- Installing: /home/deep/Modular_Recorder/vectornav/install/vectornav/include/vn/registers.h
[30.277s] -- Installing: /home/deep/Modular_Recorder/vectornav/install/vectornav/include/vn/port.h
[30.277s] -- Installing: /home/deep/Modular_Recorder/vectornav/install/vectornav/include/vn/rtcmlistener.h
[30.278s] -- Installing: /home/deep/Modular_Recorder/vectornav/install/vectornav/include/vn/compiler.h
[30.278s] -- Installing: /home/deep/Modular_Recorder/vectornav/install/vectornav/include/vn/attitude.h
[30.278s] -- Installing: /home/deep/Modular_Recorder/vectornav/install/vectornav/include/vn/exceptions.h
[30.280s] Invoked command in '/home/deep/Modular_Recorder/vectornav/build/vectornav' returned '0': CMAKE_PREFIX_PATH=/home/deep/Modular_Recorder/vectornav/install/vectornav_msgs:/home/deep/Modular_Recorder/vectornav/install/vectornav:/home/deep/Modular_Recorder/install/vectornav:/home/deep/Modular_Recorder/install/vectornav_msgs:/home/deep/Modular_Recorder/install/hesai_ros_driver:/home/deep/zed_ros2/install/zed_ros2:/home/deep/zed_ros2/install/zed_robot_integration:/home/deep/zed_ros2/install/zed_ipc:/home/deep/zed_ros2/install/zed_multi_camera:/home/deep/zed_ros2/install/zed_isaac_ros_multi_camera:/home/deep/zed_ros2/install/zed_isaac_ros_april_tag:/home/deep/zed_ros2/install/zed_display_rviz2:/home/deep/zed_ros2/install/zed_depth_to_laserscan:/home/deep/zed_ros2/install/zed_wrapper:/home/deep/zed_ros2/install/zed_tutorial_video:/home/deep/zed_ros2/install/zed_tutorial_pos_tracking:/home/deep/zed_ros2/install/zed_tutorial_depth:/home/deep/zed_ros2/install/zed_topic_benchmark:/home/deep/zed_ros2/install/zed_topic_benchmark_component:/home/deep/zed_ros2/install/zed_topic_benchmark_interfaces:/home/deep/zed_ros2/install/zed_rgb_convert:/home/deep/zed_ros2/install/zed_isaac_ros_nitros_sub:/home/deep/zed_ros2/install/zed_aruco_localization:/home/deep/zed_ros2/install/zed_components:/home/deep/zed_ros2/install/rviz_plugin_zed_od:/home/deep/Desktop/vectornav/install/vectornav:/home/deep/Desktop/vectornav/install/vectornav_msgs:/home/deep/Desktop/Controls/install/fmdv_msgs:/home/deep/Desktop/EUFS/install/mppi_controller:/home/deep/Desktop/EUFS/install/eufs_sensors:/home/deep/Desktop/EUFS/install/eufs_plugins:/home/deep/Desktop/EUFS/install/eufs_models:/home/deep/Desktop/EUFS/install/eufs_msgs:/home/deep/Modular_Recorder/HesaiLidar_ROS_2.0/install/hesai_ros_driver:/home/deep/Modular_Recorder/install/zed2i:/home/deep/Modular_Recorder/install/driver:/home/deep/Desktop/Controls/install/fmdv_monitor:/home/deep/Desktop/Controls/install/fmdv_code:/home/deep/Desktop/EUFS/install/eufs_launcher:/home/deep/Desktop/EUFS/install/eufs_tracks:/home/deep/Desktop/EUFS/install/eufs_rqt:/home/deep/Desktop/EUFS/install/eufs_racecar:/opt/ros/humble LD_LIBRARY_PATH=/home/deep/Modular_Recorder/vectornav/install/vectornav_msgs/lib:/home/deep/Modular_Recorder/vectornav/install/vectornav/lib:/home/deep/Modular_Recorder/install/vectornav/lib:/home/deep/Modular_Recorder/install/vectornav_msgs/lib:/home/deep/Modular_Recorder/install/hesai_ros_driver/lib:/home/deep/zed_ros2/install/zed_ipc/lib:/home/deep/zed_ros2/install/zed_topic_benchmark_component/lib:/home/deep/zed_ros2/install/zed_topic_benchmark_interfaces/lib:/home/deep/zed_ros2/install/zed_rgb_convert/lib:/home/deep/zed_ros2/install/zed_aruco_localization/lib:/home/deep/zed_ros2/install/zed_components/lib:/home/deep/zed_ros2/install/rviz_plugin_zed_od/lib:/home/deep/Desktop/vectornav/install/vectornav/lib:/home/deep/Desktop/vectornav/install/vectornav_msgs/lib:/home/deep/Desktop/Controls/install/fmdv_msgs/lib:/home/deep/Desktop/EUFS/install/eufs_plugins/lib:/home/deep/Desktop/EUFS/install/eufs_models/lib:/home/deep/Desktop/EUFS/install/eufs_msgs/lib:/home/deep/Modular_Recorder/HesaiLidar_ROS_2.0/install/hesai_ros_driver/lib:/usr/local/cuda-12.2/lib64:/usr/local/cuda-12.2/lib64:/usr/lib/x86_64-linux-gnu/gazebo-11/plugins:/opt/ros/humble/opt/rviz_ogre_vendor/lib:/opt/ros/humble/lib/x86_64-linux-gnu:/opt/ros/humble/lib /usr/bin/cmake --install /home/deep/Modular_Recorder/vectornav/build/vectornav
