[0.015s] Invoking command in '/home/deep/Modular_Recorder/vectornav/build/vectornav_msgs': CMAKE_PREFIX_PATH=${CMAKE_PREFIX_PATH}:/home/deep/Modular_Recorder/install/zed2i:/home/deep/Modular_Recorder/install/driver:/home/deep/Desktop/Controls/install/fmdv_monitor:/home/deep/Desktop/Controls/install/fmdv_code:/home/deep/Desktop/EUFS/install/eufs_launcher:/home/deep/Desktop/EUFS/install/eufs_tracks:/home/deep/Desktop/EUFS/install/eufs_rqt:/home/deep/Desktop/EUFS/install/eufs_racecar:/opt/ros/humble /usr/bin/cmake /home/deep/Modular_Recorder/vectornav/vectornav_msgs -DCMAKE_INSTALL_PREFIX=/home/deep/Modular_Recorder/vectornav/install/vectornav_msgs
[0.114s] -- The C compiler identification is GNU 11.4.0
[0.182s] -- The CXX compiler identification is GNU 11.4.0
[0.191s] -- Detecting C compiler ABI info
[0.290s] -- Detecting C compiler ABI info - done
[0.296s] -- Check for working C compiler: /usr/bin/cc - skipped
[0.297s] -- Detecting C compile features
[0.297s] -- Detecting C compile features - done
[0.301s] -- Detecting CXX compiler ABI info
[0.415s] -- Detecting CXX compiler ABI info - done
[0.421s] -- Check for working CXX compiler: /usr/bin/c++ - skipped
[0.421s] -- Detecting CXX compile features
[0.422s] -- Detecting CXX compile features - done
[0.431s] -- Found ament_cmake: 1.3.13 (/opt/ros/humble/share/ament_cmake/cmake)
[0.641s] -- Found Python3: /usr/bin/python3 (found version "3.10.12") found components: Interpreter 
[0.833s] -- Found geometry_msgs: 4.9.1 (/opt/ros/humble/share/geometry_msgs/cmake)
[0.927s] -- Found rosidl_generator_c: 3.1.8 (/opt/ros/humble/share/rosidl_generator_c/cmake)
[0.944s] -- Found rosidl_adapter: 3.1.8 (/opt/ros/humble/share/rosidl_adapter/cmake)
[0.963s] -- Found rosidl_generator_cpp: 3.1.8 (/opt/ros/humble/share/rosidl_generator_cpp/cmake)
[0.989s] -- Using all available rosidl_typesupport_c: rosidl_typesupport_fastrtps_c;rosidl_typesupport_introspection_c
[1.023s] -- Using all available rosidl_typesupport_cpp: rosidl_typesupport_fastrtps_cpp;rosidl_typesupport_introspection_cpp
[1.081s] -- Found rosidl_default_generators: 1.2.0 (/opt/ros/humble/share/rosidl_default_generators/cmake)
[1.100s] [0mGrabbing messages action/MagCal.action[0m
[1.504s] -- Found ament_cmake_ros: 0.10.0 (/opt/ros/humble/share/ament_cmake_ros/cmake)
[1.955s] -- Using all available rosidl_typesupport_c: rosidl_typesupport_fastrtps_c;rosidl_typesupport_introspection_c
[2.127s] -- Using all available rosidl_typesupport_cpp: rosidl_typesupport_fastrtps_cpp;rosidl_typesupport_introspection_cpp
[2.153s] -- Found PythonInterp: /usr/bin/python3 (found suitable version "3.10.12", minimum required is "3.6") 
[2.160s] -- Found python_cmake_module: 0.10.0 (/opt/ros/humble/share/python_cmake_module/cmake)
[2.193s] -- Found PythonLibs: /usr/lib/x86_64-linux-gnu/libpython3.10.so (found suitable version "3.10.12", minimum required is "3.5") 
[2.193s] -- Using PYTHON_EXECUTABLE: /usr/bin/python3
[2.193s] -- Using PYTHON_INCLUDE_DIRS: /usr/include/python3.10
[2.193s] -- Using PYTHON_LIBRARIES: /usr/lib/x86_64-linux-gnu/libpython3.10.so
[2.217s] -- Found PythonExtra: .so  
[2.314s] -- Configuring done
[2.364s] -- Generating done
[2.377s] -- Build files have been written to: /home/deep/Modular_Recorder/vectornav/build/vectornav_msgs
[2.388s] Invoked command in '/home/deep/Modular_Recorder/vectornav/build/vectornav_msgs' returned '0': CMAKE_PREFIX_PATH=${CMAKE_PREFIX_PATH}:/home/deep/Modular_Recorder/install/zed2i:/home/deep/Modular_Recorder/install/driver:/home/deep/Desktop/Controls/install/fmdv_monitor:/home/deep/Desktop/Controls/install/fmdv_code:/home/deep/Desktop/EUFS/install/eufs_launcher:/home/deep/Desktop/EUFS/install/eufs_tracks:/home/deep/Desktop/EUFS/install/eufs_rqt:/home/deep/Desktop/EUFS/install/eufs_racecar:/opt/ros/humble /usr/bin/cmake /home/deep/Modular_Recorder/vectornav/vectornav_msgs -DCMAKE_INSTALL_PREFIX=/home/deep/Modular_Recorder/vectornav/install/vectornav_msgs
[2.390s] Invoking command in '/home/deep/Modular_Recorder/vectornav/build/vectornav_msgs': CMAKE_PREFIX_PATH=${CMAKE_PREFIX_PATH}:/home/deep/Modular_Recorder/install/zed2i:/home/deep/Modular_Recorder/install/driver:/home/deep/Desktop/Controls/install/fmdv_monitor:/home/deep/Desktop/Controls/install/fmdv_code:/home/deep/Desktop/EUFS/install/eufs_launcher:/home/deep/Desktop/EUFS/install/eufs_tracks:/home/deep/Desktop/EUFS/install/eufs_rqt:/home/deep/Desktop/EUFS/install/eufs_racecar:/opt/ros/humble /usr/bin/cmake --build /home/deep/Modular_Recorder/vectornav/build/vectornav_msgs -- -j16 -l16
[2.444s] [  1%] [34m[1mGenerating C code for ROS interfaces[0m
[2.459s] [  1%] [34m[1mGenerating C++ code for ROS interfaces[0m
[2.469s] [  1%] Built target ament_cmake_python_copy_vectornav_msgs
[2.766s] running egg_info
[2.767s] creating vectornav_msgs.egg-info
[2.767s] writing vectornav_msgs.egg-info/PKG-INFO
[2.767s] writing dependency_links to vectornav_msgs.egg-info/dependency_links.txt
[2.767s] writing top-level names to vectornav_msgs.egg-info/top_level.txt
[2.767s] writing manifest file 'vectornav_msgs.egg-info/SOURCES.txt'
[2.771s] reading manifest file 'vectornav_msgs.egg-info/SOURCES.txt'
[2.771s] writing manifest file 'vectornav_msgs.egg-info/SOURCES.txt'
[2.808s] [  1%] Built target ament_cmake_python_build_vectornav_msgs_egg
[4.144s] [  4%] [32mBuilding C object CMakeFiles/vectornav_msgs__rosidl_generator_c.dir/rosidl_generator_c/vectornav_msgs/msg/detail/dop__functions.c.o[0m
[4.144s] [  4%] [32mBuilding C object CMakeFiles/vectornav_msgs__rosidl_generator_c.dir/rosidl_generator_c/vectornav_msgs/msg/detail/common_group__functions.c.o[0m
[4.144s] [  4%] [32mBuilding C object CMakeFiles/vectornav_msgs__rosidl_generator_c.dir/rosidl_generator_c/vectornav_msgs/msg/detail/attitude_group__functions.c.o[0m
[4.144s] [  4%] [32mBuilding C object CMakeFiles/vectornav_msgs__rosidl_generator_c.dir/rosidl_generator_c/vectornav_msgs/msg/detail/gps_group__functions.c.o[0m
[4.144s] [  5%] [32mBuilding C object CMakeFiles/vectornav_msgs__rosidl_generator_c.dir/rosidl_generator_c/vectornav_msgs/msg/detail/imu_group__functions.c.o[0m
[4.145s] [  6%] [32mBuilding C object CMakeFiles/vectornav_msgs__rosidl_generator_c.dir/rosidl_generator_c/vectornav_msgs/msg/detail/time_group__functions.c.o[0m
[4.145s] [  7%] [32mBuilding C object CMakeFiles/vectornav_msgs__rosidl_generator_c.dir/rosidl_generator_c/vectornav_msgs/msg/detail/ins_status__functions.c.o[0m
[4.145s] [  8%] [32mBuilding C object CMakeFiles/vectornav_msgs__rosidl_generator_c.dir/rosidl_generator_c/vectornav_msgs/msg/detail/ins_group__functions.c.o[0m
[4.146s] [  8%] [32mBuilding C object CMakeFiles/vectornav_msgs__rosidl_generator_c.dir/rosidl_generator_c/vectornav_msgs/msg/detail/time_utc__functions.c.o[0m
[4.152s] [  9%] Built target vectornav_msgs__cpp
[4.152s] [  9%] [32mBuilding C object CMakeFiles/vectornav_msgs__rosidl_generator_c.dir/rosidl_generator_c/vectornav_msgs/action/detail/mag_cal__functions.c.o[0m
[4.152s] [ 10%] [32mBuilding C object CMakeFiles/vectornav_msgs__rosidl_generator_c.dir/rosidl_generator_c/vectornav_msgs/msg/detail/time_status__functions.c.o[0m
[4.152s] [ 11%] [32mBuilding C object CMakeFiles/vectornav_msgs__rosidl_generator_c.dir/rosidl_generator_c/vectornav_msgs/msg/detail/vpe_status__functions.c.o[0m
[4.177s] [ 12%] [34m[1mGenerating C++ type support for eProsima Fast-RTPS[0m
[4.177s] [ 12%] [34m[1mGenerating C++ type support dispatch for ROS interfaces[0m
[4.187s] [ 13%] [34m[1mGenerating C++ introspection for ROS interfaces[0m
[4.307s] [ 14%] [32m[1mLinking C shared library libvectornav_msgs__rosidl_generator_c.so[0m
[4.363s] [ 14%] Built target vectornav_msgs__rosidl_generator_c
[4.380s] [ 17%] [34m[1mGenerating C type support for eProsima Fast-RTPS[0m
[4.380s] [ 17%] [34m[1mGenerating C type support dispatch for ROS interfaces[0m
[4.380s] [ 17%] [34m[1mGenerating C introspection for ROS interfaces[0m
[5.506s] [ 19%] [32mBuilding CXX object CMakeFiles/vectornav_msgs__rosidl_typesupport_cpp.dir/rosidl_typesupport_cpp/vectornav_msgs/msg/imu_group__type_support.cpp.o[0m
[5.507s] [ 20%] [32mBuilding CXX object CMakeFiles/vectornav_msgs__rosidl_typesupport_cpp.dir/rosidl_typesupport_cpp/vectornav_msgs/msg/ins_group__type_support.cpp.o[0m
[5.507s] [ 21%] [32mBuilding CXX object CMakeFiles/vectornav_msgs__rosidl_typesupport_cpp.dir/rosidl_typesupport_cpp/vectornav_msgs/msg/attitude_group__type_support.cpp.o[0m
[5.507s] [ 22%] [32mBuilding CXX object CMakeFiles/vectornav_msgs__rosidl_typesupport_cpp.dir/rosidl_typesupport_cpp/vectornav_msgs/msg/common_group__type_support.cpp.o[0m
[5.507s] [ 22%] [32mBuilding CXX object CMakeFiles/vectornav_msgs__rosidl_typesupport_cpp.dir/rosidl_typesupport_cpp/vectornav_msgs/msg/time_group__type_support.cpp.o[0m
[5.507s] [ 22%] [32mBuilding CXX object CMakeFiles/vectornav_msgs__rosidl_typesupport_cpp.dir/rosidl_typesupport_cpp/vectornav_msgs/msg/dop__type_support.cpp.o[0m
[5.507s] [ 23%] [32mBuilding CXX object CMakeFiles/vectornav_msgs__rosidl_typesupport_cpp.dir/rosidl_typesupport_cpp/vectornav_msgs/msg/time_status__type_support.cpp.o[0m
[5.508s] [ 24%] [32mBuilding CXX object CMakeFiles/vectornav_msgs__rosidl_typesupport_cpp.dir/rosidl_typesupport_cpp/vectornav_msgs/msg/gps_group__type_support.cpp.o[0m
[5.508s] [ 25%] [32mBuilding CXX object CMakeFiles/vectornav_msgs__rosidl_typesupport_cpp.dir/rosidl_typesupport_cpp/vectornav_msgs/msg/time_utc__type_support.cpp.o[0m
[5.511s] [ 26%] [32mBuilding CXX object CMakeFiles/vectornav_msgs__rosidl_typesupport_cpp.dir/rosidl_typesupport_cpp/vectornav_msgs/msg/ins_status__type_support.cpp.o[0m
[5.513s] [ 26%] [32mBuilding CXX object CMakeFiles/vectornav_msgs__rosidl_typesupport_cpp.dir/rosidl_typesupport_cpp/vectornav_msgs/msg/vpe_status__type_support.cpp.o[0m
[6.025s] [ 27%] [32mBuilding CXX object CMakeFiles/vectornav_msgs__rosidl_typesupport_cpp.dir/rosidl_typesupport_cpp/vectornav_msgs/action/mag_cal__type_support.cpp.o[0m
[6.127s] [ 30%] [32mBuilding CXX object CMakeFiles/vectornav_msgs__rosidl_typesupport_introspection_cpp.dir/rosidl_typesupport_introspection_cpp/vectornav_msgs/msg/detail/ins_status__type_support.cpp.o[0m
[6.127s] [ 30%] [32mBuilding CXX object CMakeFiles/vectornav_msgs__rosidl_typesupport_introspection_cpp.dir/rosidl_typesupport_introspection_cpp/vectornav_msgs/msg/detail/common_group__type_support.cpp.o[0m
[6.128s] [ 30%] [32mBuilding CXX object CMakeFiles/vectornav_msgs__rosidl_typesupport_introspection_cpp.dir/rosidl_typesupport_introspection_cpp/vectornav_msgs/msg/detail/time_status__type_support.cpp.o[0m
[6.128s] [ 31%] [32mBuilding CXX object CMakeFiles/vectornav_msgs__rosidl_typesupport_introspection_cpp.dir/rosidl_typesupport_introspection_cpp/vectornav_msgs/msg/detail/imu_group__type_support.cpp.o[0m
[6.128s] [ 32%] [32mBuilding CXX object CMakeFiles/vectornav_msgs__rosidl_typesupport_introspection_cpp.dir/rosidl_typesupport_introspection_cpp/vectornav_msgs/msg/detail/attitude_group__type_support.cpp.o[0m
[6.128s] [ 32%] [32mBuilding CXX object CMakeFiles/vectornav_msgs__rosidl_typesupport_introspection_cpp.dir/rosidl_typesupport_introspection_cpp/vectornav_msgs/msg/detail/time_utc__type_support.cpp.o[0m
[6.128s] [ 31%] [32mBuilding CXX object CMakeFiles/vectornav_msgs__rosidl_typesupport_introspection_cpp.dir/rosidl_typesupport_introspection_cpp/vectornav_msgs/msg/detail/gps_group__type_support.cpp.o[0m
[6.130s] [ 33%] [32mBuilding CXX object CMakeFiles/vectornav_msgs__rosidl_typesupport_introspection_cpp.dir/rosidl_typesupport_introspection_cpp/vectornav_msgs/msg/detail/dop__type_support.cpp.o[0m
[6.137s] [ 34%] [32mBuilding CXX object CMakeFiles/vectornav_msgs__rosidl_typesupport_introspection_cpp.dir/rosidl_typesupport_introspection_cpp/vectornav_msgs/msg/detail/ins_group__type_support.cpp.o[0m
[6.141s] [ 35%] [32mBuilding CXX object CMakeFiles/vectornav_msgs__rosidl_typesupport_introspection_cpp.dir/rosidl_typesupport_introspection_cpp/vectornav_msgs/msg/detail/time_group__type_support.cpp.o[0m
[6.142s] [ 36%] [32mBuilding CXX object CMakeFiles/vectornav_msgs__rosidl_typesupport_c.dir/rosidl_typesupport_c/vectornav_msgs/msg/attitude_group__type_support.cpp.o[0m
[6.177s] [ 36%] [32mBuilding CXX object CMakeFiles/vectornav_msgs__rosidl_typesupport_c.dir/rosidl_typesupport_c/vectornav_msgs/msg/common_group__type_support.cpp.o[0m
[6.264s] [ 37%] [32mBuilding CXX object CMakeFiles/vectornav_msgs__rosidl_typesupport_c.dir/rosidl_typesupport_c/vectornav_msgs/msg/dop__type_support.cpp.o[0m
[6.400s] [ 38%] [32mBuilding CXX object CMakeFiles/vectornav_msgs__rosidl_typesupport_c.dir/rosidl_typesupport_c/vectornav_msgs/msg/gps_group__type_support.cpp.o[0m
[6.436s] [ 39%] [32mBuilding CXX object CMakeFiles/vectornav_msgs__rosidl_typesupport_introspection_cpp.dir/rosidl_typesupport_introspection_cpp/vectornav_msgs/msg/detail/vpe_status__type_support.cpp.o[0m
[6.526s] [ 40%] [32mBuilding CXX object CMakeFiles/vectornav_msgs__rosidl_typesupport_c.dir/rosidl_typesupport_c/vectornav_msgs/msg/imu_group__type_support.cpp.o[0m
[6.695s] [ 41%] [32mBuilding CXX object CMakeFiles/vectornav_msgs__rosidl_typesupport_c.dir/rosidl_typesupport_c/vectornav_msgs/msg/ins_group__type_support.cpp.o[0m
[6.809s] [ 42%] [32mBuilding CXX object CMakeFiles/vectornav_msgs__rosidl_typesupport_c.dir/rosidl_typesupport_c/vectornav_msgs/msg/ins_status__type_support.cpp.o[0m
[6.912s] [ 42%] [32mBuilding CXX object CMakeFiles/vectornav_msgs__rosidl_typesupport_c.dir/rosidl_typesupport_c/vectornav_msgs/msg/time_group__type_support.cpp.o[0m
[6.967s] [ 43%] [32mBuilding CXX object CMakeFiles/vectornav_msgs__rosidl_typesupport_c.dir/rosidl_typesupport_c/vectornav_msgs/msg/time_status__type_support.cpp.o[0m
[6.996s] [ 44%] [32mBuilding CXX object CMakeFiles/vectornav_msgs__rosidl_typesupport_c.dir/rosidl_typesupport_c/vectornav_msgs/msg/time_utc__type_support.cpp.o[0m
[7.007s] [ 45%] [32mBuilding CXX object CMakeFiles/vectornav_msgs__rosidl_typesupport_fastrtps_cpp.dir/rosidl_typesupport_fastrtps_cpp/vectornav_msgs/msg/detail/dds_fastrtps/attitude_group__type_support.cpp.o[0m
[7.017s] [ 46%] [32mBuilding CXX object CMakeFiles/vectornav_msgs__rosidl_typesupport_fastrtps_cpp.dir/rosidl_typesupport_fastrtps_cpp/vectornav_msgs/msg/detail/dds_fastrtps/common_group__type_support.cpp.o[0m
[7.026s] [ 47%] [32mBuilding CXX object CMakeFiles/vectornav_msgs__rosidl_typesupport_fastrtps_cpp.dir/rosidl_typesupport_fastrtps_cpp/vectornav_msgs/msg/detail/dds_fastrtps/dop__type_support.cpp.o[0m
[7.039s] [ 48%] [32mBuilding CXX object CMakeFiles/vectornav_msgs__rosidl_typesupport_fastrtps_cpp.dir/rosidl_typesupport_fastrtps_cpp/vectornav_msgs/msg/detail/dds_fastrtps/imu_group__type_support.cpp.o[0m
[7.044s] [ 49%] [32mBuilding CXX object CMakeFiles/vectornav_msgs__rosidl_typesupport_introspection_cpp.dir/rosidl_typesupport_introspection_cpp/vectornav_msgs/action/detail/mag_cal__type_support.cpp.o[0m
[7.044s] [ 50%] [32mBuilding CXX object CMakeFiles/vectornav_msgs__rosidl_typesupport_fastrtps_cpp.dir/rosidl_typesupport_fastrtps_cpp/vectornav_msgs/msg/detail/dds_fastrtps/gps_group__type_support.cpp.o[0m
[7.056s] [ 50%] [32mBuilding CXX object CMakeFiles/vectornav_msgs__rosidl_typesupport_fastrtps_cpp.dir/rosidl_typesupport_fastrtps_cpp/vectornav_msgs/msg/detail/dds_fastrtps/ins_group__type_support.cpp.o[0m
[7.061s] [ 51%] [32mBuilding CXX object CMakeFiles/vectornav_msgs__rosidl_typesupport_fastrtps_cpp.dir/rosidl_typesupport_fastrtps_cpp/vectornav_msgs/msg/detail/dds_fastrtps/ins_status__type_support.cpp.o[0m
[7.066s] [ 52%] [32mBuilding CXX object CMakeFiles/vectornav_msgs__rosidl_typesupport_c.dir/rosidl_typesupport_c/vectornav_msgs/msg/vpe_status__type_support.cpp.o[0m
[7.105s] [ 53%] [32mBuilding CXX object CMakeFiles/vectornav_msgs__rosidl_typesupport_fastrtps_cpp.dir/rosidl_typesupport_fastrtps_cpp/vectornav_msgs/msg/detail/dds_fastrtps/time_group__type_support.cpp.o[0m
[7.119s] [ 54%] [32mBuilding CXX object CMakeFiles/vectornav_msgs__rosidl_typesupport_fastrtps_cpp.dir/rosidl_typesupport_fastrtps_cpp/vectornav_msgs/msg/detail/dds_fastrtps/time_status__type_support.cpp.o[0m
[7.134s] [ 55%] [32m[1mLinking CXX shared library libvectornav_msgs__rosidl_typesupport_cpp.so[0m
[7.137s] [ 56%] [32mBuilding CXX object CMakeFiles/vectornav_msgs__rosidl_typesupport_c.dir/rosidl_typesupport_c/vectornav_msgs/action/mag_cal__type_support.cpp.o[0m
[7.178s] [ 57%] [32mBuilding C object CMakeFiles/vectornav_msgs__rosidl_typesupport_introspection_c.dir/rosidl_typesupport_introspection_c/vectornav_msgs/msg/detail/attitude_group__type_support.c.o[0m
[7.203s] [ 58%] [32mBuilding CXX object CMakeFiles/vectornav_msgs__rosidl_typesupport_fastrtps_cpp.dir/rosidl_typesupport_fastrtps_cpp/vectornav_msgs/msg/detail/dds_fastrtps/time_utc__type_support.cpp.o[0m
[7.247s] [ 59%] [32mBuilding CXX object CMakeFiles/vectornav_msgs__rosidl_typesupport_fastrtps_c.dir/rosidl_typesupport_fastrtps_c/vectornav_msgs/msg/detail/attitude_group__type_support_c.cpp.o[0m
[7.269s] [ 60%] [32m[1mLinking CXX shared library libvectornav_msgs__rosidl_typesupport_c.so[0m
[7.271s] [ 60%] Built target vectornav_msgs__rosidl_typesupport_cpp
[7.274s] [ 61%] [32mBuilding CXX object CMakeFiles/vectornav_msgs__rosidl_typesupport_fastrtps_c.dir/rosidl_typesupport_fastrtps_c/vectornav_msgs/msg/detail/common_group__type_support_c.cpp.o[0m
[7.323s] [ 62%] [32mBuilding C object CMakeFiles/vectornav_msgs__rosidl_typesupport_introspection_c.dir/rosidl_typesupport_introspection_c/vectornav_msgs/msg/detail/common_group__type_support.c.o[0m
[7.333s] [ 62%] [32mBuilding CXX object CMakeFiles/vectornav_msgs__rosidl_typesupport_fastrtps_c.dir/rosidl_typesupport_fastrtps_c/vectornav_msgs/msg/detail/dop__type_support_c.cpp.o[0m
[7.445s] [ 63%] [32mBuilding C object CMakeFiles/vectornav_msgs__rosidl_typesupport_introspection_c.dir/rosidl_typesupport_introspection_c/vectornav_msgs/msg/detail/dop__type_support.c.o[0m
[7.560s] [ 63%] Built target vectornav_msgs__rosidl_typesupport_c
[7.589s] [ 63%] [32mBuilding C object CMakeFiles/vectornav_msgs__rosidl_typesupport_introspection_c.dir/rosidl_typesupport_introspection_c/vectornav_msgs/msg/detail/gps_group__type_support.c.o[0m
[7.621s] [ 64%] [32mBuilding CXX object CMakeFiles/vectornav_msgs__rosidl_typesupport_fastrtps_c.dir/rosidl_typesupport_fastrtps_c/vectornav_msgs/msg/detail/gps_group__type_support_c.cpp.o[0m
[7.698s] [ 65%] [32mBuilding C object CMakeFiles/vectornav_msgs__rosidl_typesupport_introspection_c.dir/rosidl_typesupport_introspection_c/vectornav_msgs/msg/detail/imu_group__type_support.c.o[0m
[7.816s] [ 66%] [32mBuilding C object CMakeFiles/vectornav_msgs__rosidl_typesupport_introspection_c.dir/rosidl_typesupport_introspection_c/vectornav_msgs/msg/detail/ins_group__type_support.c.o[0m
[7.851s] [ 67%] [32mBuilding C object CMakeFiles/vectornav_msgs__rosidl_typesupport_introspection_c.dir/rosidl_typesupport_introspection_c/vectornav_msgs/msg/detail/ins_status__type_support.c.o[0m
[7.854s] [ 68%] [32mBuilding C object CMakeFiles/vectornav_msgs__rosidl_typesupport_introspection_c.dir/rosidl_typesupport_introspection_c/vectornav_msgs/msg/detail/time_group__type_support.c.o[0m
[7.863s] [ 69%] [32mBuilding CXX object CMakeFiles/vectornav_msgs__rosidl_typesupport_fastrtps_c.dir/rosidl_typesupport_fastrtps_c/vectornav_msgs/msg/detail/imu_group__type_support_c.cpp.o[0m
[7.866s] [ 70%] [32mBuilding CXX object CMakeFiles/vectornav_msgs__rosidl_typesupport_fastrtps_cpp.dir/rosidl_typesupport_fastrtps_cpp/vectornav_msgs/msg/detail/dds_fastrtps/vpe_status__type_support.cpp.o[0m
[7.892s] [ 70%] [32mBuilding CXX object CMakeFiles/vectornav_msgs__rosidl_typesupport_fastrtps_cpp.dir/rosidl_typesupport_fastrtps_cpp/vectornav_msgs/action/detail/dds_fastrtps/mag_cal__type_support.cpp.o[0m
[7.894s] [ 71%] [32mBuilding C object CMakeFiles/vectornav_msgs__rosidl_typesupport_introspection_c.dir/rosidl_typesupport_introspection_c/vectornav_msgs/msg/detail/time_status__type_support.c.o[0m
[7.937s] [ 72%] [32mBuilding CXX object CMakeFiles/vectornav_msgs__rosidl_typesupport_fastrtps_c.dir/rosidl_typesupport_fastrtps_c/vectornav_msgs/msg/detail/ins_status__type_support_c.cpp.o[0m
[7.943s] [ 74%] [32mBuilding CXX object CMakeFiles/vectornav_msgs__rosidl_typesupport_fastrtps_c.dir/rosidl_typesupport_fastrtps_c/vectornav_msgs/msg/detail/ins_group__type_support_c.cpp.o[0m
[7.944s] [ 75%] [32mBuilding C object CMakeFiles/vectornav_msgs__rosidl_typesupport_introspection_c.dir/rosidl_typesupport_introspection_c/vectornav_msgs/msg/detail/time_utc__type_support.c.o[0m
[7.945s] [ 75%] [32mBuilding CXX object CMakeFiles/vectornav_msgs__rosidl_typesupport_fastrtps_c.dir/rosidl_typesupport_fastrtps_c/vectornav_msgs/msg/detail/time_group__type_support_c.cpp.o[0m
[7.990s] [ 75%] [32mBuilding CXX object CMakeFiles/vectornav_msgs__rosidl_typesupport_fastrtps_c.dir/rosidl_typesupport_fastrtps_c/vectornav_msgs/msg/detail/time_status__type_support_c.cpp.o[0m
[7.990s] [ 76%] [32mBuilding C object CMakeFiles/vectornav_msgs__rosidl_typesupport_introspection_c.dir/rosidl_typesupport_introspection_c/vectornav_msgs/action/detail/mag_cal__type_support.c.o[0m
[7.990s] [ 76%] [32mBuilding C object CMakeFiles/vectornav_msgs__rosidl_typesupport_introspection_c.dir/rosidl_typesupport_introspection_c/vectornav_msgs/msg/detail/vpe_status__type_support.c.o[0m
[8.022s] [ 77%] [32mBuilding CXX object CMakeFiles/vectornav_msgs__rosidl_typesupport_fastrtps_c.dir/rosidl_typesupport_fastrtps_c/vectornav_msgs/msg/detail/time_utc__type_support_c.cpp.o[0m
[8.031s] [ 78%] [32mBuilding CXX object CMakeFiles/vectornav_msgs__rosidl_typesupport_fastrtps_c.dir/rosidl_typesupport_fastrtps_c/vectornav_msgs/msg/detail/vpe_status__type_support_c.cpp.o[0m
[8.054s] [ 79%] [32mBuilding CXX object CMakeFiles/vectornav_msgs__rosidl_typesupport_fastrtps_c.dir/rosidl_typesupport_fastrtps_c/vectornav_msgs/action/detail/mag_cal__type_support_c.cpp.o[0m
[8.100s] [ 80%] [32m[1mLinking C shared library libvectornav_msgs__rosidl_typesupport_introspection_c.so[0m
[8.214s] [ 80%] Built target vectornav_msgs__rosidl_typesupport_introspection_c
[8.309s] [ 81%] [32m[1mLinking CXX shared library libvectornav_msgs__rosidl_typesupport_introspection_cpp.so[0m
[8.572s] [ 81%] Built target vectornav_msgs__rosidl_typesupport_introspection_cpp
[8.637s] [ 82%] [32m[1mLinking CXX shared library libvectornav_msgs__rosidl_typesupport_fastrtps_c.so[0m
[8.719s] [ 83%] [32m[1mLinking CXX shared library libvectornav_msgs__rosidl_typesupport_fastrtps_cpp.so[0m
[8.733s] [ 83%] Built target vectornav_msgs__rosidl_typesupport_fastrtps_c
[8.803s] [ 83%] Built target vectornav_msgs__rosidl_typesupport_fastrtps_cpp
[8.831s] [ 83%] Built target vectornav_msgs
[8.859s] [ 84%] [34m[1mGenerating Python code for ROS interfaces[0m
[11.698s] [ 84%] Built target vectornav_msgs__py
[11.731s] [ 93%] [32mBuilding C object CMakeFiles/vectornav_msgs__rosidl_generator_py.dir/rosidl_generator_py/vectornav_msgs/msg/_imu_group_s.c.o[0m
[11.731s] [ 93%] [32mBuilding C object CMakeFiles/vectornav_msgs__rosidl_generator_py.dir/rosidl_generator_py/vectornav_msgs/msg/_time_group_s.c.o[0m
[11.732s] [ 93%] [32mBuilding C object CMakeFiles/vectornav_msgs__rosidl_generator_py.dir/rosidl_generator_py/vectornav_msgs/action/_mag_cal_s.c.o[0m
[11.732s] [ 93%] [32mBuilding C object CMakeFiles/vectornav_msgs__rosidl_generator_py.dir/rosidl_generator_py/vectornav_msgs/msg/_vpe_status_s.c.o[0m
[11.732s] [ 93%] [32mBuilding C object CMakeFiles/vectornav_msgs__rosidl_generator_py.dir/rosidl_generator_py/vectornav_msgs/msg/_gps_group_s.c.o[0m
[11.732s] [ 93%] [32mBuilding C object CMakeFiles/vectornav_msgs__rosidl_generator_py.dir/rosidl_generator_py/vectornav_msgs/msg/_ins_status_s.c.o[0m
[11.732s] [ 93%] [32mBuilding C object CMakeFiles/vectornav_msgs__rosidl_generator_py.dir/rosidl_generator_py/vectornav_msgs/msg/_ins_group_s.c.o[0m
[11.732s] [ 93%] [32mBuilding C object CMakeFiles/vectornav_msgs__rosidl_generator_py.dir/rosidl_generator_py/vectornav_msgs/msg/_dop_s.c.o[0m
[11.732s] [ 93%] [32mBuilding C object CMakeFiles/vectornav_msgs__rosidl_generator_py.dir/rosidl_generator_py/vectornav_msgs/msg/_common_group_s.c.o[0m
[11.732s] [ 93%] [32mBuilding C object CMakeFiles/vectornav_msgs__rosidl_generator_py.dir/rosidl_generator_py/vectornav_msgs/msg/_time_utc_s.c.o[0m
[11.732s] [ 94%] [32mBuilding C object CMakeFiles/vectornav_msgs__rosidl_generator_py.dir/rosidl_generator_py/vectornav_msgs/msg/_time_status_s.c.o[0m
[11.732s] [ 94%] [32mBuilding C object CMakeFiles/vectornav_msgs__rosidl_generator_py.dir/rosidl_generator_py/vectornav_msgs/msg/_attitude_group_s.c.o[0m
[11.948s] [ 95%] [32m[1mLinking C shared library rosidl_generator_py/vectornav_msgs/libvectornav_msgs__rosidl_generator_py.so[0m
[11.999s] [ 95%] Built target vectornav_msgs__rosidl_generator_py
[12.028s] [ 96%] [32mBuilding C object CMakeFiles/vectornav_msgs__rosidl_typesupport_c__pyext.dir/rosidl_generator_py/vectornav_msgs/_vectornav_msgs_s.ep.rosidl_typesupport_c.c.o[0m
[12.028s] [ 97%] [32mBuilding C object CMakeFiles/vectornav_msgs__rosidl_typesupport_fastrtps_c__pyext.dir/rosidl_generator_py/vectornav_msgs/_vectornav_msgs_s.ep.rosidl_typesupport_fastrtps_c.c.o[0m
[12.028s] [ 97%] [32mBuilding C object CMakeFiles/vectornav_msgs__rosidl_typesupport_introspection_c__pyext.dir/rosidl_generator_py/vectornav_msgs/_vectornav_msgs_s.ep.rosidl_typesupport_introspection_c.c.o[0m
[12.170s] [100%] [32m[1mLinking C shared library rosidl_generator_py/vectornav_msgs/vectornav_msgs_s__rosidl_typesupport_fastrtps_c.cpython-310-x86_64-linux-gnu.so[0m
[12.170s] [100%] [32m[1mLinking C shared library rosidl_generator_py/vectornav_msgs/vectornav_msgs_s__rosidl_typesupport_introspection_c.cpython-310-x86_64-linux-gnu.so[0m
[12.170s] [100%] [32m[1mLinking C shared library rosidl_generator_py/vectornav_msgs/vectornav_msgs_s__rosidl_typesupport_c.cpython-310-x86_64-linux-gnu.so[0m
[12.223s] [100%] Built target vectornav_msgs__rosidl_typesupport_c__pyext
[12.223s] [100%] Built target vectornav_msgs__rosidl_typesupport_fastrtps_c__pyext
[12.223s] [100%] Built target vectornav_msgs__rosidl_typesupport_introspection_c__pyext
[12.239s] Invoked command in '/home/deep/Modular_Recorder/vectornav/build/vectornav_msgs' returned '0': CMAKE_PREFIX_PATH=${CMAKE_PREFIX_PATH}:/home/deep/Modular_Recorder/install/zed2i:/home/deep/Modular_Recorder/install/driver:/home/deep/Desktop/Controls/install/fmdv_monitor:/home/deep/Desktop/Controls/install/fmdv_code:/home/deep/Desktop/EUFS/install/eufs_launcher:/home/deep/Desktop/EUFS/install/eufs_tracks:/home/deep/Desktop/EUFS/install/eufs_rqt:/home/deep/Desktop/EUFS/install/eufs_racecar:/opt/ros/humble /usr/bin/cmake --build /home/deep/Modular_Recorder/vectornav/build/vectornav_msgs -- -j16 -l16
[12.252s] Invoking command in '/home/deep/Modular_Recorder/vectornav/build/vectornav_msgs': CMAKE_PREFIX_PATH=${CMAKE_PREFIX_PATH}:/home/deep/Modular_Recorder/install/zed2i:/home/deep/Modular_Recorder/install/driver:/home/deep/Desktop/Controls/install/fmdv_monitor:/home/deep/Desktop/Controls/install/fmdv_code:/home/deep/Desktop/EUFS/install/eufs_launcher:/home/deep/Desktop/EUFS/install/eufs_tracks:/home/deep/Desktop/EUFS/install/eufs_rqt:/home/deep/Desktop/EUFS/install/eufs_racecar:/opt/ros/humble /usr/bin/cmake --install /home/deep/Modular_Recorder/vectornav/build/vectornav_msgs
[12.262s] -- Install configuration: ""
[12.262s] -- Installing: /home/deep/Modular_Recorder/vectornav/install/vectornav_msgs/share/ament_index/resource_index/rosidl_interfaces/vectornav_msgs
[12.262s] -- Installing: /home/deep/Modular_Recorder/vectornav/install/vectornav_msgs/include/vectornav_msgs/vectornav_msgs
[12.262s] -- Installing: /home/deep/Modular_Recorder/vectornav/install/vectornav_msgs/include/vectornav_msgs/vectornav_msgs/action
[12.262s] -- Installing: /home/deep/Modular_Recorder/vectornav/install/vectornav_msgs/include/vectornav_msgs/vectornav_msgs/action/mag_cal.h
[12.262s] -- Installing: /home/deep/Modular_Recorder/vectornav/install/vectornav_msgs/include/vectornav_msgs/vectornav_msgs/action/detail
[12.263s] -- Installing: /home/deep/Modular_Recorder/vectornav/install/vectornav_msgs/include/vectornav_msgs/vectornav_msgs/action/detail/mag_cal__type_support.h
[12.263s] -- Installing: /home/deep/Modular_Recorder/vectornav/install/vectornav_msgs/include/vectornav_msgs/vectornav_msgs/action/detail/mag_cal__struct.h
[12.263s] -- Installing: /home/deep/Modular_Recorder/vectornav/install/vectornav_msgs/include/vectornav_msgs/vectornav_msgs/action/detail/mag_cal__functions.h
[12.263s] -- Installing: /home/deep/Modular_Recorder/vectornav/install/vectornav_msgs/include/vectornav_msgs/vectornav_msgs/action/detail/mag_cal__functions.c
[12.263s] -- Installing: /home/deep/Modular_Recorder/vectornav/install/vectornav_msgs/include/vectornav_msgs/vectornav_msgs/msg
[12.263s] -- Installing: /home/deep/Modular_Recorder/vectornav/install/vectornav_msgs/include/vectornav_msgs/vectornav_msgs/msg/attitude_group.h
[12.263s] -- Installing: /home/deep/Modular_Recorder/vectornav/install/vectornav_msgs/include/vectornav_msgs/vectornav_msgs/msg/imu_group.h
[12.264s] -- Installing: /home/deep/Modular_Recorder/vectornav/install/vectornav_msgs/include/vectornav_msgs/vectornav_msgs/msg/detail
[12.264s] -- Installing: /home/deep/Modular_Recorder/vectornav/install/vectornav_msgs/include/vectornav_msgs/vectornav_msgs/msg/detail/time_status__type_support.h
[12.264s] -- Installing: /home/deep/Modular_Recorder/vectornav/install/vectornav_msgs/include/vectornav_msgs/vectornav_msgs/msg/detail/dop__functions.c
[12.264s] -- Installing: /home/deep/Modular_Recorder/vectornav/install/vectornav_msgs/include/vectornav_msgs/vectornav_msgs/msg/detail/vpe_status__struct.h
[12.264s] -- Installing: /home/deep/Modular_Recorder/vectornav/install/vectornav_msgs/include/vectornav_msgs/vectornav_msgs/msg/detail/dop__struct.h
[12.264s] -- Installing: /home/deep/Modular_Recorder/vectornav/install/vectornav_msgs/include/vectornav_msgs/vectornav_msgs/msg/detail/time_group__functions.h
[12.264s] -- Installing: /home/deep/Modular_Recorder/vectornav/install/vectornav_msgs/include/vectornav_msgs/vectornav_msgs/msg/detail/time_status__functions.h
[12.265s] -- Installing: /home/deep/Modular_Recorder/vectornav/install/vectornav_msgs/include/vectornav_msgs/vectornav_msgs/msg/detail/attitude_group__functions.h
[12.265s] -- Installing: /home/deep/Modular_Recorder/vectornav/install/vectornav_msgs/include/vectornav_msgs/vectornav_msgs/msg/detail/time_group__functions.c
[12.265s] -- Installing: /home/deep/Modular_Recorder/vectornav/install/vectornav_msgs/include/vectornav_msgs/vectornav_msgs/msg/detail/time_status__functions.c
[12.265s] -- Installing: /home/deep/Modular_Recorder/vectornav/install/vectornav_msgs/include/vectornav_msgs/vectornav_msgs/msg/detail/imu_group__functions.c
[12.265s] -- Installing: /home/deep/Modular_Recorder/vectornav/install/vectornav_msgs/include/vectornav_msgs/vectornav_msgs/msg/detail/imu_group__struct.h
[12.265s] -- Installing: /home/deep/Modular_Recorder/vectornav/install/vectornav_msgs/include/vectornav_msgs/vectornav_msgs/msg/detail/time_utc__functions.c
[12.265s] -- Installing: /home/deep/Modular_Recorder/vectornav/install/vectornav_msgs/include/vectornav_msgs/vectornav_msgs/msg/detail/ins_group__functions.h
[12.266s] -- Installing: /home/deep/Modular_Recorder/vectornav/install/vectornav_msgs/include/vectornav_msgs/vectornav_msgs/msg/detail/gps_group__functions.h
[12.266s] -- Installing: /home/deep/Modular_Recorder/vectornav/install/vectornav_msgs/include/vectornav_msgs/vectornav_msgs/msg/detail/attitude_group__struct.h
[12.266s] -- Installing: /home/deep/Modular_Recorder/vectornav/install/vectornav_msgs/include/vectornav_msgs/vectornav_msgs/msg/detail/time_group__struct.h
[12.266s] -- Installing: /home/deep/Modular_Recorder/vectornav/install/vectornav_msgs/include/vectornav_msgs/vectornav_msgs/msg/detail/time_utc__type_support.h
[12.266s] -- Installing: /home/deep/Modular_Recorder/vectornav/install/vectornav_msgs/include/vectornav_msgs/vectornav_msgs/msg/detail/attitude_group__type_support.h
[12.266s] -- Installing: /home/deep/Modular_Recorder/vectornav/install/vectornav_msgs/include/vectornav_msgs/vectornav_msgs/msg/detail/imu_group__functions.h
[12.266s] -- Installing: /home/deep/Modular_Recorder/vectornav/install/vectornav_msgs/include/vectornav_msgs/vectornav_msgs/msg/detail/gps_group__type_support.h
[12.267s] -- Installing: /home/deep/Modular_Recorder/vectornav/install/vectornav_msgs/include/vectornav_msgs/vectornav_msgs/msg/detail/vpe_status__type_support.h
[12.267s] -- Installing: /home/deep/Modular_Recorder/vectornav/install/vectornav_msgs/include/vectornav_msgs/vectornav_msgs/msg/detail/ins_group__struct.h
[12.267s] -- Installing: /home/deep/Modular_Recorder/vectornav/install/vectornav_msgs/include/vectornav_msgs/vectornav_msgs/msg/detail/dop__functions.h
[12.267s] -- Installing: /home/deep/Modular_Recorder/vectornav/install/vectornav_msgs/include/vectornav_msgs/vectornav_msgs/msg/detail/gps_group__functions.c
[12.267s] -- Installing: /home/deep/Modular_Recorder/vectornav/install/vectornav_msgs/include/vectornav_msgs/vectornav_msgs/msg/detail/ins_status__struct.h
[12.267s] -- Installing: /home/deep/Modular_Recorder/vectornav/install/vectornav_msgs/include/vectornav_msgs/vectornav_msgs/msg/detail/common_group__struct.h
[12.268s] -- Installing: /home/deep/Modular_Recorder/vectornav/install/vectornav_msgs/include/vectornav_msgs/vectornav_msgs/msg/detail/gps_group__struct.h
[12.268s] -- Installing: /home/deep/Modular_Recorder/vectornav/install/vectornav_msgs/include/vectornav_msgs/vectornav_msgs/msg/detail/ins_group__type_support.h
[12.268s] -- Installing: /home/deep/Modular_Recorder/vectornav/install/vectornav_msgs/include/vectornav_msgs/vectornav_msgs/msg/detail/common_group__functions.h
[12.268s] -- Installing: /home/deep/Modular_Recorder/vectornav/install/vectornav_msgs/include/vectornav_msgs/vectornav_msgs/msg/detail/attitude_group__functions.c
[12.268s] -- Installing: /home/deep/Modular_Recorder/vectornav/install/vectornav_msgs/include/vectornav_msgs/vectornav_msgs/msg/detail/ins_status__functions.c
[12.268s] -- Installing: /home/deep/Modular_Recorder/vectornav/install/vectornav_msgs/include/vectornav_msgs/vectornav_msgs/msg/detail/time_group__type_support.h
[12.268s] -- Installing: /home/deep/Modular_Recorder/vectornav/install/vectornav_msgs/include/vectornav_msgs/vectornav_msgs/msg/detail/ins_status__type_support.h
[12.269s] -- Installing: /home/deep/Modular_Recorder/vectornav/install/vectornav_msgs/include/vectornav_msgs/vectornav_msgs/msg/detail/time_utc__functions.h
[12.269s] -- Installing: /home/deep/Modular_Recorder/vectornav/install/vectornav_msgs/include/vectornav_msgs/vectornav_msgs/msg/detail/common_group__type_support.h
[12.269s] -- Installing: /home/deep/Modular_Recorder/vectornav/install/vectornav_msgs/include/vectornav_msgs/vectornav_msgs/msg/detail/ins_group__functions.c
[12.269s] -- Installing: /home/deep/Modular_Recorder/vectornav/install/vectornav_msgs/include/vectornav_msgs/vectornav_msgs/msg/detail/common_group__functions.c
[12.269s] -- Installing: /home/deep/Modular_Recorder/vectornav/install/vectornav_msgs/include/vectornav_msgs/vectornav_msgs/msg/detail/imu_group__type_support.h
[12.269s] -- Installing: /home/deep/Modular_Recorder/vectornav/install/vectornav_msgs/include/vectornav_msgs/vectornav_msgs/msg/detail/ins_status__functions.h
[12.270s] -- Installing: /home/deep/Modular_Recorder/vectornav/install/vectornav_msgs/include/vectornav_msgs/vectornav_msgs/msg/detail/time_status__struct.h
[12.270s] -- Installing: /home/deep/Modular_Recorder/vectornav/install/vectornav_msgs/include/vectornav_msgs/vectornav_msgs/msg/detail/vpe_status__functions.c
[12.270s] -- Installing: /home/deep/Modular_Recorder/vectornav/install/vectornav_msgs/include/vectornav_msgs/vectornav_msgs/msg/detail/dop__type_support.h
[12.270s] -- Installing: /home/deep/Modular_Recorder/vectornav/install/vectornav_msgs/include/vectornav_msgs/vectornav_msgs/msg/detail/vpe_status__functions.h
[12.270s] -- Installing: /home/deep/Modular_Recorder/vectornav/install/vectornav_msgs/include/vectornav_msgs/vectornav_msgs/msg/detail/time_utc__struct.h
[12.270s] -- Installing: /home/deep/Modular_Recorder/vectornav/install/vectornav_msgs/include/vectornav_msgs/vectornav_msgs/msg/rosidl_generator_c__visibility_control.h
[12.271s] -- Installing: /home/deep/Modular_Recorder/vectornav/install/vectornav_msgs/include/vectornav_msgs/vectornav_msgs/msg/vpe_status.h
[12.271s] -- Installing: /home/deep/Modular_Recorder/vectornav/install/vectornav_msgs/include/vectornav_msgs/vectornav_msgs/msg/time_status.h
[12.271s] -- Installing: /home/deep/Modular_Recorder/vectornav/install/vectornav_msgs/include/vectornav_msgs/vectornav_msgs/msg/gps_group.h
[12.271s] -- Installing: /home/deep/Modular_Recorder/vectornav/install/vectornav_msgs/include/vectornav_msgs/vectornav_msgs/msg/common_group.h
[12.271s] -- Installing: /home/deep/Modular_Recorder/vectornav/install/vectornav_msgs/include/vectornav_msgs/vectornav_msgs/msg/ins_group.h
[12.271s] -- Installing: /home/deep/Modular_Recorder/vectornav/install/vectornav_msgs/include/vectornav_msgs/vectornav_msgs/msg/time_utc.h
[12.271s] -- Installing: /home/deep/Modular_Recorder/vectornav/install/vectornav_msgs/include/vectornav_msgs/vectornav_msgs/msg/time_group.h
[12.271s] -- Installing: /home/deep/Modular_Recorder/vectornav/install/vectornav_msgs/include/vectornav_msgs/vectornav_msgs/msg/ins_status.h
[12.272s] -- Installing: /home/deep/Modular_Recorder/vectornav/install/vectornav_msgs/include/vectornav_msgs/vectornav_msgs/msg/dop.h
[12.272s] -- Installing: /home/deep/Modular_Recorder/vectornav/install/vectornav_msgs/share/vectornav_msgs/environment/library_path.sh
[12.272s] -- Installing: /home/deep/Modular_Recorder/vectornav/install/vectornav_msgs/share/vectornav_msgs/environment/library_path.dsv
[12.272s] -- Installing: /home/deep/Modular_Recorder/vectornav/install/vectornav_msgs/lib/libvectornav_msgs__rosidl_generator_c.so
[12.273s] -- Set runtime path of "/home/deep/Modular_Recorder/vectornav/install/vectornav_msgs/lib/libvectornav_msgs__rosidl_generator_c.so" to ""
[12.273s] -- Up-to-date: /home/deep/Modular_Recorder/vectornav/install/vectornav_msgs/include/vectornav_msgs/vectornav_msgs
[12.273s] -- Up-to-date: /home/deep/Modular_Recorder/vectornav/install/vectornav_msgs/include/vectornav_msgs/vectornav_msgs/action
[12.273s] -- Up-to-date: /home/deep/Modular_Recorder/vectornav/install/vectornav_msgs/include/vectornav_msgs/vectornav_msgs/action/detail
[12.273s] -- Installing: /home/deep/Modular_Recorder/vectornav/install/vectornav_msgs/include/vectornav_msgs/vectornav_msgs/action/detail/mag_cal__rosidl_typesupport_fastrtps_c.h
[12.273s] -- Up-to-date: /home/deep/Modular_Recorder/vectornav/install/vectornav_msgs/include/vectornav_msgs/vectornav_msgs/msg
[12.273s] -- Up-to-date: /home/deep/Modular_Recorder/vectornav/install/vectornav_msgs/include/vectornav_msgs/vectornav_msgs/msg/detail
[12.273s] -- Installing: /home/deep/Modular_Recorder/vectornav/install/vectornav_msgs/include/vectornav_msgs/vectornav_msgs/msg/detail/time_utc__rosidl_typesupport_fastrtps_c.h
[12.273s] -- Installing: /home/deep/Modular_Recorder/vectornav/install/vectornav_msgs/include/vectornav_msgs/vectornav_msgs/msg/detail/gps_group__rosidl_typesupport_fastrtps_c.h
[12.273s] -- Installing: /home/deep/Modular_Recorder/vectornav/install/vectornav_msgs/include/vectornav_msgs/vectornav_msgs/msg/detail/time_group__rosidl_typesupport_fastrtps_c.h
[12.274s] -- Installing: /home/deep/Modular_Recorder/vectornav/install/vectornav_msgs/include/vectornav_msgs/vectornav_msgs/msg/detail/imu_group__rosidl_typesupport_fastrtps_c.h
[12.274s] -- Installing: /home/deep/Modular_Recorder/vectornav/install/vectornav_msgs/include/vectornav_msgs/vectornav_msgs/msg/detail/ins_group__rosidl_typesupport_fastrtps_c.h
[12.274s] -- Installing: /home/deep/Modular_Recorder/vectornav/install/vectornav_msgs/include/vectornav_msgs/vectornav_msgs/msg/detail/dop__rosidl_typesupport_fastrtps_c.h
[12.274s] -- Installing: /home/deep/Modular_Recorder/vectornav/install/vectornav_msgs/include/vectornav_msgs/vectornav_msgs/msg/detail/vpe_status__rosidl_typesupport_fastrtps_c.h
[12.274s] -- Installing: /home/deep/Modular_Recorder/vectornav/install/vectornav_msgs/include/vectornav_msgs/vectornav_msgs/msg/detail/time_status__rosidl_typesupport_fastrtps_c.h
[12.274s] -- Installing: /home/deep/Modular_Recorder/vectornav/install/vectornav_msgs/include/vectornav_msgs/vectornav_msgs/msg/detail/attitude_group__rosidl_typesupport_fastrtps_c.h
[12.274s] -- Installing: /home/deep/Modular_Recorder/vectornav/install/vectornav_msgs/include/vectornav_msgs/vectornav_msgs/msg/detail/ins_status__rosidl_typesupport_fastrtps_c.h
[12.275s] -- Installing: /home/deep/Modular_Recorder/vectornav/install/vectornav_msgs/include/vectornav_msgs/vectornav_msgs/msg/detail/common_group__rosidl_typesupport_fastrtps_c.h
[12.275s] -- Installing: /home/deep/Modular_Recorder/vectornav/install/vectornav_msgs/include/vectornav_msgs/vectornav_msgs/msg/rosidl_typesupport_fastrtps_c__visibility_control.h
[12.275s] -- Installing: /home/deep/Modular_Recorder/vectornav/install/vectornav_msgs/lib/libvectornav_msgs__rosidl_typesupport_fastrtps_c.so
[12.275s] -- Set runtime path of "/home/deep/Modular_Recorder/vectornav/install/vectornav_msgs/lib/libvectornav_msgs__rosidl_typesupport_fastrtps_c.so" to ""
[12.276s] -- Up-to-date: /home/deep/Modular_Recorder/vectornav/install/vectornav_msgs/include/vectornav_msgs/vectornav_msgs
[12.276s] -- Up-to-date: /home/deep/Modular_Recorder/vectornav/install/vectornav_msgs/include/vectornav_msgs/vectornav_msgs/action
[12.276s] -- Up-to-date: /home/deep/Modular_Recorder/vectornav/install/vectornav_msgs/include/vectornav_msgs/vectornav_msgs/action/detail
[12.276s] -- Installing: /home/deep/Modular_Recorder/vectornav/install/vectornav_msgs/include/vectornav_msgs/vectornav_msgs/action/detail/mag_cal__builder.hpp
[12.276s] -- Installing: /home/deep/Modular_Recorder/vectornav/install/vectornav_msgs/include/vectornav_msgs/vectornav_msgs/action/detail/mag_cal__type_support.hpp
[12.276s] -- Installing: /home/deep/Modular_Recorder/vectornav/install/vectornav_msgs/include/vectornav_msgs/vectornav_msgs/action/detail/mag_cal__struct.hpp
[12.276s] -- Installing: /home/deep/Modular_Recorder/vectornav/install/vectornav_msgs/include/vectornav_msgs/vectornav_msgs/action/detail/mag_cal__traits.hpp
[12.276s] -- Installing: /home/deep/Modular_Recorder/vectornav/install/vectornav_msgs/include/vectornav_msgs/vectornav_msgs/action/mag_cal.hpp
[12.276s] -- Up-to-date: /home/deep/Modular_Recorder/vectornav/install/vectornav_msgs/include/vectornav_msgs/vectornav_msgs/msg
[12.276s] -- Installing: /home/deep/Modular_Recorder/vectornav/install/vectornav_msgs/include/vectornav_msgs/vectornav_msgs/msg/ins_group.hpp
[12.277s] -- Installing: /home/deep/Modular_Recorder/vectornav/install/vectornav_msgs/include/vectornav_msgs/vectornav_msgs/msg/time_status.hpp
[12.277s] -- Installing: /home/deep/Modular_Recorder/vectornav/install/vectornav_msgs/include/vectornav_msgs/vectornav_msgs/msg/gps_group.hpp
[12.277s] -- Installing: /home/deep/Modular_Recorder/vectornav/install/vectornav_msgs/include/vectornav_msgs/vectornav_msgs/msg/ins_status.hpp
[12.277s] -- Up-to-date: /home/deep/Modular_Recorder/vectornav/install/vectornav_msgs/include/vectornav_msgs/vectornav_msgs/msg/detail
[12.277s] -- Installing: /home/deep/Modular_Recorder/vectornav/install/vectornav_msgs/include/vectornav_msgs/vectornav_msgs/msg/detail/time_group__builder.hpp
[12.277s] -- Installing: /home/deep/Modular_Recorder/vectornav/install/vectornav_msgs/include/vectornav_msgs/vectornav_msgs/msg/detail/ins_group__type_support.hpp
[12.277s] -- Installing: /home/deep/Modular_Recorder/vectornav/install/vectornav_msgs/include/vectornav_msgs/vectornav_msgs/msg/detail/vpe_status__struct.hpp
[12.278s] -- Installing: /home/deep/Modular_Recorder/vectornav/install/vectornav_msgs/include/vectornav_msgs/vectornav_msgs/msg/detail/dop__type_support.hpp
[12.278s] -- Installing: /home/deep/Modular_Recorder/vectornav/install/vectornav_msgs/include/vectornav_msgs/vectornav_msgs/msg/detail/gps_group__builder.hpp
[12.278s] -- Installing: /home/deep/Modular_Recorder/vectornav/install/vectornav_msgs/include/vectornav_msgs/vectornav_msgs/msg/detail/attitude_group__traits.hpp
[12.278s] -- Installing: /home/deep/Modular_Recorder/vectornav/install/vectornav_msgs/include/vectornav_msgs/vectornav_msgs/msg/detail/gps_group__type_support.hpp
[12.278s] -- Installing: /home/deep/Modular_Recorder/vectornav/install/vectornav_msgs/include/vectornav_msgs/vectornav_msgs/msg/detail/ins_status__builder.hpp
[12.278s] -- Installing: /home/deep/Modular_Recorder/vectornav/install/vectornav_msgs/include/vectornav_msgs/vectornav_msgs/msg/detail/time_group__struct.hpp
[12.278s] -- Installing: /home/deep/Modular_Recorder/vectornav/install/vectornav_msgs/include/vectornav_msgs/vectornav_msgs/msg/detail/time_utc__traits.hpp
[12.279s] -- Installing: /home/deep/Modular_Recorder/vectornav/install/vectornav_msgs/include/vectornav_msgs/vectornav_msgs/msg/detail/dop__struct.hpp
[12.279s] -- Installing: /home/deep/Modular_Recorder/vectornav/install/vectornav_msgs/include/vectornav_msgs/vectornav_msgs/msg/detail/time_status__struct.hpp
[12.279s] -- Installing: /home/deep/Modular_Recorder/vectornav/install/vectornav_msgs/include/vectornav_msgs/vectornav_msgs/msg/detail/vpe_status__type_support.hpp
[12.279s] -- Installing: /home/deep/Modular_Recorder/vectornav/install/vectornav_msgs/include/vectornav_msgs/vectornav_msgs/msg/detail/time_group__traits.hpp
[12.279s] -- Installing: /home/deep/Modular_Recorder/vectornav/install/vectornav_msgs/include/vectornav_msgs/vectornav_msgs/msg/detail/dop__traits.hpp
[12.279s] -- Installing: /home/deep/Modular_Recorder/vectornav/install/vectornav_msgs/include/vectornav_msgs/vectornav_msgs/msg/detail/time_utc__struct.hpp
[12.280s] -- Installing: /home/deep/Modular_Recorder/vectornav/install/vectornav_msgs/include/vectornav_msgs/vectornav_msgs/msg/detail/common_group__builder.hpp
[12.280s] -- Installing: /home/deep/Modular_Recorder/vectornav/install/vectornav_msgs/include/vectornav_msgs/vectornav_msgs/msg/detail/ins_status__type_support.hpp
[12.280s] -- Installing: /home/deep/Modular_Recorder/vectornav/install/vectornav_msgs/include/vectornav_msgs/vectornav_msgs/msg/detail/ins_status__traits.hpp
[12.280s] -- Installing: /home/deep/Modular_Recorder/vectornav/install/vectornav_msgs/include/vectornav_msgs/vectornav_msgs/msg/detail/time_utc__type_support.hpp
[12.280s] -- Installing: /home/deep/Modular_Recorder/vectornav/install/vectornav_msgs/include/vectornav_msgs/vectornav_msgs/msg/detail/imu_group__struct.hpp
[12.280s] -- Installing: /home/deep/Modular_Recorder/vectornav/install/vectornav_msgs/include/vectornav_msgs/vectornav_msgs/msg/detail/gps_group__struct.hpp
[12.280s] -- Installing: /home/deep/Modular_Recorder/vectornav/install/vectornav_msgs/include/vectornav_msgs/vectornav_msgs/msg/detail/time_group__type_support.hpp
[12.281s] -- Installing: /home/deep/Modular_Recorder/vectornav/install/vectornav_msgs/include/vectornav_msgs/vectornav_msgs/msg/detail/imu_group__type_support.hpp
[12.281s] -- Installing: /home/deep/Modular_Recorder/vectornav/install/vectornav_msgs/include/vectornav_msgs/vectornav_msgs/msg/detail/ins_group__struct.hpp
[12.281s] -- Installing: /home/deep/Modular_Recorder/vectornav/install/vectornav_msgs/include/vectornav_msgs/vectornav_msgs/msg/detail/time_status__type_support.hpp
[12.281s] -- Installing: /home/deep/Modular_Recorder/vectornav/install/vectornav_msgs/include/vectornav_msgs/vectornav_msgs/msg/detail/vpe_status__builder.hpp
[12.281s] -- Installing: /home/deep/Modular_Recorder/vectornav/install/vectornav_msgs/include/vectornav_msgs/vectornav_msgs/msg/detail/vpe_status__traits.hpp
[12.281s] -- Installing: /home/deep/Modular_Recorder/vectornav/install/vectornav_msgs/include/vectornav_msgs/vectornav_msgs/msg/detail/time_utc__builder.hpp
[12.281s] -- Installing: /home/deep/Modular_Recorder/vectornav/install/vectornav_msgs/include/vectornav_msgs/vectornav_msgs/msg/detail/ins_group__builder.hpp
[12.282s] -- Installing: /home/deep/Modular_Recorder/vectornav/install/vectornav_msgs/include/vectornav_msgs/vectornav_msgs/msg/detail/attitude_group__type_support.hpp
[12.282s] -- Installing: /home/deep/Modular_Recorder/vectornav/install/vectornav_msgs/include/vectornav_msgs/vectornav_msgs/msg/detail/attitude_group__struct.hpp
[12.282s] -- Installing: /home/deep/Modular_Recorder/vectornav/install/vectornav_msgs/include/vectornav_msgs/vectornav_msgs/msg/detail/dop__builder.hpp
[12.282s] -- Installing: /home/deep/Modular_Recorder/vectornav/install/vectornav_msgs/include/vectornav_msgs/vectornav_msgs/msg/detail/ins_status__struct.hpp
[12.282s] -- Installing: /home/deep/Modular_Recorder/vectornav/install/vectornav_msgs/include/vectornav_msgs/vectornav_msgs/msg/detail/attitude_group__builder.hpp
[12.282s] -- Installing: /home/deep/Modular_Recorder/vectornav/install/vectornav_msgs/include/vectornav_msgs/vectornav_msgs/msg/detail/time_status__builder.hpp
[12.283s] -- Installing: /home/deep/Modular_Recorder/vectornav/install/vectornav_msgs/include/vectornav_msgs/vectornav_msgs/msg/detail/time_status__traits.hpp
[12.283s] -- Installing: /home/deep/Modular_Recorder/vectornav/install/vectornav_msgs/include/vectornav_msgs/vectornav_msgs/msg/detail/gps_group__traits.hpp
[12.283s] -- Installing: /home/deep/Modular_Recorder/vectornav/install/vectornav_msgs/include/vectornav_msgs/vectornav_msgs/msg/detail/imu_group__traits.hpp
[12.283s] -- Installing: /home/deep/Modular_Recorder/vectornav/install/vectornav_msgs/include/vectornav_msgs/vectornav_msgs/msg/detail/common_group__struct.hpp
[12.283s] -- Installing: /home/deep/Modular_Recorder/vectornav/install/vectornav_msgs/include/vectornav_msgs/vectornav_msgs/msg/detail/imu_group__builder.hpp
[12.283s] -- Installing: /home/deep/Modular_Recorder/vectornav/install/vectornav_msgs/include/vectornav_msgs/vectornav_msgs/msg/detail/common_group__traits.hpp
[12.283s] -- Installing: /home/deep/Modular_Recorder/vectornav/install/vectornav_msgs/include/vectornav_msgs/vectornav_msgs/msg/detail/common_group__type_support.hpp
[12.284s] -- Installing: /home/deep/Modular_Recorder/vectornav/install/vectornav_msgs/include/vectornav_msgs/vectornav_msgs/msg/detail/ins_group__traits.hpp
[12.284s] -- Installing: /home/deep/Modular_Recorder/vectornav/install/vectornav_msgs/include/vectornav_msgs/vectornav_msgs/msg/vpe_status.hpp
[12.284s] -- Installing: /home/deep/Modular_Recorder/vectornav/install/vectornav_msgs/include/vectornav_msgs/vectornav_msgs/msg/common_group.hpp
[12.284s] -- Installing: /home/deep/Modular_Recorder/vectornav/install/vectornav_msgs/include/vectornav_msgs/vectornav_msgs/msg/dop.hpp
[12.284s] -- Installing: /home/deep/Modular_Recorder/vectornav/install/vectornav_msgs/include/vectornav_msgs/vectornav_msgs/msg/time_group.hpp
[12.284s] -- Installing: /home/deep/Modular_Recorder/vectornav/install/vectornav_msgs/include/vectornav_msgs/vectornav_msgs/msg/imu_group.hpp
[12.285s] -- Installing: /home/deep/Modular_Recorder/vectornav/install/vectornav_msgs/include/vectornav_msgs/vectornav_msgs/msg/time_utc.hpp
[12.285s] -- Installing: /home/deep/Modular_Recorder/vectornav/install/vectornav_msgs/include/vectornav_msgs/vectornav_msgs/msg/attitude_group.hpp
[12.285s] -- Installing: /home/deep/Modular_Recorder/vectornav/install/vectornav_msgs/include/vectornav_msgs/vectornav_msgs/msg/rosidl_generator_cpp__visibility_control.hpp
[12.285s] -- Up-to-date: /home/deep/Modular_Recorder/vectornav/install/vectornav_msgs/include/vectornav_msgs/vectornav_msgs
[12.285s] -- Up-to-date: /home/deep/Modular_Recorder/vectornav/install/vectornav_msgs/include/vectornav_msgs/vectornav_msgs/action
[12.285s] -- Up-to-date: /home/deep/Modular_Recorder/vectornav/install/vectornav_msgs/include/vectornav_msgs/vectornav_msgs/action/detail
[12.285s] -- Installing: /home/deep/Modular_Recorder/vectornav/install/vectornav_msgs/include/vectornav_msgs/vectornav_msgs/action/detail/dds_fastrtps
[12.285s] -- Installing: /home/deep/Modular_Recorder/vectornav/install/vectornav_msgs/include/vectornav_msgs/vectornav_msgs/action/detail/mag_cal__rosidl_typesupport_fastrtps_cpp.hpp
[12.285s] -- Up-to-date: /home/deep/Modular_Recorder/vectornav/install/vectornav_msgs/include/vectornav_msgs/vectornav_msgs/msg
[12.285s] -- Installing: /home/deep/Modular_Recorder/vectornav/install/vectornav_msgs/include/vectornav_msgs/vectornav_msgs/msg/rosidl_typesupport_fastrtps_cpp__visibility_control.h
[12.286s] -- Up-to-date: /home/deep/Modular_Recorder/vectornav/install/vectornav_msgs/include/vectornav_msgs/vectornav_msgs/msg/detail
[12.286s] -- Installing: /home/deep/Modular_Recorder/vectornav/install/vectornav_msgs/include/vectornav_msgs/vectornav_msgs/msg/detail/common_group__rosidl_typesupport_fastrtps_cpp.hpp
[12.286s] -- Installing: /home/deep/Modular_Recorder/vectornav/install/vectornav_msgs/include/vectornav_msgs/vectornav_msgs/msg/detail/ins_status__rosidl_typesupport_fastrtps_cpp.hpp
[12.286s] -- Installing: /home/deep/Modular_Recorder/vectornav/install/vectornav_msgs/include/vectornav_msgs/vectornav_msgs/msg/detail/attitude_group__rosidl_typesupport_fastrtps_cpp.hpp
[12.286s] -- Installing: /home/deep/Modular_Recorder/vectornav/install/vectornav_msgs/include/vectornav_msgs/vectornav_msgs/msg/detail/dds_fastrtps
[12.286s] -- Installing: /home/deep/Modular_Recorder/vectornav/install/vectornav_msgs/include/vectornav_msgs/vectornav_msgs/msg/detail/time_status__rosidl_typesupport_fastrtps_cpp.hpp
[12.286s] -- Installing: /home/deep/Modular_Recorder/vectornav/install/vectornav_msgs/include/vectornav_msgs/vectornav_msgs/msg/detail/time_group__rosidl_typesupport_fastrtps_cpp.hpp
[12.287s] -- Installing: /home/deep/Modular_Recorder/vectornav/install/vectornav_msgs/include/vectornav_msgs/vectornav_msgs/msg/detail/gps_group__rosidl_typesupport_fastrtps_cpp.hpp
[12.287s] -- Installing: /home/deep/Modular_Recorder/vectornav/install/vectornav_msgs/include/vectornav_msgs/vectornav_msgs/msg/detail/dop__rosidl_typesupport_fastrtps_cpp.hpp
[12.287s] -- Installing: /home/deep/Modular_Recorder/vectornav/install/vectornav_msgs/include/vectornav_msgs/vectornav_msgs/msg/detail/time_utc__rosidl_typesupport_fastrtps_cpp.hpp
[12.287s] -- Installing: /home/deep/Modular_Recorder/vectornav/install/vectornav_msgs/include/vectornav_msgs/vectornav_msgs/msg/detail/imu_group__rosidl_typesupport_fastrtps_cpp.hpp
[12.287s] -- Installing: /home/deep/Modular_Recorder/vectornav/install/vectornav_msgs/include/vectornav_msgs/vectornav_msgs/msg/detail/ins_group__rosidl_typesupport_fastrtps_cpp.hpp
[12.287s] -- Installing: /home/deep/Modular_Recorder/vectornav/install/vectornav_msgs/include/vectornav_msgs/vectornav_msgs/msg/detail/vpe_status__rosidl_typesupport_fastrtps_cpp.hpp
[12.287s] -- Installing: /home/deep/Modular_Recorder/vectornav/install/vectornav_msgs/lib/libvectornav_msgs__rosidl_typesupport_fastrtps_cpp.so
[12.288s] -- Set runtime path of "/home/deep/Modular_Recorder/vectornav/install/vectornav_msgs/lib/libvectornav_msgs__rosidl_typesupport_fastrtps_cpp.so" to ""
[12.288s] -- Up-to-date: /home/deep/Modular_Recorder/vectornav/install/vectornav_msgs/include/vectornav_msgs/vectornav_msgs
[12.288s] -- Up-to-date: /home/deep/Modular_Recorder/vectornav/install/vectornav_msgs/include/vectornav_msgs/vectornav_msgs/action
[12.288s] -- Up-to-date: /home/deep/Modular_Recorder/vectornav/install/vectornav_msgs/include/vectornav_msgs/vectornav_msgs/action/detail
[12.288s] -- Installing: /home/deep/Modular_Recorder/vectornav/install/vectornav_msgs/include/vectornav_msgs/vectornav_msgs/action/detail/mag_cal__rosidl_typesupport_introspection_c.h
[12.288s] -- Installing: /home/deep/Modular_Recorder/vectornav/install/vectornav_msgs/include/vectornav_msgs/vectornav_msgs/action/detail/mag_cal__type_support.c
[12.288s] -- Up-to-date: /home/deep/Modular_Recorder/vectornav/install/vectornav_msgs/include/vectornav_msgs/vectornav_msgs/msg
[12.289s] -- Up-to-date: /home/deep/Modular_Recorder/vectornav/install/vectornav_msgs/include/vectornav_msgs/vectornav_msgs/msg/detail
[12.289s] -- Installing: /home/deep/Modular_Recorder/vectornav/install/vectornav_msgs/include/vectornav_msgs/vectornav_msgs/msg/detail/ins_group__type_support.c
[12.289s] -- Installing: /home/deep/Modular_Recorder/vectornav/install/vectornav_msgs/include/vectornav_msgs/vectornav_msgs/msg/detail/time_group__type_support.c
[12.289s] -- Installing: /home/deep/Modular_Recorder/vectornav/install/vectornav_msgs/include/vectornav_msgs/vectornav_msgs/msg/detail/gps_group__type_support.c
[12.289s] -- Installing: /home/deep/Modular_Recorder/vectornav/install/vectornav_msgs/include/vectornav_msgs/vectornav_msgs/msg/detail/imu_group__rosidl_typesupport_introspection_c.h
[12.289s] -- Installing: /home/deep/Modular_Recorder/vectornav/install/vectornav_msgs/include/vectornav_msgs/vectornav_msgs/msg/detail/ins_group__rosidl_typesupport_introspection_c.h
[12.289s] -- Installing: /home/deep/Modular_Recorder/vectornav/install/vectornav_msgs/include/vectornav_msgs/vectornav_msgs/msg/detail/time_status__type_support.c
[12.290s] -- Installing: /home/deep/Modular_Recorder/vectornav/install/vectornav_msgs/include/vectornav_msgs/vectornav_msgs/msg/detail/vpe_status__type_support.c
[12.290s] -- Installing: /home/deep/Modular_Recorder/vectornav/install/vectornav_msgs/include/vectornav_msgs/vectornav_msgs/msg/detail/dop__rosidl_typesupport_introspection_c.h
[12.290s] -- Installing: /home/deep/Modular_Recorder/vectornav/install/vectornav_msgs/include/vectornav_msgs/vectornav_msgs/msg/detail/time_group__rosidl_typesupport_introspection_c.h
[12.290s] -- Installing: /home/deep/Modular_Recorder/vectornav/install/vectornav_msgs/include/vectornav_msgs/vectornav_msgs/msg/detail/common_group__type_support.c
[12.290s] -- Installing: /home/deep/Modular_Recorder/vectornav/install/vectornav_msgs/include/vectornav_msgs/vectornav_msgs/msg/detail/ins_status__type_support.c
[12.290s] -- Installing: /home/deep/Modular_Recorder/vectornav/install/vectornav_msgs/include/vectornav_msgs/vectornav_msgs/msg/detail/imu_group__type_support.c
[12.291s] -- Installing: /home/deep/Modular_Recorder/vectornav/install/vectornav_msgs/include/vectornav_msgs/vectornav_msgs/msg/detail/vpe_status__rosidl_typesupport_introspection_c.h
[12.291s] -- Installing: /home/deep/Modular_Recorder/vectornav/install/vectornav_msgs/include/vectornav_msgs/vectornav_msgs/msg/detail/time_utc__rosidl_typesupport_introspection_c.h
[12.291s] -- Installing: /home/deep/Modular_Recorder/vectornav/install/vectornav_msgs/include/vectornav_msgs/vectornav_msgs/msg/detail/dop__type_support.c
[12.291s] -- Installing: /home/deep/Modular_Recorder/vectornav/install/vectornav_msgs/include/vectornav_msgs/vectornav_msgs/msg/detail/time_status__rosidl_typesupport_introspection_c.h
[12.291s] -- Installing: /home/deep/Modular_Recorder/vectornav/install/vectornav_msgs/include/vectornav_msgs/vectornav_msgs/msg/detail/ins_status__rosidl_typesupport_introspection_c.h
[12.291s] -- Installing: /home/deep/Modular_Recorder/vectornav/install/vectornav_msgs/include/vectornav_msgs/vectornav_msgs/msg/detail/gps_group__rosidl_typesupport_introspection_c.h
[12.291s] -- Installing: /home/deep/Modular_Recorder/vectornav/install/vectornav_msgs/include/vectornav_msgs/vectornav_msgs/msg/detail/attitude_group__rosidl_typesupport_introspection_c.h
[12.292s] -- Installing: /home/deep/Modular_Recorder/vectornav/install/vectornav_msgs/include/vectornav_msgs/vectornav_msgs/msg/detail/attitude_group__type_support.c
[12.292s] -- Installing: /home/deep/Modular_Recorder/vectornav/install/vectornav_msgs/include/vectornav_msgs/vectornav_msgs/msg/detail/time_utc__type_support.c
[12.292s] -- Installing: /home/deep/Modular_Recorder/vectornav/install/vectornav_msgs/include/vectornav_msgs/vectornav_msgs/msg/detail/common_group__rosidl_typesupport_introspection_c.h
[12.292s] -- Installing: /home/deep/Modular_Recorder/vectornav/install/vectornav_msgs/include/vectornav_msgs/vectornav_msgs/msg/rosidl_typesupport_introspection_c__visibility_control.h
[12.292s] -- Installing: /home/deep/Modular_Recorder/vectornav/install/vectornav_msgs/lib/libvectornav_msgs__rosidl_typesupport_introspection_c.so
[12.293s] -- Set runtime path of "/home/deep/Modular_Recorder/vectornav/install/vectornav_msgs/lib/libvectornav_msgs__rosidl_typesupport_introspection_c.so" to ""
[12.293s] -- Installing: /home/deep/Modular_Recorder/vectornav/install/vectornav_msgs/lib/libvectornav_msgs__rosidl_typesupport_c.so
[12.293s] -- Set runtime path of "/home/deep/Modular_Recorder/vectornav/install/vectornav_msgs/lib/libvectornav_msgs__rosidl_typesupport_c.so" to ""
[12.293s] -- Up-to-date: /home/deep/Modular_Recorder/vectornav/install/vectornav_msgs/include/vectornav_msgs/vectornav_msgs
[12.293s] -- Up-to-date: /home/deep/Modular_Recorder/vectornav/install/vectornav_msgs/include/vectornav_msgs/vectornav_msgs/action
[12.293s] -- Up-to-date: /home/deep/Modular_Recorder/vectornav/install/vectornav_msgs/include/vectornav_msgs/vectornav_msgs/action/detail
[12.293s] -- Installing: /home/deep/Modular_Recorder/vectornav/install/vectornav_msgs/include/vectornav_msgs/vectornav_msgs/action/detail/mag_cal__rosidl_typesupport_introspection_cpp.hpp
[12.294s] -- Installing: /home/deep/Modular_Recorder/vectornav/install/vectornav_msgs/include/vectornav_msgs/vectornav_msgs/action/detail/mag_cal__type_support.cpp
[12.294s] -- Up-to-date: /home/deep/Modular_Recorder/vectornav/install/vectornav_msgs/include/vectornav_msgs/vectornav_msgs/msg
[12.294s] -- Up-to-date: /home/deep/Modular_Recorder/vectornav/install/vectornav_msgs/include/vectornav_msgs/vectornav_msgs/msg/detail
[12.294s] -- Installing: /home/deep/Modular_Recorder/vectornav/install/vectornav_msgs/include/vectornav_msgs/vectornav_msgs/msg/detail/imu_group__type_support.cpp
[12.294s] -- Installing: /home/deep/Modular_Recorder/vectornav/install/vectornav_msgs/include/vectornav_msgs/vectornav_msgs/msg/detail/time_utc__type_support.cpp
[12.294s] -- Installing: /home/deep/Modular_Recorder/vectornav/install/vectornav_msgs/include/vectornav_msgs/vectornav_msgs/msg/detail/gps_group__rosidl_typesupport_introspection_cpp.hpp
[12.294s] -- Installing: /home/deep/Modular_Recorder/vectornav/install/vectornav_msgs/include/vectornav_msgs/vectornav_msgs/msg/detail/time_utc__rosidl_typesupport_introspection_cpp.hpp
[12.294s] -- Installing: /home/deep/Modular_Recorder/vectornav/install/vectornav_msgs/include/vectornav_msgs/vectornav_msgs/msg/detail/time_group__type_support.cpp
[12.295s] -- Installing: /home/deep/Modular_Recorder/vectornav/install/vectornav_msgs/include/vectornav_msgs/vectornav_msgs/msg/detail/ins_group__type_support.cpp
[12.295s] -- Installing: /home/deep/Modular_Recorder/vectornav/install/vectornav_msgs/include/vectornav_msgs/vectornav_msgs/msg/detail/attitude_group__rosidl_typesupport_introspection_cpp.hpp
[12.295s] -- Installing: /home/deep/Modular_Recorder/vectornav/install/vectornav_msgs/include/vectornav_msgs/vectornav_msgs/msg/detail/common_group__rosidl_typesupport_introspection_cpp.hpp
[12.295s] -- Installing: /home/deep/Modular_Recorder/vectornav/install/vectornav_msgs/include/vectornav_msgs/vectornav_msgs/msg/detail/time_status__type_support.cpp
[12.295s] -- Installing: /home/deep/Modular_Recorder/vectornav/install/vectornav_msgs/include/vectornav_msgs/vectornav_msgs/msg/detail/ins_status__rosidl_typesupport_introspection_cpp.hpp
[12.295s] -- Installing: /home/deep/Modular_Recorder/vectornav/install/vectornav_msgs/include/vectornav_msgs/vectornav_msgs/msg/detail/attitude_group__type_support.cpp
[12.296s] -- Installing: /home/deep/Modular_Recorder/vectornav/install/vectornav_msgs/include/vectornav_msgs/vectornav_msgs/msg/detail/dop__type_support.cpp
[12.296s] -- Installing: /home/deep/Modular_Recorder/vectornav/install/vectornav_msgs/include/vectornav_msgs/vectornav_msgs/msg/detail/ins_group__rosidl_typesupport_introspection_cpp.hpp
[12.296s] -- Installing: /home/deep/Modular_Recorder/vectornav/install/vectornav_msgs/include/vectornav_msgs/vectornav_msgs/msg/detail/vpe_status__type_support.cpp
[12.296s] -- Installing: /home/deep/Modular_Recorder/vectornav/install/vectornav_msgs/include/vectornav_msgs/vectornav_msgs/msg/detail/imu_group__rosidl_typesupport_introspection_cpp.hpp
[12.296s] -- Installing: /home/deep/Modular_Recorder/vectornav/install/vectornav_msgs/include/vectornav_msgs/vectornav_msgs/msg/detail/ins_status__type_support.cpp
[12.296s] -- Installing: /home/deep/Modular_Recorder/vectornav/install/vectornav_msgs/include/vectornav_msgs/vectornav_msgs/msg/detail/time_status__rosidl_typesupport_introspection_cpp.hpp
[12.296s] -- Installing: /home/deep/Modular_Recorder/vectornav/install/vectornav_msgs/include/vectornav_msgs/vectornav_msgs/msg/detail/vpe_status__rosidl_typesupport_introspection_cpp.hpp
[12.297s] -- Installing: /home/deep/Modular_Recorder/vectornav/install/vectornav_msgs/include/vectornav_msgs/vectornav_msgs/msg/detail/time_group__rosidl_typesupport_introspection_cpp.hpp
[12.297s] -- Installing: /home/deep/Modular_Recorder/vectornav/install/vectornav_msgs/include/vectornav_msgs/vectornav_msgs/msg/detail/gps_group__type_support.cpp
[12.297s] -- Installing: /home/deep/Modular_Recorder/vectornav/install/vectornav_msgs/include/vectornav_msgs/vectornav_msgs/msg/detail/dop__rosidl_typesupport_introspection_cpp.hpp
[12.297s] -- Installing: /home/deep/Modular_Recorder/vectornav/install/vectornav_msgs/include/vectornav_msgs/vectornav_msgs/msg/detail/common_group__type_support.cpp
[12.297s] -- Installing: /home/deep/Modular_Recorder/vectornav/install/vectornav_msgs/lib/libvectornav_msgs__rosidl_typesupport_introspection_cpp.so
[12.298s] -- Set runtime path of "/home/deep/Modular_Recorder/vectornav/install/vectornav_msgs/lib/libvectornav_msgs__rosidl_typesupport_introspection_cpp.so" to ""
[12.298s] -- Installing: /home/deep/Modular_Recorder/vectornav/install/vectornav_msgs/lib/libvectornav_msgs__rosidl_typesupport_cpp.so
[12.299s] -- Set runtime path of "/home/deep/Modular_Recorder/vectornav/install/vectornav_msgs/lib/libvectornav_msgs__rosidl_typesupport_cpp.so" to ""
[12.299s] -- Installing: /home/deep/Modular_Recorder/vectornav/install/vectornav_msgs/share/vectornav_msgs/environment/pythonpath.sh
[12.299s] -- Installing: /home/deep/Modular_Recorder/vectornav/install/vectornav_msgs/share/vectornav_msgs/environment/pythonpath.dsv
[12.299s] -- Installing: /home/deep/Modular_Recorder/vectornav/install/vectornav_msgs/local/lib/python3.10/dist-packages/vectornav_msgs-3.0.0-py3.10.egg-info
[12.299s] -- Installing: /home/deep/Modular_Recorder/vectornav/install/vectornav_msgs/local/lib/python3.10/dist-packages/vectornav_msgs-3.0.0-py3.10.egg-info/SOURCES.txt
[12.299s] -- Installing: /home/deep/Modular_Recorder/vectornav/install/vectornav_msgs/local/lib/python3.10/dist-packages/vectornav_msgs-3.0.0-py3.10.egg-info/PKG-INFO
[12.299s] -- Installing: /home/deep/Modular_Recorder/vectornav/install/vectornav_msgs/local/lib/python3.10/dist-packages/vectornav_msgs-3.0.0-py3.10.egg-info/dependency_links.txt
[12.299s] -- Installing: /home/deep/Modular_Recorder/vectornav/install/vectornav_msgs/local/lib/python3.10/dist-packages/vectornav_msgs-3.0.0-py3.10.egg-info/top_level.txt
[12.300s] -- Installing: /home/deep/Modular_Recorder/vectornav/install/vectornav_msgs/local/lib/python3.10/dist-packages/vectornav_msgs
[12.300s] -- Installing: /home/deep/Modular_Recorder/vectornav/install/vectornav_msgs/local/lib/python3.10/dist-packages/vectornav_msgs/action
[12.300s] -- Installing: /home/deep/Modular_Recorder/vectornav/install/vectornav_msgs/local/lib/python3.10/dist-packages/vectornav_msgs/action/_mag_cal.py
[12.300s] -- Installing: /home/deep/Modular_Recorder/vectornav/install/vectornav_msgs/local/lib/python3.10/dist-packages/vectornav_msgs/action/__init__.py
[12.300s] -- Installing: /home/deep/Modular_Recorder/vectornav/install/vectornav_msgs/local/lib/python3.10/dist-packages/vectornav_msgs/action/_mag_cal_s.c
[12.300s] -- Installing: /home/deep/Modular_Recorder/vectornav/install/vectornav_msgs/local/lib/python3.10/dist-packages/vectornav_msgs/vectornav_msgs_s__rosidl_typesupport_c.cpython-310-x86_64-linux-gnu.so
[12.301s] -- Installing: /home/deep/Modular_Recorder/vectornav/install/vectornav_msgs/local/lib/python3.10/dist-packages/vectornav_msgs/vectornav_msgs_s__rosidl_typesupport_introspection_c.cpython-310-x86_64-linux-gnu.so
[12.301s] -- Installing: /home/deep/Modular_Recorder/vectornav/install/vectornav_msgs/local/lib/python3.10/dist-packages/vectornav_msgs/vectornav_msgs_s__rosidl_typesupport_fastrtps_c.cpython-310-x86_64-linux-gnu.so
[12.301s] -- Installing: /home/deep/Modular_Recorder/vectornav/install/vectornav_msgs/local/lib/python3.10/dist-packages/vectornav_msgs/_vectornav_msgs_s.ep.rosidl_typesupport_fastrtps_c.c
[12.301s] -- Installing: /home/deep/Modular_Recorder/vectornav/install/vectornav_msgs/local/lib/python3.10/dist-packages/vectornav_msgs/_vectornav_msgs_s.ep.rosidl_typesupport_introspection_c.c
[12.301s] -- Installing: /home/deep/Modular_Recorder/vectornav/install/vectornav_msgs/local/lib/python3.10/dist-packages/vectornav_msgs/__init__.py
[12.302s] -- Installing: /home/deep/Modular_Recorder/vectornav/install/vectornav_msgs/local/lib/python3.10/dist-packages/vectornav_msgs/msg
[12.302s] -- Installing: /home/deep/Modular_Recorder/vectornav/install/vectornav_msgs/local/lib/python3.10/dist-packages/vectornav_msgs/msg/_time_utc_s.c
[12.302s] -- Installing: /home/deep/Modular_Recorder/vectornav/install/vectornav_msgs/local/lib/python3.10/dist-packages/vectornav_msgs/msg/_dop.py
[12.302s] -- Installing: /home/deep/Modular_Recorder/vectornav/install/vectornav_msgs/local/lib/python3.10/dist-packages/vectornav_msgs/msg/_time_status_s.c
[12.302s] -- Installing: /home/deep/Modular_Recorder/vectornav/install/vectornav_msgs/local/lib/python3.10/dist-packages/vectornav_msgs/msg/_time_status.py
[12.302s] -- Installing: /home/deep/Modular_Recorder/vectornav/install/vectornav_msgs/local/lib/python3.10/dist-packages/vectornav_msgs/msg/_ins_group.py
[12.302s] -- Installing: /home/deep/Modular_Recorder/vectornav/install/vectornav_msgs/local/lib/python3.10/dist-packages/vectornav_msgs/msg/_time_utc.py
[12.302s] -- Installing: /home/deep/Modular_Recorder/vectornav/install/vectornav_msgs/local/lib/python3.10/dist-packages/vectornav_msgs/msg/_common_group_s.c
[12.303s] -- Installing: /home/deep/Modular_Recorder/vectornav/install/vectornav_msgs/local/lib/python3.10/dist-packages/vectornav_msgs/msg/_common_group.py
[12.303s] -- Installing: /home/deep/Modular_Recorder/vectornav/install/vectornav_msgs/local/lib/python3.10/dist-packages/vectornav_msgs/msg/_imu_group.py
[12.303s] -- Installing: /home/deep/Modular_Recorder/vectornav/install/vectornav_msgs/local/lib/python3.10/dist-packages/vectornav_msgs/msg/_time_group.py
[12.303s] -- Installing: /home/deep/Modular_Recorder/vectornav/install/vectornav_msgs/local/lib/python3.10/dist-packages/vectornav_msgs/msg/_gps_group_s.c
[12.303s] -- Installing: /home/deep/Modular_Recorder/vectornav/install/vectornav_msgs/local/lib/python3.10/dist-packages/vectornav_msgs/msg/_ins_status.py
[12.303s] -- Installing: /home/deep/Modular_Recorder/vectornav/install/vectornav_msgs/local/lib/python3.10/dist-packages/vectornav_msgs/msg/_ins_group_s.c
[12.304s] -- Installing: /home/deep/Modular_Recorder/vectornav/install/vectornav_msgs/local/lib/python3.10/dist-packages/vectornav_msgs/msg/_time_group_s.c
[12.304s] -- Installing: /home/deep/Modular_Recorder/vectornav/install/vectornav_msgs/local/lib/python3.10/dist-packages/vectornav_msgs/msg/__init__.py
[12.304s] -- Installing: /home/deep/Modular_Recorder/vectornav/install/vectornav_msgs/local/lib/python3.10/dist-packages/vectornav_msgs/msg/_gps_group.py
[12.304s] -- Installing: /home/deep/Modular_Recorder/vectornav/install/vectornav_msgs/local/lib/python3.10/dist-packages/vectornav_msgs/msg/_vpe_status.py
[12.304s] -- Installing: /home/deep/Modular_Recorder/vectornav/install/vectornav_msgs/local/lib/python3.10/dist-packages/vectornav_msgs/msg/_ins_status_s.c
[12.304s] -- Installing: /home/deep/Modular_Recorder/vectornav/install/vectornav_msgs/local/lib/python3.10/dist-packages/vectornav_msgs/msg/_dop_s.c
[12.304s] -- Installing: /home/deep/Modular_Recorder/vectornav/install/vectornav_msgs/local/lib/python3.10/dist-packages/vectornav_msgs/msg/_attitude_group_s.c
[12.305s] -- Installing: /home/deep/Modular_Recorder/vectornav/install/vectornav_msgs/local/lib/python3.10/dist-packages/vectornav_msgs/msg/_vpe_status_s.c
[12.305s] -- Installing: /home/deep/Modular_Recorder/vectornav/install/vectornav_msgs/local/lib/python3.10/dist-packages/vectornav_msgs/msg/_attitude_group.py
[12.305s] -- Installing: /home/deep/Modular_Recorder/vectornav/install/vectornav_msgs/local/lib/python3.10/dist-packages/vectornav_msgs/msg/_imu_group_s.c
[12.305s] -- Installing: /home/deep/Modular_Recorder/vectornav/install/vectornav_msgs/local/lib/python3.10/dist-packages/vectornav_msgs/libvectornav_msgs__rosidl_generator_py.so
[12.305s] -- Installing: /home/deep/Modular_Recorder/vectornav/install/vectornav_msgs/local/lib/python3.10/dist-packages/vectornav_msgs/_vectornav_msgs_s.ep.rosidl_typesupport_c.c
[12.364s] Listing '/home/deep/Modular_Recorder/vectornav/install/vectornav_msgs/local/lib/python3.10/dist-packages/vectornav_msgs'...
[12.364s] Compiling '/home/deep/Modular_Recorder/vectornav/install/vectornav_msgs/local/lib/python3.10/dist-packages/vectornav_msgs/__init__.py'...
[12.364s] Listing '/home/deep/Modular_Recorder/vectornav/install/vectornav_msgs/local/lib/python3.10/dist-packages/vectornav_msgs/action'...
[12.364s] Compiling '/home/deep/Modular_Recorder/vectornav/install/vectornav_msgs/local/lib/python3.10/dist-packages/vectornav_msgs/action/__init__.py'...
[12.364s] Compiling '/home/deep/Modular_Recorder/vectornav/install/vectornav_msgs/local/lib/python3.10/dist-packages/vectornav_msgs/action/_mag_cal.py'...
[12.364s] Listing '/home/deep/Modular_Recorder/vectornav/install/vectornav_msgs/local/lib/python3.10/dist-packages/vectornav_msgs/msg'...
[12.364s] Compiling '/home/deep/Modular_Recorder/vectornav/install/vectornav_msgs/local/lib/python3.10/dist-packages/vectornav_msgs/msg/__init__.py'...
[12.364s] Compiling '/home/deep/Modular_Recorder/vectornav/install/vectornav_msgs/local/lib/python3.10/dist-packages/vectornav_msgs/msg/_attitude_group.py'...
[12.364s] Compiling '/home/deep/Modular_Recorder/vectornav/install/vectornav_msgs/local/lib/python3.10/dist-packages/vectornav_msgs/msg/_common_group.py'...
[12.364s] Compiling '/home/deep/Modular_Recorder/vectornav/install/vectornav_msgs/local/lib/python3.10/dist-packages/vectornav_msgs/msg/_dop.py'...
[12.364s] Compiling '/home/deep/Modular_Recorder/vectornav/install/vectornav_msgs/local/lib/python3.10/dist-packages/vectornav_msgs/msg/_gps_group.py'...
[12.364s] Compiling '/home/deep/Modular_Recorder/vectornav/install/vectornav_msgs/local/lib/python3.10/dist-packages/vectornav_msgs/msg/_imu_group.py'...
[12.364s] Compiling '/home/deep/Modular_Recorder/vectornav/install/vectornav_msgs/local/lib/python3.10/dist-packages/vectornav_msgs/msg/_ins_group.py'...
[12.364s] Compiling '/home/deep/Modular_Recorder/vectornav/install/vectornav_msgs/local/lib/python3.10/dist-packages/vectornav_msgs/msg/_ins_status.py'...
[12.365s] Compiling '/home/deep/Modular_Recorder/vectornav/install/vectornav_msgs/local/lib/python3.10/dist-packages/vectornav_msgs/msg/_time_group.py'...
[12.365s] Compiling '/home/deep/Modular_Recorder/vectornav/install/vectornav_msgs/local/lib/python3.10/dist-packages/vectornav_msgs/msg/_time_status.py'...
[12.365s] Compiling '/home/deep/Modular_Recorder/vectornav/install/vectornav_msgs/local/lib/python3.10/dist-packages/vectornav_msgs/msg/_time_utc.py'...
[12.365s] Compiling '/home/deep/Modular_Recorder/vectornav/install/vectornav_msgs/local/lib/python3.10/dist-packages/vectornav_msgs/msg/_vpe_status.py'...
[12.369s] -- Installing: /home/deep/Modular_Recorder/vectornav/install/vectornav_msgs/local/lib/python3.10/dist-packages/vectornav_msgs/vectornav_msgs_s__rosidl_typesupport_fastrtps_c.cpython-310-x86_64-linux-gnu.so
[12.369s] -- Set runtime path of "/home/deep/Modular_Recorder/vectornav/install/vectornav_msgs/local/lib/python3.10/dist-packages/vectornav_msgs/vectornav_msgs_s__rosidl_typesupport_fastrtps_c.cpython-310-x86_64-linux-gnu.so" to ""
[12.369s] -- Installing: /home/deep/Modular_Recorder/vectornav/install/vectornav_msgs/local/lib/python3.10/dist-packages/vectornav_msgs/vectornav_msgs_s__rosidl_typesupport_introspection_c.cpython-310-x86_64-linux-gnu.so
[12.370s] -- Set runtime path of "/home/deep/Modular_Recorder/vectornav/install/vectornav_msgs/local/lib/python3.10/dist-packages/vectornav_msgs/vectornav_msgs_s__rosidl_typesupport_introspection_c.cpython-310-x86_64-linux-gnu.so" to ""
[12.370s] -- Installing: /home/deep/Modular_Recorder/vectornav/install/vectornav_msgs/local/lib/python3.10/dist-packages/vectornav_msgs/vectornav_msgs_s__rosidl_typesupport_c.cpython-310-x86_64-linux-gnu.so
[12.370s] -- Set runtime path of "/home/deep/Modular_Recorder/vectornav/install/vectornav_msgs/local/lib/python3.10/dist-packages/vectornav_msgs/vectornav_msgs_s__rosidl_typesupport_c.cpython-310-x86_64-linux-gnu.so" to ""
[12.370s] -- Installing: /home/deep/Modular_Recorder/vectornav/install/vectornav_msgs/lib/libvectornav_msgs__rosidl_generator_py.so
[12.371s] -- Set runtime path of "/home/deep/Modular_Recorder/vectornav/install/vectornav_msgs/lib/libvectornav_msgs__rosidl_generator_py.so" to ""
[12.371s] -- Installing: /home/deep/Modular_Recorder/vectornav/install/vectornav_msgs/share/vectornav_msgs/msg/AttitudeGroup.idl
[12.371s] -- Installing: /home/deep/Modular_Recorder/vectornav/install/vectornav_msgs/share/vectornav_msgs/msg/CommonGroup.idl
[12.371s] -- Installing: /home/deep/Modular_Recorder/vectornav/install/vectornav_msgs/share/vectornav_msgs/msg/DOP.idl
[12.372s] -- Installing: /home/deep/Modular_Recorder/vectornav/install/vectornav_msgs/share/vectornav_msgs/msg/GpsGroup.idl
[12.372s] -- Installing: /home/deep/Modular_Recorder/vectornav/install/vectornav_msgs/share/vectornav_msgs/msg/ImuGroup.idl
[12.372s] -- Installing: /home/deep/Modular_Recorder/vectornav/install/vectornav_msgs/share/vectornav_msgs/msg/InsGroup.idl
[12.372s] -- Installing: /home/deep/Modular_Recorder/vectornav/install/vectornav_msgs/share/vectornav_msgs/msg/InsStatus.idl
[12.372s] -- Installing: /home/deep/Modular_Recorder/vectornav/install/vectornav_msgs/share/vectornav_msgs/msg/TimeGroup.idl
[12.373s] -- Installing: /home/deep/Modular_Recorder/vectornav/install/vectornav_msgs/share/vectornav_msgs/msg/TimeStatus.idl
[12.373s] -- Installing: /home/deep/Modular_Recorder/vectornav/install/vectornav_msgs/share/vectornav_msgs/msg/TimeUTC.idl
[12.373s] -- Installing: /home/deep/Modular_Recorder/vectornav/install/vectornav_msgs/share/vectornav_msgs/msg/VpeStatus.idl
[12.373s] -- Installing: /home/deep/Modular_Recorder/vectornav/install/vectornav_msgs/share/vectornav_msgs/action/MagCal.idl
[12.373s] -- Installing: /home/deep/Modular_Recorder/vectornav/install/vectornav_msgs/share/vectornav_msgs/msg/AttitudeGroup.msg
[12.374s] -- Installing: /home/deep/Modular_Recorder/vectornav/install/vectornav_msgs/share/vectornav_msgs/msg/CommonGroup.msg
[12.374s] -- Installing: /home/deep/Modular_Recorder/vectornav/install/vectornav_msgs/share/vectornav_msgs/msg/DOP.msg
[12.374s] -- Installing: /home/deep/Modular_Recorder/vectornav/install/vectornav_msgs/share/vectornav_msgs/msg/GpsGroup.msg
[12.374s] -- Installing: /home/deep/Modular_Recorder/vectornav/install/vectornav_msgs/share/vectornav_msgs/msg/ImuGroup.msg
[12.374s] -- Installing: /home/deep/Modular_Recorder/vectornav/install/vectornav_msgs/share/vectornav_msgs/msg/InsGroup.msg
[12.375s] -- Installing: /home/deep/Modular_Recorder/vectornav/install/vectornav_msgs/share/vectornav_msgs/msg/InsStatus.msg
[12.375s] -- Installing: /home/deep/Modular_Recorder/vectornav/install/vectornav_msgs/share/vectornav_msgs/msg/TimeGroup.msg
[12.375s] -- Installing: /home/deep/Modular_Recorder/vectornav/install/vectornav_msgs/share/vectornav_msgs/msg/TimeStatus.msg
[12.375s] -- Installing: /home/deep/Modular_Recorder/vectornav/install/vectornav_msgs/share/vectornav_msgs/msg/TimeUTC.msg
[12.375s] -- Installing: /home/deep/Modular_Recorder/vectornav/install/vectornav_msgs/share/vectornav_msgs/msg/VpeStatus.msg
[12.375s] -- Installing: /home/deep/Modular_Recorder/vectornav/install/vectornav_msgs/share/vectornav_msgs/action/MagCal.action
[12.376s] -- Installing: /home/deep/Modular_Recorder/vectornav/install/vectornav_msgs/share/ament_index/resource_index/package_run_dependencies/vectornav_msgs
[12.376s] -- Installing: /home/deep/Modular_Recorder/vectornav/install/vectornav_msgs/share/ament_index/resource_index/parent_prefix_path/vectornav_msgs
[12.376s] -- Installing: /home/deep/Modular_Recorder/vectornav/install/vectornav_msgs/share/vectornav_msgs/environment/ament_prefix_path.sh
[12.376s] -- Installing: /home/deep/Modular_Recorder/vectornav/install/vectornav_msgs/share/vectornav_msgs/environment/ament_prefix_path.dsv
[12.376s] -- Installing: /home/deep/Modular_Recorder/vectornav/install/vectornav_msgs/share/vectornav_msgs/environment/path.sh
[12.377s] -- Installing: /home/deep/Modular_Recorder/vectornav/install/vectornav_msgs/share/vectornav_msgs/environment/path.dsv
[12.377s] -- Installing: /home/deep/Modular_Recorder/vectornav/install/vectornav_msgs/share/vectornav_msgs/local_setup.bash
[12.377s] -- Installing: /home/deep/Modular_Recorder/vectornav/install/vectornav_msgs/share/vectornav_msgs/local_setup.sh
[12.377s] -- Installing: /home/deep/Modular_Recorder/vectornav/install/vectornav_msgs/share/vectornav_msgs/local_setup.zsh
[12.377s] -- Installing: /home/deep/Modular_Recorder/vectornav/install/vectornav_msgs/share/vectornav_msgs/local_setup.dsv
[12.378s] -- Installing: /home/deep/Modular_Recorder/vectornav/install/vectornav_msgs/share/vectornav_msgs/package.dsv
[12.378s] -- Installing: /home/deep/Modular_Recorder/vectornav/install/vectornav_msgs/share/ament_index/resource_index/packages/vectornav_msgs
[12.378s] -- Installing: /home/deep/Modular_Recorder/vectornav/install/vectornav_msgs/share/vectornav_msgs/cmake/export_vectornav_msgs__rosidl_generator_cExport.cmake
[12.378s] -- Installing: /home/deep/Modular_Recorder/vectornav/install/vectornav_msgs/share/vectornav_msgs/cmake/export_vectornav_msgs__rosidl_generator_cExport-noconfig.cmake
[12.378s] -- Installing: /home/deep/Modular_Recorder/vectornav/install/vectornav_msgs/share/vectornav_msgs/cmake/export_vectornav_msgs__rosidl_typesupport_fastrtps_cExport.cmake
[12.379s] -- Installing: /home/deep/Modular_Recorder/vectornav/install/vectornav_msgs/share/vectornav_msgs/cmake/export_vectornav_msgs__rosidl_typesupport_fastrtps_cExport-noconfig.cmake
[12.379s] -- Installing: /home/deep/Modular_Recorder/vectornav/install/vectornav_msgs/share/vectornav_msgs/cmake/export_vectornav_msgs__rosidl_generator_cppExport.cmake
[12.379s] -- Installing: /home/deep/Modular_Recorder/vectornav/install/vectornav_msgs/share/vectornav_msgs/cmake/export_vectornav_msgs__rosidl_typesupport_fastrtps_cppExport.cmake
[12.379s] -- Installing: /home/deep/Modular_Recorder/vectornav/install/vectornav_msgs/share/vectornav_msgs/cmake/export_vectornav_msgs__rosidl_typesupport_fastrtps_cppExport-noconfig.cmake
[12.379s] -- Installing: /home/deep/Modular_Recorder/vectornav/install/vectornav_msgs/share/vectornav_msgs/cmake/vectornav_msgs__rosidl_typesupport_introspection_cExport.cmake
[12.380s] -- Installing: /home/deep/Modular_Recorder/vectornav/install/vectornav_msgs/share/vectornav_msgs/cmake/vectornav_msgs__rosidl_typesupport_introspection_cExport-noconfig.cmake
[12.380s] -- Installing: /home/deep/Modular_Recorder/vectornav/install/vectornav_msgs/share/vectornav_msgs/cmake/vectornav_msgs__rosidl_typesupport_cExport.cmake
[12.380s] -- Installing: /home/deep/Modular_Recorder/vectornav/install/vectornav_msgs/share/vectornav_msgs/cmake/vectornav_msgs__rosidl_typesupport_cExport-noconfig.cmake
[12.380s] -- Installing: /home/deep/Modular_Recorder/vectornav/install/vectornav_msgs/share/vectornav_msgs/cmake/vectornav_msgs__rosidl_typesupport_introspection_cppExport.cmake
[12.380s] -- Installing: /home/deep/Modular_Recorder/vectornav/install/vectornav_msgs/share/vectornav_msgs/cmake/vectornav_msgs__rosidl_typesupport_introspection_cppExport-noconfig.cmake
[12.381s] -- Installing: /home/deep/Modular_Recorder/vectornav/install/vectornav_msgs/share/vectornav_msgs/cmake/vectornav_msgs__rosidl_typesupport_cppExport.cmake
[12.381s] -- Installing: /home/deep/Modular_Recorder/vectornav/install/vectornav_msgs/share/vectornav_msgs/cmake/vectornav_msgs__rosidl_typesupport_cppExport-noconfig.cmake
[12.381s] -- Installing: /home/deep/Modular_Recorder/vectornav/install/vectornav_msgs/share/vectornav_msgs/cmake/export_vectornav_msgs__rosidl_generator_pyExport.cmake
[12.381s] -- Installing: /home/deep/Modular_Recorder/vectornav/install/vectornav_msgs/share/vectornav_msgs/cmake/export_vectornav_msgs__rosidl_generator_pyExport-noconfig.cmake
[12.382s] -- Installing: /home/deep/Modular_Recorder/vectornav/install/vectornav_msgs/share/vectornav_msgs/cmake/rosidl_cmake-extras.cmake
[12.382s] -- Installing: /home/deep/Modular_Recorder/vectornav/install/vectornav_msgs/share/vectornav_msgs/cmake/ament_cmake_export_dependencies-extras.cmake
[12.382s] -- Installing: /home/deep/Modular_Recorder/vectornav/install/vectornav_msgs/share/vectornav_msgs/cmake/ament_cmake_export_include_directories-extras.cmake
[12.382s] -- Installing: /home/deep/Modular_Recorder/vectornav/install/vectornav_msgs/share/vectornav_msgs/cmake/ament_cmake_export_libraries-extras.cmake
[12.383s] -- Installing: /home/deep/Modular_Recorder/vectornav/install/vectornav_msgs/share/vectornav_msgs/cmake/ament_cmake_export_targets-extras.cmake
[12.383s] -- Installing: /home/deep/Modular_Recorder/vectornav/install/vectornav_msgs/share/vectornav_msgs/cmake/rosidl_cmake_export_typesupport_targets-extras.cmake
[12.383s] -- Installing: /home/deep/Modular_Recorder/vectornav/install/vectornav_msgs/share/vectornav_msgs/cmake/rosidl_cmake_export_typesupport_libraries-extras.cmake
[12.383s] -- Installing: /home/deep/Modular_Recorder/vectornav/install/vectornav_msgs/share/vectornav_msgs/cmake/vectornav_msgsConfig.cmake
[12.383s] -- Installing: /home/deep/Modular_Recorder/vectornav/install/vectornav_msgs/share/vectornav_msgs/cmake/vectornav_msgsConfig-version.cmake
[12.384s] -- Installing: /home/deep/Modular_Recorder/vectornav/install/vectornav_msgs/share/vectornav_msgs/package.xml
[12.386s] Invoked command in '/home/deep/Modular_Recorder/vectornav/build/vectornav_msgs' returned '0': CMAKE_PREFIX_PATH=${CMAKE_PREFIX_PATH}:/home/deep/Modular_Recorder/install/zed2i:/home/deep/Modular_Recorder/install/driver:/home/deep/Desktop/Controls/install/fmdv_monitor:/home/deep/Desktop/Controls/install/fmdv_code:/home/deep/Desktop/EUFS/install/eufs_launcher:/home/deep/Desktop/EUFS/install/eufs_tracks:/home/deep/Desktop/EUFS/install/eufs_rqt:/home/deep/Desktop/EUFS/install/eufs_racecar:/opt/ros/humble /usr/bin/cmake --install /home/deep/Modular_Recorder/vectornav/build/vectornav_msgs
