[0.019s] Invoking command in '/home/deep/Modular_Recorder/vectornav/build/vectornav': CMAKE_PREFIX_PATH=/home/deep/Modular_Recorder/vectornav/install/vectornav_msgs:/home/deep/Modular_Recorder/vectornav/install/vectornav:/home/deep/Modular_Recorder/install/vectornav:/home/deep/Modular_Recorder/install/vectornav_msgs:/home/deep/Modular_Recorder/install/hesai_ros_driver:/home/deep/zed_ros2/install/zed_ros2:/home/deep/zed_ros2/install/zed_robot_integration:/home/deep/zed_ros2/install/zed_ipc:/home/deep/zed_ros2/install/zed_multi_camera:/home/deep/zed_ros2/install/zed_isaac_ros_multi_camera:/home/deep/zed_ros2/install/zed_isaac_ros_april_tag:/home/deep/zed_ros2/install/zed_display_rviz2:/home/deep/zed_ros2/install/zed_depth_to_laserscan:/home/deep/zed_ros2/install/zed_wrapper:/home/deep/zed_ros2/install/zed_tutorial_video:/home/deep/zed_ros2/install/zed_tutorial_pos_tracking:/home/deep/zed_ros2/install/zed_tutorial_depth:/home/deep/zed_ros2/install/zed_topic_benchmark:/home/deep/zed_ros2/install/zed_topic_benchmark_component:/home/deep/zed_ros2/install/zed_topic_benchmark_interfaces:/home/deep/zed_ros2/install/zed_rgb_convert:/home/deep/zed_ros2/install/zed_isaac_ros_nitros_sub:/home/deep/zed_ros2/install/zed_aruco_localization:/home/deep/zed_ros2/install/zed_components:/home/deep/zed_ros2/install/rviz_plugin_zed_od:/home/deep/Desktop/vectornav/install/vectornav:/home/deep/Desktop/vectornav/install/vectornav_msgs:/home/deep/Desktop/Controls/install/fmdv_msgs:/home/deep/Desktop/EUFS/install/mppi_controller:/home/deep/Desktop/EUFS/install/eufs_sensors:/home/deep/Desktop/EUFS/install/eufs_plugins:/home/deep/Desktop/EUFS/install/eufs_models:/home/deep/Desktop/EUFS/install/eufs_msgs:/home/deep/Modular_Recorder/HesaiLidar_ROS_2.0/install/hesai_ros_driver:/home/deep/Modular_Recorder/install/zed2i:/home/deep/Modular_Recorder/install/driver:/home/deep/Desktop/Controls/install/fmdv_monitor:/home/deep/Desktop/Controls/install/fmdv_code:/home/deep/Desktop/EUFS/install/eufs_launcher:/home/deep/Desktop/EUFS/install/eufs_tracks:/home/deep/Desktop/EUFS/install/eufs_rqt:/home/deep/Desktop/EUFS/install/eufs_racecar:/opt/ros/humble LD_LIBRARY_PATH=/home/deep/Modular_Recorder/vectornav/install/vectornav_msgs/lib:/home/deep/Modular_Recorder/vectornav/install/vectornav/lib:/home/deep/Modular_Recorder/install/vectornav/lib:/home/deep/Modular_Recorder/install/vectornav_msgs/lib:/home/deep/Modular_Recorder/install/hesai_ros_driver/lib:/home/deep/zed_ros2/install/zed_ipc/lib:/home/deep/zed_ros2/install/zed_topic_benchmark_component/lib:/home/deep/zed_ros2/install/zed_topic_benchmark_interfaces/lib:/home/deep/zed_ros2/install/zed_rgb_convert/lib:/home/deep/zed_ros2/install/zed_aruco_localization/lib:/home/deep/zed_ros2/install/zed_components/lib:/home/deep/zed_ros2/install/rviz_plugin_zed_od/lib:/home/deep/Desktop/vectornav/install/vectornav/lib:/home/deep/Desktop/vectornav/install/vectornav_msgs/lib:/home/deep/Desktop/Controls/install/fmdv_msgs/lib:/home/deep/Desktop/EUFS/install/eufs_plugins/lib:/home/deep/Desktop/EUFS/install/eufs_models/lib:/home/deep/Desktop/EUFS/install/eufs_msgs/lib:/home/deep/Modular_Recorder/HesaiLidar_ROS_2.0/install/hesai_ros_driver/lib:/usr/local/cuda-12.2/lib64:/usr/local/cuda-12.2/lib64:/usr/lib/x86_64-linux-gnu/gazebo-11/plugins:/opt/ros/humble/opt/rviz_ogre_vendor/lib:/opt/ros/humble/lib/x86_64-linux-gnu:/opt/ros/humble/lib /usr/bin/cmake --build /home/deep/Modular_Recorder/vectornav/build/vectornav -- -j16 -l16
[0.098s] [ 12%] Built target vn_sensor_msgs_lib
[0.098s] [ 81%] Built target vncxx
[0.136s] [ 93%] Built target vectornav_lib
[0.136s] [ 93%] Built target vn_sensor_msgs
[0.172s] [100%] Built target vectornav
[0.187s] Invoked command in '/home/deep/Modular_Recorder/vectornav/build/vectornav' returned '0': CMAKE_PREFIX_PATH=/home/deep/Modular_Recorder/vectornav/install/vectornav_msgs:/home/deep/Modular_Recorder/vectornav/install/vectornav:/home/deep/Modular_Recorder/install/vectornav:/home/deep/Modular_Recorder/install/vectornav_msgs:/home/deep/Modular_Recorder/install/hesai_ros_driver:/home/deep/zed_ros2/install/zed_ros2:/home/deep/zed_ros2/install/zed_robot_integration:/home/deep/zed_ros2/install/zed_ipc:/home/deep/zed_ros2/install/zed_multi_camera:/home/deep/zed_ros2/install/zed_isaac_ros_multi_camera:/home/deep/zed_ros2/install/zed_isaac_ros_april_tag:/home/deep/zed_ros2/install/zed_display_rviz2:/home/deep/zed_ros2/install/zed_depth_to_laserscan:/home/deep/zed_ros2/install/zed_wrapper:/home/deep/zed_ros2/install/zed_tutorial_video:/home/deep/zed_ros2/install/zed_tutorial_pos_tracking:/home/deep/zed_ros2/install/zed_tutorial_depth:/home/deep/zed_ros2/install/zed_topic_benchmark:/home/deep/zed_ros2/install/zed_topic_benchmark_component:/home/deep/zed_ros2/install/zed_topic_benchmark_interfaces:/home/deep/zed_ros2/install/zed_rgb_convert:/home/deep/zed_ros2/install/zed_isaac_ros_nitros_sub:/home/deep/zed_ros2/install/zed_aruco_localization:/home/deep/zed_ros2/install/zed_components:/home/deep/zed_ros2/install/rviz_plugin_zed_od:/home/deep/Desktop/vectornav/install/vectornav:/home/deep/Desktop/vectornav/install/vectornav_msgs:/home/deep/Desktop/Controls/install/fmdv_msgs:/home/deep/Desktop/EUFS/install/mppi_controller:/home/deep/Desktop/EUFS/install/eufs_sensors:/home/deep/Desktop/EUFS/install/eufs_plugins:/home/deep/Desktop/EUFS/install/eufs_models:/home/deep/Desktop/EUFS/install/eufs_msgs:/home/deep/Modular_Recorder/HesaiLidar_ROS_2.0/install/hesai_ros_driver:/home/deep/Modular_Recorder/install/zed2i:/home/deep/Modular_Recorder/install/driver:/home/deep/Desktop/Controls/install/fmdv_monitor:/home/deep/Desktop/Controls/install/fmdv_code:/home/deep/Desktop/EUFS/install/eufs_launcher:/home/deep/Desktop/EUFS/install/eufs_tracks:/home/deep/Desktop/EUFS/install/eufs_rqt:/home/deep/Desktop/EUFS/install/eufs_racecar:/opt/ros/humble LD_LIBRARY_PATH=/home/deep/Modular_Recorder/vectornav/install/vectornav_msgs/lib:/home/deep/Modular_Recorder/vectornav/install/vectornav/lib:/home/deep/Modular_Recorder/install/vectornav/lib:/home/deep/Modular_Recorder/install/vectornav_msgs/lib:/home/deep/Modular_Recorder/install/hesai_ros_driver/lib:/home/deep/zed_ros2/install/zed_ipc/lib:/home/deep/zed_ros2/install/zed_topic_benchmark_component/lib:/home/deep/zed_ros2/install/zed_topic_benchmark_interfaces/lib:/home/deep/zed_ros2/install/zed_rgb_convert/lib:/home/deep/zed_ros2/install/zed_aruco_localization/lib:/home/deep/zed_ros2/install/zed_components/lib:/home/deep/zed_ros2/install/rviz_plugin_zed_od/lib:/home/deep/Desktop/vectornav/install/vectornav/lib:/home/deep/Desktop/vectornav/install/vectornav_msgs/lib:/home/deep/Desktop/Controls/install/fmdv_msgs/lib:/home/deep/Desktop/EUFS/install/eufs_plugins/lib:/home/deep/Desktop/EUFS/install/eufs_models/lib:/home/deep/Desktop/EUFS/install/eufs_msgs/lib:/home/deep/Modular_Recorder/HesaiLidar_ROS_2.0/install/hesai_ros_driver/lib:/usr/local/cuda-12.2/lib64:/usr/local/cuda-12.2/lib64:/usr/lib/x86_64-linux-gnu/gazebo-11/plugins:/opt/ros/humble/opt/rviz_ogre_vendor/lib:/opt/ros/humble/lib/x86_64-linux-gnu:/opt/ros/humble/lib /usr/bin/cmake --build /home/deep/Modular_Recorder/vectornav/build/vectornav -- -j16 -l16
[0.201s] Invoking command in '/home/deep/Modular_Recorder/vectornav/build/vectornav': CMAKE_PREFIX_PATH=/home/deep/Modular_Recorder/vectornav/install/vectornav_msgs:/home/deep/Modular_Recorder/vectornav/install/vectornav:/home/deep/Modular_Recorder/install/vectornav:/home/deep/Modular_Recorder/install/vectornav_msgs:/home/deep/Modular_Recorder/install/hesai_ros_driver:/home/deep/zed_ros2/install/zed_ros2:/home/deep/zed_ros2/install/zed_robot_integration:/home/deep/zed_ros2/install/zed_ipc:/home/deep/zed_ros2/install/zed_multi_camera:/home/deep/zed_ros2/install/zed_isaac_ros_multi_camera:/home/deep/zed_ros2/install/zed_isaac_ros_april_tag:/home/deep/zed_ros2/install/zed_display_rviz2:/home/deep/zed_ros2/install/zed_depth_to_laserscan:/home/deep/zed_ros2/install/zed_wrapper:/home/deep/zed_ros2/install/zed_tutorial_video:/home/deep/zed_ros2/install/zed_tutorial_pos_tracking:/home/deep/zed_ros2/install/zed_tutorial_depth:/home/deep/zed_ros2/install/zed_topic_benchmark:/home/deep/zed_ros2/install/zed_topic_benchmark_component:/home/deep/zed_ros2/install/zed_topic_benchmark_interfaces:/home/deep/zed_ros2/install/zed_rgb_convert:/home/deep/zed_ros2/install/zed_isaac_ros_nitros_sub:/home/deep/zed_ros2/install/zed_aruco_localization:/home/deep/zed_ros2/install/zed_components:/home/deep/zed_ros2/install/rviz_plugin_zed_od:/home/deep/Desktop/vectornav/install/vectornav:/home/deep/Desktop/vectornav/install/vectornav_msgs:/home/deep/Desktop/Controls/install/fmdv_msgs:/home/deep/Desktop/EUFS/install/mppi_controller:/home/deep/Desktop/EUFS/install/eufs_sensors:/home/deep/Desktop/EUFS/install/eufs_plugins:/home/deep/Desktop/EUFS/install/eufs_models:/home/deep/Desktop/EUFS/install/eufs_msgs:/home/deep/Modular_Recorder/HesaiLidar_ROS_2.0/install/hesai_ros_driver:/home/deep/Modular_Recorder/install/zed2i:/home/deep/Modular_Recorder/install/driver:/home/deep/Desktop/Controls/install/fmdv_monitor:/home/deep/Desktop/Controls/install/fmdv_code:/home/deep/Desktop/EUFS/install/eufs_launcher:/home/deep/Desktop/EUFS/install/eufs_tracks:/home/deep/Desktop/EUFS/install/eufs_rqt:/home/deep/Desktop/EUFS/install/eufs_racecar:/opt/ros/humble LD_LIBRARY_PATH=/home/deep/Modular_Recorder/vectornav/install/vectornav_msgs/lib:/home/deep/Modular_Recorder/vectornav/install/vectornav/lib:/home/deep/Modular_Recorder/install/vectornav/lib:/home/deep/Modular_Recorder/install/vectornav_msgs/lib:/home/deep/Modular_Recorder/install/hesai_ros_driver/lib:/home/deep/zed_ros2/install/zed_ipc/lib:/home/deep/zed_ros2/install/zed_topic_benchmark_component/lib:/home/deep/zed_ros2/install/zed_topic_benchmark_interfaces/lib:/home/deep/zed_ros2/install/zed_rgb_convert/lib:/home/deep/zed_ros2/install/zed_aruco_localization/lib:/home/deep/zed_ros2/install/zed_components/lib:/home/deep/zed_ros2/install/rviz_plugin_zed_od/lib:/home/deep/Desktop/vectornav/install/vectornav/lib:/home/deep/Desktop/vectornav/install/vectornav_msgs/lib:/home/deep/Desktop/Controls/install/fmdv_msgs/lib:/home/deep/Desktop/EUFS/install/eufs_plugins/lib:/home/deep/Desktop/EUFS/install/eufs_models/lib:/home/deep/Desktop/EUFS/install/eufs_msgs/lib:/home/deep/Modular_Recorder/HesaiLidar_ROS_2.0/install/hesai_ros_driver/lib:/usr/local/cuda-12.2/lib64:/usr/local/cuda-12.2/lib64:/usr/lib/x86_64-linux-gnu/gazebo-11/plugins:/opt/ros/humble/opt/rviz_ogre_vendor/lib:/opt/ros/humble/lib/x86_64-linux-gnu:/opt/ros/humble/lib /usr/bin/cmake --install /home/deep/Modular_Recorder/vectornav/build/vectornav
[0.211s] -- Install configuration: ""
[0.211s] -- Up-to-date: /home/deep/Modular_Recorder/vectornav/install/vectornav/lib/libvectornav_lib.so
[0.211s] -- Up-to-date: /home/deep/Modular_Recorder/vectornav/install/vectornav/lib/libvn_sensor_msgs_lib.so
[0.212s] -- Up-to-date: /home/deep/Modular_Recorder/vectornav/install/vectornav/lib/vectornav/vectornav
[0.212s] -- Up-to-date: /home/deep/Modular_Recorder/vectornav/install/vectornav/lib/vectornav/vn_sensor_msgs
[0.212s] -- Up-to-date: /home/deep/Modular_Recorder/vectornav/install/vectornav/share/vectornav//config
[0.212s] -- Up-to-date: /home/deep/Modular_Recorder/vectornav/install/vectornav/share/vectornav//config/vn_sensor_msgs_composable.yaml
[0.213s] -- Up-to-date: /home/deep/Modular_Recorder/vectornav/install/vectornav/share/vectornav//config/vn_100_800hz.yaml
[0.213s] -- Installing: /home/deep/Modular_Recorder/vectornav/install/vectornav/share/vectornav//config/vectornav.yaml
[0.213s] -- Up-to-date: /home/deep/Modular_Recorder/vectornav/install/vectornav/share/vectornav//config/vectornav_composable.yaml
[0.213s] -- Up-to-date: /home/deep/Modular_Recorder/vectornav/install/vectornav/share/vectornav//launch
[0.213s] -- Up-to-date: /home/deep/Modular_Recorder/vectornav/install/vectornav/share/vectornav//launch/vectornav.launch.py
[0.213s] -- Up-to-date: /home/deep/Modular_Recorder/vectornav/install/vectornav/share/vectornav//launch/vectornav_composable.launch.py
[0.213s] -- Up-to-date: /home/deep/Modular_Recorder/vectornav/install/vectornav/share/ament_index/resource_index/package_run_dependencies/vectornav
[0.213s] -- Up-to-date: /home/deep/Modular_Recorder/vectornav/install/vectornav/share/ament_index/resource_index/parent_prefix_path/vectornav
[0.213s] -- Up-to-date: /home/deep/Modular_Recorder/vectornav/install/vectornav/share/vectornav/environment/ament_prefix_path.sh
[0.213s] -- Up-to-date: /home/deep/Modular_Recorder/vectornav/install/vectornav/share/vectornav/environment/ament_prefix_path.dsv
[0.213s] -- Up-to-date: /home/deep/Modular_Recorder/vectornav/install/vectornav/share/vectornav/environment/path.sh
[0.213s] -- Up-to-date: /home/deep/Modular_Recorder/vectornav/install/vectornav/share/vectornav/environment/path.dsv
[0.213s] -- Up-to-date: /home/deep/Modular_Recorder/vectornav/install/vectornav/share/vectornav/local_setup.bash
[0.213s] -- Up-to-date: /home/deep/Modular_Recorder/vectornav/install/vectornav/share/vectornav/local_setup.sh
[0.213s] -- Up-to-date: /home/deep/Modular_Recorder/vectornav/install/vectornav/share/vectornav/local_setup.zsh
[0.213s] -- Up-to-date: /home/deep/Modular_Recorder/vectornav/install/vectornav/share/vectornav/local_setup.dsv
[0.213s] -- Installing: /home/deep/Modular_Recorder/vectornav/install/vectornav/share/vectornav/package.dsv
[0.213s] -- Up-to-date: /home/deep/Modular_Recorder/vectornav/install/vectornav/share/ament_index/resource_index/packages/vectornav
[0.214s] -- Up-to-date: /home/deep/Modular_Recorder/vectornav/install/vectornav/share/ament_index/resource_index/rclcpp_components/vectornav
[0.214s] -- Up-to-date: /home/deep/Modular_Recorder/vectornav/install/vectornav/share/vectornav/cmake/ament_cmake_export_dependencies-extras.cmake
[0.214s] -- Up-to-date: /home/deep/Modular_Recorder/vectornav/install/vectornav/share/vectornav/cmake/vectornavConfig.cmake
[0.214s] -- Up-to-date: /home/deep/Modular_Recorder/vectornav/install/vectornav/share/vectornav/cmake/vectornavConfig-version.cmake
[0.214s] -- Up-to-date: /home/deep/Modular_Recorder/vectornav/install/vectornav/share/vectornav/package.xml
[0.214s] -- Up-to-date: /home/deep/Modular_Recorder/vectornav/install/vectornav/lib/libvncxx.so
[0.214s] -- Up-to-date: /home/deep/Modular_Recorder/vectornav/install/vectornav/include/vn
[0.214s] -- Up-to-date: /home/deep/Modular_Recorder/vectornav/install/vectornav/include/vn/consts.h
[0.214s] -- Up-to-date: /home/deep/Modular_Recorder/vectornav/install/vectornav/include/vn/memoryport.h
[0.214s] -- Up-to-date: /home/deep/Modular_Recorder/vectornav/install/vectornav/include/vn/serialport.h
[0.214s] -- Up-to-date: /home/deep/Modular_Recorder/vectornav/install/vectornav/include/vn/dllvalidator.h
[0.214s] -- Up-to-date: /home/deep/Modular_Recorder/vectornav/install/vectornav/include/vn/position.h
[0.214s] -- Up-to-date: /home/deep/Modular_Recorder/vectornav/install/vectornav/include/vn/thread.h
[0.214s] -- Up-to-date: /home/deep/Modular_Recorder/vectornav/install/vectornav/include/vn/event.h
[0.215s] -- Up-to-date: /home/deep/Modular_Recorder/vectornav/install/vectornav/include/vn/criticalsection.h
[0.215s] -- Up-to-date: /home/deep/Modular_Recorder/vectornav/install/vectornav/include/vn/signal.h
[0.215s] -- Up-to-date: /home/deep/Modular_Recorder/vectornav/install/vectornav/include/vn/nocopy.h
[0.215s] -- Up-to-date: /home/deep/Modular_Recorder/vectornav/install/vectornav/include/vn/boostpython.h
[0.215s] -- Up-to-date: /home/deep/Modular_Recorder/vectornav/install/vectornav/include/vn/matrix.h
[0.215s] -- Up-to-date: /home/deep/Modular_Recorder/vectornav/install/vectornav/include/vn/vntime.h
[0.215s] -- Up-to-date: /home/deep/Modular_Recorder/vectornav/install/vectornav/include/vn/packet.h
[0.215s] -- Up-to-date: /home/deep/Modular_Recorder/vectornav/install/vectornav/include/vn/mock.h
[0.215s] -- Up-to-date: /home/deep/Modular_Recorder/vectornav/install/vectornav/include/vn/int.h
[0.215s] -- Up-to-date: /home/deep/Modular_Recorder/vectornav/install/vectornav/include/vn/conversions.h
[0.215s] -- Up-to-date: /home/deep/Modular_Recorder/vectornav/install/vectornav/include/vn/sensors.h
[0.215s] -- Up-to-date: /home/deep/Modular_Recorder/vectornav/install/vectornav/include/vn/util.h
[0.215s] -- Up-to-date: /home/deep/Modular_Recorder/vectornav/install/vectornav/include/vn/vector.h
[0.215s] -- Up-to-date: /home/deep/Modular_Recorder/vectornav/install/vectornav/include/vn/rtcmmessage.h
[0.215s] -- Up-to-date: /home/deep/Modular_Recorder/vectornav/install/vectornav/include/vn/error_detection.h
[0.215s] -- Up-to-date: /home/deep/Modular_Recorder/vectornav/install/vectornav/include/vn/compositedata.h
[0.215s] -- Up-to-date: /home/deep/Modular_Recorder/vectornav/install/vectornav/include/vn/types.h
[0.215s] -- Up-to-date: /home/deep/Modular_Recorder/vectornav/install/vectornav/include/vn/export.h
[0.215s] -- Up-to-date: /home/deep/Modular_Recorder/vectornav/install/vectornav/include/vn/ezasyncdata.h
[0.216s] -- Up-to-date: /home/deep/Modular_Recorder/vectornav/install/vectornav/include/vn/packetfinder.h
[0.216s] -- Up-to-date: /home/deep/Modular_Recorder/vectornav/install/vectornav/include/vn/utilities.h
[0.216s] -- Up-to-date: /home/deep/Modular_Recorder/vectornav/install/vectornav/include/vn/searcher.h
[0.216s] -- Up-to-date: /home/deep/Modular_Recorder/vectornav/install/vectornav/include/vn/registers.h
[0.216s] -- Up-to-date: /home/deep/Modular_Recorder/vectornav/install/vectornav/include/vn/port.h
[0.216s] -- Up-to-date: /home/deep/Modular_Recorder/vectornav/install/vectornav/include/vn/rtcmlistener.h
[0.216s] -- Up-to-date: /home/deep/Modular_Recorder/vectornav/install/vectornav/include/vn/compiler.h
[0.216s] -- Up-to-date: /home/deep/Modular_Recorder/vectornav/install/vectornav/include/vn/attitude.h
[0.216s] -- Up-to-date: /home/deep/Modular_Recorder/vectornav/install/vectornav/include/vn/exceptions.h
[0.218s] Invoked command in '/home/deep/Modular_Recorder/vectornav/build/vectornav' returned '0': CMAKE_PREFIX_PATH=/home/deep/Modular_Recorder/vectornav/install/vectornav_msgs:/home/deep/Modular_Recorder/vectornav/install/vectornav:/home/deep/Modular_Recorder/install/vectornav:/home/deep/Modular_Recorder/install/vectornav_msgs:/home/deep/Modular_Recorder/install/hesai_ros_driver:/home/deep/zed_ros2/install/zed_ros2:/home/deep/zed_ros2/install/zed_robot_integration:/home/deep/zed_ros2/install/zed_ipc:/home/deep/zed_ros2/install/zed_multi_camera:/home/deep/zed_ros2/install/zed_isaac_ros_multi_camera:/home/deep/zed_ros2/install/zed_isaac_ros_april_tag:/home/deep/zed_ros2/install/zed_display_rviz2:/home/deep/zed_ros2/install/zed_depth_to_laserscan:/home/deep/zed_ros2/install/zed_wrapper:/home/deep/zed_ros2/install/zed_tutorial_video:/home/deep/zed_ros2/install/zed_tutorial_pos_tracking:/home/deep/zed_ros2/install/zed_tutorial_depth:/home/deep/zed_ros2/install/zed_topic_benchmark:/home/deep/zed_ros2/install/zed_topic_benchmark_component:/home/deep/zed_ros2/install/zed_topic_benchmark_interfaces:/home/deep/zed_ros2/install/zed_rgb_convert:/home/deep/zed_ros2/install/zed_isaac_ros_nitros_sub:/home/deep/zed_ros2/install/zed_aruco_localization:/home/deep/zed_ros2/install/zed_components:/home/deep/zed_ros2/install/rviz_plugin_zed_od:/home/deep/Desktop/vectornav/install/vectornav:/home/deep/Desktop/vectornav/install/vectornav_msgs:/home/deep/Desktop/Controls/install/fmdv_msgs:/home/deep/Desktop/EUFS/install/mppi_controller:/home/deep/Desktop/EUFS/install/eufs_sensors:/home/deep/Desktop/EUFS/install/eufs_plugins:/home/deep/Desktop/EUFS/install/eufs_models:/home/deep/Desktop/EUFS/install/eufs_msgs:/home/deep/Modular_Recorder/HesaiLidar_ROS_2.0/install/hesai_ros_driver:/home/deep/Modular_Recorder/install/zed2i:/home/deep/Modular_Recorder/install/driver:/home/deep/Desktop/Controls/install/fmdv_monitor:/home/deep/Desktop/Controls/install/fmdv_code:/home/deep/Desktop/EUFS/install/eufs_launcher:/home/deep/Desktop/EUFS/install/eufs_tracks:/home/deep/Desktop/EUFS/install/eufs_rqt:/home/deep/Desktop/EUFS/install/eufs_racecar:/opt/ros/humble LD_LIBRARY_PATH=/home/deep/Modular_Recorder/vectornav/install/vectornav_msgs/lib:/home/deep/Modular_Recorder/vectornav/install/vectornav/lib:/home/deep/Modular_Recorder/install/vectornav/lib:/home/deep/Modular_Recorder/install/vectornav_msgs/lib:/home/deep/Modular_Recorder/install/hesai_ros_driver/lib:/home/deep/zed_ros2/install/zed_ipc/lib:/home/deep/zed_ros2/install/zed_topic_benchmark_component/lib:/home/deep/zed_ros2/install/zed_topic_benchmark_interfaces/lib:/home/deep/zed_ros2/install/zed_rgb_convert/lib:/home/deep/zed_ros2/install/zed_aruco_localization/lib:/home/deep/zed_ros2/install/zed_components/lib:/home/deep/zed_ros2/install/rviz_plugin_zed_od/lib:/home/deep/Desktop/vectornav/install/vectornav/lib:/home/deep/Desktop/vectornav/install/vectornav_msgs/lib:/home/deep/Desktop/Controls/install/fmdv_msgs/lib:/home/deep/Desktop/EUFS/install/eufs_plugins/lib:/home/deep/Desktop/EUFS/install/eufs_models/lib:/home/deep/Desktop/EUFS/install/eufs_msgs/lib:/home/deep/Modular_Recorder/HesaiLidar_ROS_2.0/install/hesai_ros_driver/lib:/usr/local/cuda-12.2/lib64:/usr/local/cuda-12.2/lib64:/usr/lib/x86_64-linux-gnu/gazebo-11/plugins:/opt/ros/humble/opt/rviz_ogre_vendor/lib:/opt/ros/humble/lib/x86_64-linux-gnu:/opt/ros/humble/lib /usr/bin/cmake --install /home/deep/Modular_Recorder/vectornav/build/vectornav
