[0.103s] DEBUG:colcon:Command line arguments: ['/usr/bin/colcon', 'build', '--packages-select', 'vectornav']
[0.103s] DEBUG:colcon:Parsed command line arguments: Namespace(log_base=None, log_level=None, verb_name='build', build_base='build', install_base='install', merge_install=False, symlink_install=False, test_result_base=None, continue_on_error=False, executor='parallel', parallel_workers=16, event_handlers=None, ignore_user_meta=False, metas=['./colcon.meta'], base_paths=['.'], packages_ignore=None, packages_ignore_regex=None, paths=None, packages_up_to=None, packages_up_to_regex=None, packages_above=None, packages_above_and_dependencies=None, packages_above_depth=None, packages_select_by_dep=None, packages_skip_by_dep=None, packages_skip_up_to=None, packages_select_build_failed=False, packages_skip_build_finished=False, packages_select_test_failures=False, packages_skip_test_passed=False, packages_select=['vectornav'], packages_skip=None, packages_select_regex=None, packages_skip_regex=None, packages_start=None, packages_end=None, allow_overriding=[], cmake_args=None, cmake_target=None, cmake_target_skip_unavailable=False, cmake_clean_cache=False, cmake_clean_first=False, cmake_force_configure=False, ament_cmake_args=None, catkin_cmake_args=None, catkin_skip_building_tests=False, mixin_files=None, mixin=None, verb_parser=<colcon_mixin.mixin.mixin_argument.MixinArgumentDecorator object at 0x76486fb9dba0>, verb_extension=<colcon_core.verb.build.BuildVerb object at 0x76486fb9d630>, main=<bound method BuildVerb.main of <colcon_core.verb.build.BuildVerb object at 0x76486fb9d630>>, mixin_verb=('build',))
[0.287s] Level 1:colcon.colcon_core.package_discovery:discover_packages(colcon_meta) check parameters
[0.288s] Level 1:colcon.colcon_core.package_discovery:discover_packages(recursive) check parameters
[0.288s] Level 1:colcon.colcon_core.package_discovery:discover_packages(ignore) check parameters
[0.288s] Level 1:colcon.colcon_core.package_discovery:discover_packages(path) check parameters
[0.288s] Level 1:colcon.colcon_core.package_discovery:discover_packages(colcon_meta) discover
[0.288s] Level 1:colcon.colcon_core.package_discovery:discover_packages(recursive) discover
[0.288s] INFO:colcon.colcon_core.package_discovery:Crawling recursively for packages in '/home/deep/Modular_Recorder/vectornav'
[0.288s] Level 1:colcon.colcon_core.package_identification:_identify(.) by extensions ['ignore', 'ignore_ament_install']
[0.288s] Level 1:colcon.colcon_core.package_identification:_identify(.) by extension 'ignore'
[0.288s] Level 1:colcon.colcon_core.package_identification:_identify(.) by extension 'ignore_ament_install'
[0.288s] Level 1:colcon.colcon_core.package_identification:_identify(.) by extensions ['colcon_pkg']
[0.288s] Level 1:colcon.colcon_core.package_identification:_identify(.) by extension 'colcon_pkg'
[0.288s] Level 1:colcon.colcon_core.package_identification:_identify(.) by extensions ['colcon_meta']
[0.288s] Level 1:colcon.colcon_core.package_identification:_identify(.) by extension 'colcon_meta'
[0.288s] Level 1:colcon.colcon_core.package_identification:_identify(.) by extensions ['ros']
[0.288s] Level 1:colcon.colcon_core.package_identification:_identify(.) by extension 'ros'
[0.311s] Level 1:colcon.colcon_core.package_identification:_identify(.) by extensions ['cmake', 'python']
[0.311s] Level 1:colcon.colcon_core.package_identification:_identify(.) by extension 'cmake'
[0.311s] Level 1:colcon.colcon_core.package_identification:_identify(.) by extension 'python'
[0.312s] Level 1:colcon.colcon_core.package_identification:_identify(.) by extensions ['python_setup_py']
[0.312s] Level 1:colcon.colcon_core.package_identification:_identify(.) by extension 'python_setup_py'
[0.312s] Level 1:colcon.colcon_core.package_identification:_identify(build) by extensions ['ignore', 'ignore_ament_install']
[0.312s] Level 1:colcon.colcon_core.package_identification:_identify(build) by extension 'ignore'
[0.312s] Level 1:colcon.colcon_core.package_identification:_identify(build) ignored
[0.312s] Level 1:colcon.colcon_core.package_identification:_identify(install) by extensions ['ignore', 'ignore_ament_install']
[0.312s] Level 1:colcon.colcon_core.package_identification:_identify(install) by extension 'ignore'
[0.312s] Level 1:colcon.colcon_core.package_identification:_identify(install) ignored
[0.312s] Level 1:colcon.colcon_core.package_identification:_identify(log) by extensions ['ignore', 'ignore_ament_install']
[0.312s] Level 1:colcon.colcon_core.package_identification:_identify(log) by extension 'ignore'
[0.312s] Level 1:colcon.colcon_core.package_identification:_identify(log) ignored
[0.312s] Level 1:colcon.colcon_core.package_identification:_identify(vectornav) by extensions ['ignore', 'ignore_ament_install']
[0.312s] Level 1:colcon.colcon_core.package_identification:_identify(vectornav) by extension 'ignore'
[0.312s] Level 1:colcon.colcon_core.package_identification:_identify(vectornav) by extension 'ignore_ament_install'
[0.312s] Level 1:colcon.colcon_core.package_identification:_identify(vectornav) by extensions ['colcon_pkg']
[0.312s] Level 1:colcon.colcon_core.package_identification:_identify(vectornav) by extension 'colcon_pkg'
[0.312s] Level 1:colcon.colcon_core.package_identification:_identify(vectornav) by extensions ['colcon_meta']
[0.312s] Level 1:colcon.colcon_core.package_identification:_identify(vectornav) by extension 'colcon_meta'
[0.312s] Level 1:colcon.colcon_core.package_identification:_identify(vectornav) by extensions ['ros']
[0.312s] Level 1:colcon.colcon_core.package_identification:_identify(vectornav) by extension 'ros'
[0.315s] DEBUG:colcon.colcon_core.package_identification:Package 'vectornav' with type 'ros.ament_cmake' and name 'vectornav'
[0.315s] Level 1:colcon.colcon_core.package_identification:_identify(vectornav_msgs) by extensions ['ignore', 'ignore_ament_install']
[0.315s] Level 1:colcon.colcon_core.package_identification:_identify(vectornav_msgs) by extension 'ignore'
[0.315s] Level 1:colcon.colcon_core.package_identification:_identify(vectornav_msgs) by extension 'ignore_ament_install'
[0.315s] Level 1:colcon.colcon_core.package_identification:_identify(vectornav_msgs) by extensions ['colcon_pkg']
[0.315s] Level 1:colcon.colcon_core.package_identification:_identify(vectornav_msgs) by extension 'colcon_pkg'
[0.315s] Level 1:colcon.colcon_core.package_identification:_identify(vectornav_msgs) by extensions ['colcon_meta']
[0.315s] Level 1:colcon.colcon_core.package_identification:_identify(vectornav_msgs) by extension 'colcon_meta'
[0.315s] Level 1:colcon.colcon_core.package_identification:_identify(vectornav_msgs) by extensions ['ros']
[0.315s] Level 1:colcon.colcon_core.package_identification:_identify(vectornav_msgs) by extension 'ros'
[0.316s] DEBUG:colcon.colcon_core.package_identification:Package 'vectornav_msgs' with type 'ros.ament_cmake' and name 'vectornav_msgs'
[0.316s] Level 1:colcon.colcon_core.package_discovery:discover_packages(recursive) using defaults
[0.316s] Level 1:colcon.colcon_core.package_discovery:discover_packages(ignore) discover
[0.316s] Level 1:colcon.colcon_core.package_discovery:discover_packages(ignore) using defaults
[0.316s] Level 1:colcon.colcon_core.package_discovery:discover_packages(path) discover
[0.316s] Level 1:colcon.colcon_core.package_discovery:discover_packages(path) using defaults
[0.334s] INFO:colcon.colcon_core.package_selection:Skipping not selected package 'vectornav_msgs' in 'vectornav_msgs'
[0.335s] Level 1:colcon.colcon_core.package_discovery:discover_packages(prefix_path) check parameters
[0.335s] Level 1:colcon.colcon_core.package_discovery:discover_packages(prefix_path) discover
[0.338s] DEBUG:colcon.colcon_installed_package_information.package_discovery:Found 2 installed packages in /home/deep/Modular_Recorder/vectornav/install
[0.338s] DEBUG:colcon.colcon_installed_package_information.package_discovery:Found 6 installed packages in /home/deep/Modular_Recorder/install
[0.339s] DEBUG:colcon.colcon_installed_package_information.package_discovery:Found 20 installed packages in /home/deep/zed_ros2/install
[0.340s] DEBUG:colcon.colcon_installed_package_information.package_discovery:Found 2 installed packages in /home/deep/Desktop/vectornav/install
[0.340s] DEBUG:colcon.colcon_installed_package_information.package_discovery:Found 3 installed packages in /home/deep/Desktop/Controls/install
[0.341s] DEBUG:colcon.colcon_installed_package_information.package_discovery:Found 9 installed packages in /home/deep/Desktop/EUFS/install
[0.341s] DEBUG:colcon.colcon_installed_package_information.package_discovery:Found 1 installed packages in /home/deep/Modular_Recorder/HesaiLidar_ROS_2.0/install
[0.343s] DEBUG:colcon.colcon_installed_package_information.package_discovery:Found 302 installed packages in /opt/ros/humble
[0.344s] Level 1:colcon.colcon_core.package_discovery:discover_packages(prefix_path) using defaults
[0.380s] Level 5:colcon.colcon_core.verb:set package 'vectornav' build argument 'cmake_args' from command line to 'None'
[0.380s] Level 5:colcon.colcon_core.verb:set package 'vectornav' build argument 'cmake_target' from command line to 'None'
[0.380s] Level 5:colcon.colcon_core.verb:set package 'vectornav' build argument 'cmake_target_skip_unavailable' from command line to 'False'
[0.380s] Level 5:colcon.colcon_core.verb:set package 'vectornav' build argument 'cmake_clean_cache' from command line to 'False'
[0.380s] Level 5:colcon.colcon_core.verb:set package 'vectornav' build argument 'cmake_clean_first' from command line to 'False'
[0.380s] Level 5:colcon.colcon_core.verb:set package 'vectornav' build argument 'cmake_force_configure' from command line to 'False'
[0.380s] Level 5:colcon.colcon_core.verb:set package 'vectornav' build argument 'ament_cmake_args' from command line to 'None'
[0.380s] Level 5:colcon.colcon_core.verb:set package 'vectornav' build argument 'catkin_cmake_args' from command line to 'None'
[0.380s] Level 5:colcon.colcon_core.verb:set package 'vectornav' build argument 'catkin_skip_building_tests' from command line to 'False'
[0.380s] DEBUG:colcon.colcon_core.verb:Building package 'vectornav' with the following arguments: {'ament_cmake_args': None, 'build_base': '/home/deep/Modular_Recorder/vectornav/build/vectornav', 'catkin_cmake_args': None, 'catkin_skip_building_tests': False, 'cmake_args': None, 'cmake_clean_cache': False, 'cmake_clean_first': False, 'cmake_force_configure': False, 'cmake_target': None, 'cmake_target_skip_unavailable': False, 'install_base': '/home/deep/Modular_Recorder/vectornav/install/vectornav', 'merge_install': False, 'path': '/home/deep/Modular_Recorder/vectornav/vectornav', 'symlink_install': False, 'test_result_base': None}
[0.381s] INFO:colcon.colcon_core.executor:Executing jobs using 'parallel' executor
[0.381s] DEBUG:colcon.colcon_parallel_executor.executor.parallel:run_until_complete
[0.382s] INFO:colcon.colcon_ros.task.ament_cmake.build:Building ROS package in '/home/deep/Modular_Recorder/vectornav/vectornav' with build type 'ament_cmake'
[0.382s] INFO:colcon.colcon_cmake.task.cmake.build:Building CMake package in '/home/deep/Modular_Recorder/vectornav/vectornav'
[0.384s] INFO:colcon.colcon_core.plugin_system:Skipping extension 'colcon_core.shell.bat': Not used on non-Windows systems
[0.384s] INFO:colcon.colcon_core.shell:Skip shell extension 'powershell' for command environment: Not usable outside of PowerShell
[0.384s] DEBUG:colcon.colcon_core.shell:Skip shell extension 'dsv' for command environment
[0.402s] DEBUG:colcon.colcon_core.event_handler.log_command:Invoking command in '/home/deep/Modular_Recorder/vectornav/build/vectornav': CMAKE_PREFIX_PATH=/home/deep/Modular_Recorder/vectornav/install/vectornav_msgs:/home/deep/Modular_Recorder/vectornav/install/vectornav:/home/deep/Modular_Recorder/install/vectornav:/home/deep/Modular_Recorder/install/vectornav_msgs:/home/deep/Modular_Recorder/install/hesai_ros_driver:/home/deep/zed_ros2/install/zed_ros2:/home/deep/zed_ros2/install/zed_robot_integration:/home/deep/zed_ros2/install/zed_ipc:/home/deep/zed_ros2/install/zed_multi_camera:/home/deep/zed_ros2/install/zed_isaac_ros_multi_camera:/home/deep/zed_ros2/install/zed_isaac_ros_april_tag:/home/deep/zed_ros2/install/zed_display_rviz2:/home/deep/zed_ros2/install/zed_depth_to_laserscan:/home/deep/zed_ros2/install/zed_wrapper:/home/deep/zed_ros2/install/zed_tutorial_video:/home/deep/zed_ros2/install/zed_tutorial_pos_tracking:/home/deep/zed_ros2/install/zed_tutorial_depth:/home/deep/zed_ros2/install/zed_topic_benchmark:/home/deep/zed_ros2/install/zed_topic_benchmark_component:/home/deep/zed_ros2/install/zed_topic_benchmark_interfaces:/home/deep/zed_ros2/install/zed_rgb_convert:/home/deep/zed_ros2/install/zed_isaac_ros_nitros_sub:/home/deep/zed_ros2/install/zed_aruco_localization:/home/deep/zed_ros2/install/zed_components:/home/deep/zed_ros2/install/rviz_plugin_zed_od:/home/deep/Desktop/vectornav/install/vectornav:/home/deep/Desktop/vectornav/install/vectornav_msgs:/home/deep/Desktop/Controls/install/fmdv_msgs:/home/deep/Desktop/EUFS/install/mppi_controller:/home/deep/Desktop/EUFS/install/eufs_sensors:/home/deep/Desktop/EUFS/install/eufs_plugins:/home/deep/Desktop/EUFS/install/eufs_models:/home/deep/Desktop/EUFS/install/eufs_msgs:/home/deep/Modular_Recorder/HesaiLidar_ROS_2.0/install/hesai_ros_driver:/home/deep/Modular_Recorder/install/zed2i:/home/deep/Modular_Recorder/install/driver:/home/deep/Desktop/Controls/install/fmdv_monitor:/home/deep/Desktop/Controls/install/fmdv_code:/home/deep/Desktop/EUFS/install/eufs_launcher:/home/deep/Desktop/EUFS/install/eufs_tracks:/home/deep/Desktop/EUFS/install/eufs_rqt:/home/deep/Desktop/EUFS/install/eufs_racecar:/opt/ros/humble LD_LIBRARY_PATH=/home/deep/Modular_Recorder/vectornav/install/vectornav_msgs/lib:/home/deep/Modular_Recorder/vectornav/install/vectornav/lib:/home/deep/Modular_Recorder/install/vectornav/lib:/home/deep/Modular_Recorder/install/vectornav_msgs/lib:/home/deep/Modular_Recorder/install/hesai_ros_driver/lib:/home/deep/zed_ros2/install/zed_ipc/lib:/home/deep/zed_ros2/install/zed_topic_benchmark_component/lib:/home/deep/zed_ros2/install/zed_topic_benchmark_interfaces/lib:/home/deep/zed_ros2/install/zed_rgb_convert/lib:/home/deep/zed_ros2/install/zed_aruco_localization/lib:/home/deep/zed_ros2/install/zed_components/lib:/home/deep/zed_ros2/install/rviz_plugin_zed_od/lib:/home/deep/Desktop/vectornav/install/vectornav/lib:/home/deep/Desktop/vectornav/install/vectornav_msgs/lib:/home/deep/Desktop/Controls/install/fmdv_msgs/lib:/home/deep/Desktop/EUFS/install/eufs_plugins/lib:/home/deep/Desktop/EUFS/install/eufs_models/lib:/home/deep/Desktop/EUFS/install/eufs_msgs/lib:/home/deep/Modular_Recorder/HesaiLidar_ROS_2.0/install/hesai_ros_driver/lib:/usr/local/cuda-12.2/lib64:/usr/local/cuda-12.2/lib64:/usr/lib/x86_64-linux-gnu/gazebo-11/plugins:/opt/ros/humble/opt/rviz_ogre_vendor/lib:/opt/ros/humble/lib/x86_64-linux-gnu:/opt/ros/humble/lib /usr/bin/cmake --build /home/deep/Modular_Recorder/vectornav/build/vectornav -- -j16 -l16
[0.590s] DEBUG:colcon.colcon_core.event_handler.log_command:Invoked command in '/home/deep/Modular_Recorder/vectornav/build/vectornav' returned '0': CMAKE_PREFIX_PATH=/home/deep/Modular_Recorder/vectornav/install/vectornav_msgs:/home/deep/Modular_Recorder/vectornav/install/vectornav:/home/deep/Modular_Recorder/install/vectornav:/home/deep/Modular_Recorder/install/vectornav_msgs:/home/deep/Modular_Recorder/install/hesai_ros_driver:/home/deep/zed_ros2/install/zed_ros2:/home/deep/zed_ros2/install/zed_robot_integration:/home/deep/zed_ros2/install/zed_ipc:/home/deep/zed_ros2/install/zed_multi_camera:/home/deep/zed_ros2/install/zed_isaac_ros_multi_camera:/home/deep/zed_ros2/install/zed_isaac_ros_april_tag:/home/deep/zed_ros2/install/zed_display_rviz2:/home/deep/zed_ros2/install/zed_depth_to_laserscan:/home/deep/zed_ros2/install/zed_wrapper:/home/deep/zed_ros2/install/zed_tutorial_video:/home/deep/zed_ros2/install/zed_tutorial_pos_tracking:/home/deep/zed_ros2/install/zed_tutorial_depth:/home/deep/zed_ros2/install/zed_topic_benchmark:/home/deep/zed_ros2/install/zed_topic_benchmark_component:/home/deep/zed_ros2/install/zed_topic_benchmark_interfaces:/home/deep/zed_ros2/install/zed_rgb_convert:/home/deep/zed_ros2/install/zed_isaac_ros_nitros_sub:/home/deep/zed_ros2/install/zed_aruco_localization:/home/deep/zed_ros2/install/zed_components:/home/deep/zed_ros2/install/rviz_plugin_zed_od:/home/deep/Desktop/vectornav/install/vectornav:/home/deep/Desktop/vectornav/install/vectornav_msgs:/home/deep/Desktop/Controls/install/fmdv_msgs:/home/deep/Desktop/EUFS/install/mppi_controller:/home/deep/Desktop/EUFS/install/eufs_sensors:/home/deep/Desktop/EUFS/install/eufs_plugins:/home/deep/Desktop/EUFS/install/eufs_models:/home/deep/Desktop/EUFS/install/eufs_msgs:/home/deep/Modular_Recorder/HesaiLidar_ROS_2.0/install/hesai_ros_driver:/home/deep/Modular_Recorder/install/zed2i:/home/deep/Modular_Recorder/install/driver:/home/deep/Desktop/Controls/install/fmdv_monitor:/home/deep/Desktop/Controls/install/fmdv_code:/home/deep/Desktop/EUFS/install/eufs_launcher:/home/deep/Desktop/EUFS/install/eufs_tracks:/home/deep/Desktop/EUFS/install/eufs_rqt:/home/deep/Desktop/EUFS/install/eufs_racecar:/opt/ros/humble LD_LIBRARY_PATH=/home/deep/Modular_Recorder/vectornav/install/vectornav_msgs/lib:/home/deep/Modular_Recorder/vectornav/install/vectornav/lib:/home/deep/Modular_Recorder/install/vectornav/lib:/home/deep/Modular_Recorder/install/vectornav_msgs/lib:/home/deep/Modular_Recorder/install/hesai_ros_driver/lib:/home/deep/zed_ros2/install/zed_ipc/lib:/home/deep/zed_ros2/install/zed_topic_benchmark_component/lib:/home/deep/zed_ros2/install/zed_topic_benchmark_interfaces/lib:/home/deep/zed_ros2/install/zed_rgb_convert/lib:/home/deep/zed_ros2/install/zed_aruco_localization/lib:/home/deep/zed_ros2/install/zed_components/lib:/home/deep/zed_ros2/install/rviz_plugin_zed_od/lib:/home/deep/Desktop/vectornav/install/vectornav/lib:/home/deep/Desktop/vectornav/install/vectornav_msgs/lib:/home/deep/Desktop/Controls/install/fmdv_msgs/lib:/home/deep/Desktop/EUFS/install/eufs_plugins/lib:/home/deep/Desktop/EUFS/install/eufs_models/lib:/home/deep/Desktop/EUFS/install/eufs_msgs/lib:/home/deep/Modular_Recorder/HesaiLidar_ROS_2.0/install/hesai_ros_driver/lib:/usr/local/cuda-12.2/lib64:/usr/local/cuda-12.2/lib64:/usr/lib/x86_64-linux-gnu/gazebo-11/plugins:/opt/ros/humble/opt/rviz_ogre_vendor/lib:/opt/ros/humble/lib/x86_64-linux-gnu:/opt/ros/humble/lib /usr/bin/cmake --build /home/deep/Modular_Recorder/vectornav/build/vectornav -- -j16 -l16
[0.604s] DEBUG:colcon.colcon_core.event_handler.log_command:Invoking command in '/home/deep/Modular_Recorder/vectornav/build/vectornav': CMAKE_PREFIX_PATH=/home/deep/Modular_Recorder/vectornav/install/vectornav_msgs:/home/deep/Modular_Recorder/vectornav/install/vectornav:/home/deep/Modular_Recorder/install/vectornav:/home/deep/Modular_Recorder/install/vectornav_msgs:/home/deep/Modular_Recorder/install/hesai_ros_driver:/home/deep/zed_ros2/install/zed_ros2:/home/deep/zed_ros2/install/zed_robot_integration:/home/deep/zed_ros2/install/zed_ipc:/home/deep/zed_ros2/install/zed_multi_camera:/home/deep/zed_ros2/install/zed_isaac_ros_multi_camera:/home/deep/zed_ros2/install/zed_isaac_ros_april_tag:/home/deep/zed_ros2/install/zed_display_rviz2:/home/deep/zed_ros2/install/zed_depth_to_laserscan:/home/deep/zed_ros2/install/zed_wrapper:/home/deep/zed_ros2/install/zed_tutorial_video:/home/deep/zed_ros2/install/zed_tutorial_pos_tracking:/home/deep/zed_ros2/install/zed_tutorial_depth:/home/deep/zed_ros2/install/zed_topic_benchmark:/home/deep/zed_ros2/install/zed_topic_benchmark_component:/home/deep/zed_ros2/install/zed_topic_benchmark_interfaces:/home/deep/zed_ros2/install/zed_rgb_convert:/home/deep/zed_ros2/install/zed_isaac_ros_nitros_sub:/home/deep/zed_ros2/install/zed_aruco_localization:/home/deep/zed_ros2/install/zed_components:/home/deep/zed_ros2/install/rviz_plugin_zed_od:/home/deep/Desktop/vectornav/install/vectornav:/home/deep/Desktop/vectornav/install/vectornav_msgs:/home/deep/Desktop/Controls/install/fmdv_msgs:/home/deep/Desktop/EUFS/install/mppi_controller:/home/deep/Desktop/EUFS/install/eufs_sensors:/home/deep/Desktop/EUFS/install/eufs_plugins:/home/deep/Desktop/EUFS/install/eufs_models:/home/deep/Desktop/EUFS/install/eufs_msgs:/home/deep/Modular_Recorder/HesaiLidar_ROS_2.0/install/hesai_ros_driver:/home/deep/Modular_Recorder/install/zed2i:/home/deep/Modular_Recorder/install/driver:/home/deep/Desktop/Controls/install/fmdv_monitor:/home/deep/Desktop/Controls/install/fmdv_code:/home/deep/Desktop/EUFS/install/eufs_launcher:/home/deep/Desktop/EUFS/install/eufs_tracks:/home/deep/Desktop/EUFS/install/eufs_rqt:/home/deep/Desktop/EUFS/install/eufs_racecar:/opt/ros/humble LD_LIBRARY_PATH=/home/deep/Modular_Recorder/vectornav/install/vectornav_msgs/lib:/home/deep/Modular_Recorder/vectornav/install/vectornav/lib:/home/deep/Modular_Recorder/install/vectornav/lib:/home/deep/Modular_Recorder/install/vectornav_msgs/lib:/home/deep/Modular_Recorder/install/hesai_ros_driver/lib:/home/deep/zed_ros2/install/zed_ipc/lib:/home/deep/zed_ros2/install/zed_topic_benchmark_component/lib:/home/deep/zed_ros2/install/zed_topic_benchmark_interfaces/lib:/home/deep/zed_ros2/install/zed_rgb_convert/lib:/home/deep/zed_ros2/install/zed_aruco_localization/lib:/home/deep/zed_ros2/install/zed_components/lib:/home/deep/zed_ros2/install/rviz_plugin_zed_od/lib:/home/deep/Desktop/vectornav/install/vectornav/lib:/home/deep/Desktop/vectornav/install/vectornav_msgs/lib:/home/deep/Desktop/Controls/install/fmdv_msgs/lib:/home/deep/Desktop/EUFS/install/eufs_plugins/lib:/home/deep/Desktop/EUFS/install/eufs_models/lib:/home/deep/Desktop/EUFS/install/eufs_msgs/lib:/home/deep/Modular_Recorder/HesaiLidar_ROS_2.0/install/hesai_ros_driver/lib:/usr/local/cuda-12.2/lib64:/usr/local/cuda-12.2/lib64:/usr/lib/x86_64-linux-gnu/gazebo-11/plugins:/opt/ros/humble/opt/rviz_ogre_vendor/lib:/opt/ros/humble/lib/x86_64-linux-gnu:/opt/ros/humble/lib /usr/bin/cmake --install /home/deep/Modular_Recorder/vectornav/build/vectornav
[0.621s] Level 1:colcon.colcon_core.environment:create_environment_scripts_only(vectornav)
[0.622s] DEBUG:colcon.colcon_core.event_handler.log_command:Invoked command in '/home/deep/Modular_Recorder/vectornav/build/vectornav' returned '0': CMAKE_PREFIX_PATH=/home/deep/Modular_Recorder/vectornav/install/vectornav_msgs:/home/deep/Modular_Recorder/vectornav/install/vectornav:/home/deep/Modular_Recorder/install/vectornav:/home/deep/Modular_Recorder/install/vectornav_msgs:/home/deep/Modular_Recorder/install/hesai_ros_driver:/home/deep/zed_ros2/install/zed_ros2:/home/deep/zed_ros2/install/zed_robot_integration:/home/deep/zed_ros2/install/zed_ipc:/home/deep/zed_ros2/install/zed_multi_camera:/home/deep/zed_ros2/install/zed_isaac_ros_multi_camera:/home/deep/zed_ros2/install/zed_isaac_ros_april_tag:/home/deep/zed_ros2/install/zed_display_rviz2:/home/deep/zed_ros2/install/zed_depth_to_laserscan:/home/deep/zed_ros2/install/zed_wrapper:/home/deep/zed_ros2/install/zed_tutorial_video:/home/deep/zed_ros2/install/zed_tutorial_pos_tracking:/home/deep/zed_ros2/install/zed_tutorial_depth:/home/deep/zed_ros2/install/zed_topic_benchmark:/home/deep/zed_ros2/install/zed_topic_benchmark_component:/home/deep/zed_ros2/install/zed_topic_benchmark_interfaces:/home/deep/zed_ros2/install/zed_rgb_convert:/home/deep/zed_ros2/install/zed_isaac_ros_nitros_sub:/home/deep/zed_ros2/install/zed_aruco_localization:/home/deep/zed_ros2/install/zed_components:/home/deep/zed_ros2/install/rviz_plugin_zed_od:/home/deep/Desktop/vectornav/install/vectornav:/home/deep/Desktop/vectornav/install/vectornav_msgs:/home/deep/Desktop/Controls/install/fmdv_msgs:/home/deep/Desktop/EUFS/install/mppi_controller:/home/deep/Desktop/EUFS/install/eufs_sensors:/home/deep/Desktop/EUFS/install/eufs_plugins:/home/deep/Desktop/EUFS/install/eufs_models:/home/deep/Desktop/EUFS/install/eufs_msgs:/home/deep/Modular_Recorder/HesaiLidar_ROS_2.0/install/hesai_ros_driver:/home/deep/Modular_Recorder/install/zed2i:/home/deep/Modular_Recorder/install/driver:/home/deep/Desktop/Controls/install/fmdv_monitor:/home/deep/Desktop/Controls/install/fmdv_code:/home/deep/Desktop/EUFS/install/eufs_launcher:/home/deep/Desktop/EUFS/install/eufs_tracks:/home/deep/Desktop/EUFS/install/eufs_rqt:/home/deep/Desktop/EUFS/install/eufs_racecar:/opt/ros/humble LD_LIBRARY_PATH=/home/deep/Modular_Recorder/vectornav/install/vectornav_msgs/lib:/home/deep/Modular_Recorder/vectornav/install/vectornav/lib:/home/deep/Modular_Recorder/install/vectornav/lib:/home/deep/Modular_Recorder/install/vectornav_msgs/lib:/home/deep/Modular_Recorder/install/hesai_ros_driver/lib:/home/deep/zed_ros2/install/zed_ipc/lib:/home/deep/zed_ros2/install/zed_topic_benchmark_component/lib:/home/deep/zed_ros2/install/zed_topic_benchmark_interfaces/lib:/home/deep/zed_ros2/install/zed_rgb_convert/lib:/home/deep/zed_ros2/install/zed_aruco_localization/lib:/home/deep/zed_ros2/install/zed_components/lib:/home/deep/zed_ros2/install/rviz_plugin_zed_od/lib:/home/deep/Desktop/vectornav/install/vectornav/lib:/home/deep/Desktop/vectornav/install/vectornav_msgs/lib:/home/deep/Desktop/Controls/install/fmdv_msgs/lib:/home/deep/Desktop/EUFS/install/eufs_plugins/lib:/home/deep/Desktop/EUFS/install/eufs_models/lib:/home/deep/Desktop/EUFS/install/eufs_msgs/lib:/home/deep/Modular_Recorder/HesaiLidar_ROS_2.0/install/hesai_ros_driver/lib:/usr/local/cuda-12.2/lib64:/usr/local/cuda-12.2/lib64:/usr/lib/x86_64-linux-gnu/gazebo-11/plugins:/opt/ros/humble/opt/rviz_ogre_vendor/lib:/opt/ros/humble/lib/x86_64-linux-gnu:/opt/ros/humble/lib /usr/bin/cmake --install /home/deep/Modular_Recorder/vectornav/build/vectornav
[0.625s] Level 1:colcon.colcon_core.environment:checking '/home/deep/Modular_Recorder/vectornav/install/vectornav' for CMake module files
[0.626s] Level 1:colcon.colcon_core.environment:checking '/home/deep/Modular_Recorder/vectornav/install/vectornav' for CMake config files
[0.626s] Level 1:colcon.colcon_core.shell:create_environment_hook('vectornav', 'cmake_prefix_path')
[0.627s] INFO:colcon.colcon_core.shell:Creating environment hook '/home/deep/Modular_Recorder/vectornav/install/vectornav/share/vectornav/hook/cmake_prefix_path.ps1'
[0.627s] INFO:colcon.colcon_core.shell:Creating environment descriptor '/home/deep/Modular_Recorder/vectornav/install/vectornav/share/vectornav/hook/cmake_prefix_path.dsv'
[0.628s] INFO:colcon.colcon_core.shell:Creating environment hook '/home/deep/Modular_Recorder/vectornav/install/vectornav/share/vectornav/hook/cmake_prefix_path.sh'
[0.628s] Level 1:colcon.colcon_core.environment:checking '/home/deep/Modular_Recorder/vectornav/install/vectornav/lib'
[0.628s] Level 1:colcon.colcon_core.shell:create_environment_hook('vectornav', 'ld_library_path_lib')
[0.629s] INFO:colcon.colcon_core.shell:Creating environment hook '/home/deep/Modular_Recorder/vectornav/install/vectornav/share/vectornav/hook/ld_library_path_lib.ps1'
[0.629s] INFO:colcon.colcon_core.shell:Creating environment descriptor '/home/deep/Modular_Recorder/vectornav/install/vectornav/share/vectornav/hook/ld_library_path_lib.dsv'
[0.630s] INFO:colcon.colcon_core.shell:Creating environment hook '/home/deep/Modular_Recorder/vectornav/install/vectornav/share/vectornav/hook/ld_library_path_lib.sh'
[0.630s] Level 1:colcon.colcon_core.environment:checking '/home/deep/Modular_Recorder/vectornav/install/vectornav/bin'
[0.630s] Level 1:colcon.colcon_core.environment:checking '/home/deep/Modular_Recorder/vectornav/install/vectornav/lib/pkgconfig/vectornav.pc'
[0.630s] Level 1:colcon.colcon_core.environment:checking '/home/deep/Modular_Recorder/vectornav/install/vectornav/lib/python3.10/site-packages'
[0.631s] Level 1:colcon.colcon_core.environment:checking '/home/deep/Modular_Recorder/vectornav/install/vectornav/bin'
[0.631s] INFO:colcon.colcon_core.shell:Creating package script '/home/deep/Modular_Recorder/vectornav/install/vectornav/share/vectornav/package.ps1'
[0.632s] INFO:colcon.colcon_core.shell:Creating package descriptor '/home/deep/Modular_Recorder/vectornav/install/vectornav/share/vectornav/package.dsv'
[0.632s] INFO:colcon.colcon_core.shell:Creating package script '/home/deep/Modular_Recorder/vectornav/install/vectornav/share/vectornav/package.sh'
[0.633s] INFO:colcon.colcon_core.shell:Creating package script '/home/deep/Modular_Recorder/vectornav/install/vectornav/share/vectornav/package.bash'
[0.633s] INFO:colcon.colcon_core.shell:Creating package script '/home/deep/Modular_Recorder/vectornav/install/vectornav/share/vectornav/package.zsh'
[0.634s] Level 1:colcon.colcon_core.environment:create_file_with_runtime_dependencies(/home/deep/Modular_Recorder/vectornav/install/vectornav/share/colcon-core/packages/vectornav)
[0.635s] Level 1:colcon.colcon_core.environment:create_environment_scripts_only(vectornav)
[0.635s] Level 1:colcon.colcon_core.environment:checking '/home/deep/Modular_Recorder/vectornav/install/vectornav' for CMake module files
[0.635s] Level 1:colcon.colcon_core.environment:checking '/home/deep/Modular_Recorder/vectornav/install/vectornav' for CMake config files
[0.636s] Level 1:colcon.colcon_core.shell:create_environment_hook('vectornav', 'cmake_prefix_path')
[0.636s] INFO:colcon.colcon_core.shell:Creating environment hook '/home/deep/Modular_Recorder/vectornav/install/vectornav/share/vectornav/hook/cmake_prefix_path.ps1'
[0.636s] INFO:colcon.colcon_core.shell:Creating environment descriptor '/home/deep/Modular_Recorder/vectornav/install/vectornav/share/vectornav/hook/cmake_prefix_path.dsv'
[0.637s] INFO:colcon.colcon_core.shell:Creating environment hook '/home/deep/Modular_Recorder/vectornav/install/vectornav/share/vectornav/hook/cmake_prefix_path.sh'
[0.637s] Level 1:colcon.colcon_core.environment:checking '/home/deep/Modular_Recorder/vectornav/install/vectornav/lib'
[0.637s] Level 1:colcon.colcon_core.shell:create_environment_hook('vectornav', 'ld_library_path_lib')
[0.637s] INFO:colcon.colcon_core.shell:Creating environment hook '/home/deep/Modular_Recorder/vectornav/install/vectornav/share/vectornav/hook/ld_library_path_lib.ps1'
[0.638s] INFO:colcon.colcon_core.shell:Creating environment descriptor '/home/deep/Modular_Recorder/vectornav/install/vectornav/share/vectornav/hook/ld_library_path_lib.dsv'
[0.638s] INFO:colcon.colcon_core.shell:Creating environment hook '/home/deep/Modular_Recorder/vectornav/install/vectornav/share/vectornav/hook/ld_library_path_lib.sh'
[0.638s] Level 1:colcon.colcon_core.environment:checking '/home/deep/Modular_Recorder/vectornav/install/vectornav/bin'
[0.639s] Level 1:colcon.colcon_core.environment:checking '/home/deep/Modular_Recorder/vectornav/install/vectornav/lib/pkgconfig/vectornav.pc'
[0.639s] Level 1:colcon.colcon_core.environment:checking '/home/deep/Modular_Recorder/vectornav/install/vectornav/lib/python3.10/site-packages'
[0.639s] Level 1:colcon.colcon_core.environment:checking '/home/deep/Modular_Recorder/vectornav/install/vectornav/bin'
[0.639s] INFO:colcon.colcon_core.shell:Creating package script '/home/deep/Modular_Recorder/vectornav/install/vectornav/share/vectornav/package.ps1'
[0.640s] INFO:colcon.colcon_core.shell:Creating package descriptor '/home/deep/Modular_Recorder/vectornav/install/vectornav/share/vectornav/package.dsv'
[0.640s] INFO:colcon.colcon_core.shell:Creating package script '/home/deep/Modular_Recorder/vectornav/install/vectornav/share/vectornav/package.sh'
[0.641s] INFO:colcon.colcon_core.shell:Creating package script '/home/deep/Modular_Recorder/vectornav/install/vectornav/share/vectornav/package.bash'
[0.641s] INFO:colcon.colcon_core.shell:Creating package script '/home/deep/Modular_Recorder/vectornav/install/vectornav/share/vectornav/package.zsh'
[0.641s] Level 1:colcon.colcon_core.environment:create_file_with_runtime_dependencies(/home/deep/Modular_Recorder/vectornav/install/vectornav/share/colcon-core/packages/vectornav)
[0.642s] DEBUG:colcon.colcon_parallel_executor.executor.parallel:closing loop
[0.642s] DEBUG:colcon.colcon_parallel_executor.executor.parallel:loop closed
[0.642s] DEBUG:colcon.colcon_parallel_executor.executor.parallel:run_until_complete finished with '0'
[0.642s] DEBUG:colcon.colcon_core.event_reactor:joining thread
[0.648s] INFO:colcon.colcon_core.plugin_system:Skipping extension 'colcon_notification.desktop_notification.terminal_notifier': Not used on non-Darwin systems
[0.648s] INFO:colcon.colcon_core.plugin_system:Skipping extension 'colcon_notification.desktop_notification.win32': Not used on non-Windows systems
[0.648s] INFO:colcon.colcon_notification.desktop_notification:Sending desktop notification using 'notify2'
[0.659s] DEBUG:colcon.colcon_core.event_reactor:joined thread
[0.659s] INFO:colcon.colcon_core.shell:Creating prefix script '/home/deep/Modular_Recorder/vectornav/install/local_setup.ps1'
[0.660s] INFO:colcon.colcon_core.shell:Creating prefix util module '/home/deep/Modular_Recorder/vectornav/install/_local_setup_util_ps1.py'
[0.661s] INFO:colcon.colcon_core.shell:Creating prefix chain script '/home/deep/Modular_Recorder/vectornav/install/setup.ps1'
[0.664s] INFO:colcon.colcon_core.shell:Creating prefix script '/home/deep/Modular_Recorder/vectornav/install/local_setup.sh'
[0.665s] INFO:colcon.colcon_core.shell:Creating prefix util module '/home/deep/Modular_Recorder/vectornav/install/_local_setup_util_sh.py'
[0.665s] INFO:colcon.colcon_core.shell:Creating prefix chain script '/home/deep/Modular_Recorder/vectornav/install/setup.sh'
[0.668s] INFO:colcon.colcon_core.shell:Creating prefix script '/home/deep/Modular_Recorder/vectornav/install/local_setup.bash'
[0.668s] INFO:colcon.colcon_core.shell:Creating prefix chain script '/home/deep/Modular_Recorder/vectornav/install/setup.bash'
[0.672s] INFO:colcon.colcon_core.shell:Creating prefix script '/home/deep/Modular_Recorder/vectornav/install/local_setup.zsh'
[0.672s] INFO:colcon.colcon_core.shell:Creating prefix chain script '/home/deep/Modular_Recorder/vectornav/install/setup.zsh'
