[0.125s] DEBUG:colcon:Command line arguments: ['/usr/bin/colcon', 'build', '--packages-select', 'vectornav', 'vectornav_msgs']
[0.126s] DEBUG:colcon:Parsed command line arguments: Namespace(log_base=None, log_level=None, verb_name='build', build_base='build', install_base='install', merge_install=False, symlink_install=False, test_result_base=None, continue_on_error=False, executor='parallel', parallel_workers=16, event_handlers=None, ignore_user_meta=False, metas=['./colcon.meta'], base_paths=['.'], packages_ignore=None, packages_ignore_regex=None, paths=None, packages_up_to=None, packages_up_to_regex=None, packages_above=None, packages_above_and_dependencies=None, packages_above_depth=None, packages_select_by_dep=None, packages_skip_by_dep=None, packages_skip_up_to=None, packages_select_build_failed=False, packages_skip_build_finished=False, packages_select_test_failures=False, packages_skip_test_passed=False, packages_select=['vectornav', 'vectornav_msgs'], packages_skip=None, packages_select_regex=None, packages_skip_regex=None, packages_start=None, packages_end=None, allow_overriding=[], cmake_args=None, cmake_target=None, cmake_target_skip_unavailable=False, cmake_clean_cache=False, cmake_clean_first=False, cmake_force_configure=False, ament_cmake_args=None, catkin_cmake_args=None, catkin_skip_building_tests=False, mixin_files=None, mixin=None, verb_parser=<colcon_mixin.mixin.mixin_argument.MixinArgumentDecorator object at 0x737910f95c90>, verb_extension=<colcon_core.verb.build.BuildVerb object at 0x737910f95720>, main=<bound method BuildVerb.main of <colcon_core.verb.build.BuildVerb object at 0x737910f95720>>, mixin_verb=('build',))
[0.307s] Level 1:colcon.colcon_core.package_discovery:discover_packages(colcon_meta) check parameters
[0.308s] Level 1:colcon.colcon_core.package_discovery:discover_packages(recursive) check parameters
[0.308s] Level 1:colcon.colcon_core.package_discovery:discover_packages(ignore) check parameters
[0.308s] Level 1:colcon.colcon_core.package_discovery:discover_packages(path) check parameters
[0.308s] Level 1:colcon.colcon_core.package_discovery:discover_packages(colcon_meta) discover
[0.308s] Level 1:colcon.colcon_core.package_discovery:discover_packages(recursive) discover
[0.308s] INFO:colcon.colcon_core.package_discovery:Crawling recursively for packages in '/home/deep/Modular_Recorder/vectornav'
[0.308s] Level 1:colcon.colcon_core.package_identification:_identify(.) by extensions ['ignore', 'ignore_ament_install']
[0.308s] Level 1:colcon.colcon_core.package_identification:_identify(.) by extension 'ignore'
[0.308s] Level 1:colcon.colcon_core.package_identification:_identify(.) by extension 'ignore_ament_install'
[0.308s] Level 1:colcon.colcon_core.package_identification:_identify(.) by extensions ['colcon_pkg']
[0.308s] Level 1:colcon.colcon_core.package_identification:_identify(.) by extension 'colcon_pkg'
[0.308s] Level 1:colcon.colcon_core.package_identification:_identify(.) by extensions ['colcon_meta']
[0.308s] Level 1:colcon.colcon_core.package_identification:_identify(.) by extension 'colcon_meta'
[0.308s] Level 1:colcon.colcon_core.package_identification:_identify(.) by extensions ['ros']
[0.308s] Level 1:colcon.colcon_core.package_identification:_identify(.) by extension 'ros'
[0.327s] Level 1:colcon.colcon_core.package_identification:_identify(.) by extensions ['cmake', 'python']
[0.327s] Level 1:colcon.colcon_core.package_identification:_identify(.) by extension 'cmake'
[0.327s] Level 1:colcon.colcon_core.package_identification:_identify(.) by extension 'python'
[0.327s] Level 1:colcon.colcon_core.package_identification:_identify(.) by extensions ['python_setup_py']
[0.327s] Level 1:colcon.colcon_core.package_identification:_identify(.) by extension 'python_setup_py'
[0.327s] Level 1:colcon.colcon_core.package_identification:_identify(build) by extensions ['ignore', 'ignore_ament_install']
[0.327s] Level 1:colcon.colcon_core.package_identification:_identify(build) by extension 'ignore'
[0.327s] Level 1:colcon.colcon_core.package_identification:_identify(build) ignored
[0.327s] Level 1:colcon.colcon_core.package_identification:_identify(install) by extensions ['ignore', 'ignore_ament_install']
[0.327s] Level 1:colcon.colcon_core.package_identification:_identify(install) by extension 'ignore'
[0.327s] Level 1:colcon.colcon_core.package_identification:_identify(install) ignored
[0.327s] Level 1:colcon.colcon_core.package_identification:_identify(log) by extensions ['ignore', 'ignore_ament_install']
[0.327s] Level 1:colcon.colcon_core.package_identification:_identify(log) by extension 'ignore'
[0.328s] Level 1:colcon.colcon_core.package_identification:_identify(log) ignored
[0.328s] Level 1:colcon.colcon_core.package_identification:_identify(vectornav) by extensions ['ignore', 'ignore_ament_install']
[0.328s] Level 1:colcon.colcon_core.package_identification:_identify(vectornav) by extension 'ignore'
[0.328s] Level 1:colcon.colcon_core.package_identification:_identify(vectornav) by extension 'ignore_ament_install'
[0.328s] Level 1:colcon.colcon_core.package_identification:_identify(vectornav) by extensions ['colcon_pkg']
[0.328s] Level 1:colcon.colcon_core.package_identification:_identify(vectornav) by extension 'colcon_pkg'
[0.328s] Level 1:colcon.colcon_core.package_identification:_identify(vectornav) by extensions ['colcon_meta']
[0.328s] Level 1:colcon.colcon_core.package_identification:_identify(vectornav) by extension 'colcon_meta'
[0.328s] Level 1:colcon.colcon_core.package_identification:_identify(vectornav) by extensions ['ros']
[0.328s] Level 1:colcon.colcon_core.package_identification:_identify(vectornav) by extension 'ros'
[0.330s] DEBUG:colcon.colcon_core.package_identification:Package 'vectornav' with type 'ros.ament_cmake' and name 'vectornav'
[0.330s] Level 1:colcon.colcon_core.package_identification:_identify(vectornav_msgs) by extensions ['ignore', 'ignore_ament_install']
[0.330s] Level 1:colcon.colcon_core.package_identification:_identify(vectornav_msgs) by extension 'ignore'
[0.330s] Level 1:colcon.colcon_core.package_identification:_identify(vectornav_msgs) by extension 'ignore_ament_install'
[0.330s] Level 1:colcon.colcon_core.package_identification:_identify(vectornav_msgs) by extensions ['colcon_pkg']
[0.330s] Level 1:colcon.colcon_core.package_identification:_identify(vectornav_msgs) by extension 'colcon_pkg'
[0.330s] Level 1:colcon.colcon_core.package_identification:_identify(vectornav_msgs) by extensions ['colcon_meta']
[0.330s] Level 1:colcon.colcon_core.package_identification:_identify(vectornav_msgs) by extension 'colcon_meta'
[0.331s] Level 1:colcon.colcon_core.package_identification:_identify(vectornav_msgs) by extensions ['ros']
[0.331s] Level 1:colcon.colcon_core.package_identification:_identify(vectornav_msgs) by extension 'ros'
[0.331s] DEBUG:colcon.colcon_core.package_identification:Package 'vectornav_msgs' with type 'ros.ament_cmake' and name 'vectornav_msgs'
[0.331s] Level 1:colcon.colcon_core.package_discovery:discover_packages(recursive) using defaults
[0.331s] Level 1:colcon.colcon_core.package_discovery:discover_packages(ignore) discover
[0.331s] Level 1:colcon.colcon_core.package_discovery:discover_packages(ignore) using defaults
[0.331s] Level 1:colcon.colcon_core.package_discovery:discover_packages(path) discover
[0.331s] Level 1:colcon.colcon_core.package_discovery:discover_packages(path) using defaults
[0.350s] Level 1:colcon.colcon_core.package_discovery:discover_packages(prefix_path) check parameters
[0.350s] Level 1:colcon.colcon_core.package_discovery:discover_packages(prefix_path) discover
[0.351s] WARNING:colcon.colcon_ros.prefix_path.ament:The path '/home/deep/Modular_Recorder/vectornav/install/vectornav' in the environment variable AMENT_PREFIX_PATH doesn't exist
[0.351s] WARNING:colcon.colcon_ros.prefix_path.ament:The path '/home/deep/Modular_Recorder/vectornav/install/vectornav_msgs' in the environment variable AMENT_PREFIX_PATH doesn't exist
[0.352s] WARNING:colcon.colcon_ros.prefix_path.catkin:The path '/home/deep/Modular_Recorder/vectornav/install/vectornav' in the environment variable CMAKE_PREFIX_PATH doesn't exist
[0.352s] WARNING:colcon.colcon_ros.prefix_path.catkin:The path '/home/deep/Modular_Recorder/vectornav/install/vectornav_msgs' in the environment variable CMAKE_PREFIX_PATH doesn't exist
[0.353s] DEBUG:colcon.colcon_installed_package_information.package_discovery:Found 0 installed packages in /home/deep/Modular_Recorder/vectornav/install
[0.354s] DEBUG:colcon.colcon_installed_package_information.package_discovery:Found 6 installed packages in /home/deep/Modular_Recorder/install
[0.354s] DEBUG:colcon.colcon_installed_package_information.package_discovery:Found 20 installed packages in /home/deep/zed_ros2/install
[0.355s] DEBUG:colcon.colcon_installed_package_information.package_discovery:Found 2 installed packages in /home/deep/Desktop/vectornav/install
[0.355s] DEBUG:colcon.colcon_installed_package_information.package_discovery:Found 3 installed packages in /home/deep/Desktop/Controls/install
[0.356s] DEBUG:colcon.colcon_installed_package_information.package_discovery:Found 9 installed packages in /home/deep/Desktop/EUFS/install
[0.356s] DEBUG:colcon.colcon_installed_package_information.package_discovery:Found 1 installed packages in /home/deep/Modular_Recorder/HesaiLidar_ROS_2.0/install
[0.358s] DEBUG:colcon.colcon_installed_package_information.package_discovery:Found 302 installed packages in /opt/ros/humble
[0.359s] Level 1:colcon.colcon_core.package_discovery:discover_packages(prefix_path) using defaults
[0.400s] Level 5:colcon.colcon_core.verb:set package 'vectornav_msgs' build argument 'cmake_args' from command line to 'None'
[0.400s] Level 5:colcon.colcon_core.verb:set package 'vectornav_msgs' build argument 'cmake_target' from command line to 'None'
[0.400s] Level 5:colcon.colcon_core.verb:set package 'vectornav_msgs' build argument 'cmake_target_skip_unavailable' from command line to 'False'
[0.400s] Level 5:colcon.colcon_core.verb:set package 'vectornav_msgs' build argument 'cmake_clean_cache' from command line to 'False'
[0.400s] Level 5:colcon.colcon_core.verb:set package 'vectornav_msgs' build argument 'cmake_clean_first' from command line to 'False'
[0.400s] Level 5:colcon.colcon_core.verb:set package 'vectornav_msgs' build argument 'cmake_force_configure' from command line to 'False'
[0.400s] Level 5:colcon.colcon_core.verb:set package 'vectornav_msgs' build argument 'ament_cmake_args' from command line to 'None'
[0.400s] Level 5:colcon.colcon_core.verb:set package 'vectornav_msgs' build argument 'catkin_cmake_args' from command line to 'None'
[0.400s] Level 5:colcon.colcon_core.verb:set package 'vectornav_msgs' build argument 'catkin_skip_building_tests' from command line to 'False'
[0.400s] DEBUG:colcon.colcon_core.verb:Building package 'vectornav_msgs' with the following arguments: {'ament_cmake_args': None, 'build_base': '/home/deep/Modular_Recorder/vectornav/build/vectornav_msgs', 'catkin_cmake_args': None, 'catkin_skip_building_tests': False, 'cmake_args': None, 'cmake_clean_cache': False, 'cmake_clean_first': False, 'cmake_force_configure': False, 'cmake_target': None, 'cmake_target_skip_unavailable': False, 'install_base': '/home/deep/Modular_Recorder/vectornav/install/vectornav_msgs', 'merge_install': False, 'path': '/home/deep/Modular_Recorder/vectornav/vectornav_msgs', 'symlink_install': False, 'test_result_base': None}
[0.400s] Level 5:colcon.colcon_core.verb:set package 'vectornav' build argument 'cmake_args' from command line to 'None'
[0.400s] Level 5:colcon.colcon_core.verb:set package 'vectornav' build argument 'cmake_target' from command line to 'None'
[0.400s] Level 5:colcon.colcon_core.verb:set package 'vectornav' build argument 'cmake_target_skip_unavailable' from command line to 'False'
[0.400s] Level 5:colcon.colcon_core.verb:set package 'vectornav' build argument 'cmake_clean_cache' from command line to 'False'
[0.400s] Level 5:colcon.colcon_core.verb:set package 'vectornav' build argument 'cmake_clean_first' from command line to 'False'
[0.400s] Level 5:colcon.colcon_core.verb:set package 'vectornav' build argument 'cmake_force_configure' from command line to 'False'
[0.401s] Level 5:colcon.colcon_core.verb:set package 'vectornav' build argument 'ament_cmake_args' from command line to 'None'
[0.401s] Level 5:colcon.colcon_core.verb:set package 'vectornav' build argument 'catkin_cmake_args' from command line to 'None'
[0.401s] Level 5:colcon.colcon_core.verb:set package 'vectornav' build argument 'catkin_skip_building_tests' from command line to 'False'
[0.401s] DEBUG:colcon.colcon_core.verb:Building package 'vectornav' with the following arguments: {'ament_cmake_args': None, 'build_base': '/home/deep/Modular_Recorder/vectornav/build/vectornav', 'catkin_cmake_args': None, 'catkin_skip_building_tests': False, 'cmake_args': None, 'cmake_clean_cache': False, 'cmake_clean_first': False, 'cmake_force_configure': False, 'cmake_target': None, 'cmake_target_skip_unavailable': False, 'install_base': '/home/deep/Modular_Recorder/vectornav/install/vectornav', 'merge_install': False, 'path': '/home/deep/Modular_Recorder/vectornav/vectornav', 'symlink_install': False, 'test_result_base': None}
[0.401s] INFO:colcon.colcon_core.executor:Executing jobs using 'parallel' executor
[0.402s] DEBUG:colcon.colcon_parallel_executor.executor.parallel:run_until_complete
[0.402s] INFO:colcon.colcon_ros.task.ament_cmake.build:Building ROS package in '/home/deep/Modular_Recorder/vectornav/vectornav_msgs' with build type 'ament_cmake'
[0.402s] INFO:colcon.colcon_cmake.task.cmake.build:Building CMake package in '/home/deep/Modular_Recorder/vectornav/vectornav_msgs'
[0.404s] INFO:colcon.colcon_core.plugin_system:Skipping extension 'colcon_core.shell.bat': Not used on non-Windows systems
[0.404s] INFO:colcon.colcon_core.shell:Skip shell extension 'powershell' for command environment: Not usable outside of PowerShell
[0.404s] DEBUG:colcon.colcon_core.shell:Skip shell extension 'dsv' for command environment
[0.418s] DEBUG:colcon.colcon_core.event_handler.log_command:Invoking command in '/home/deep/Modular_Recorder/vectornav/build/vectornav_msgs': CMAKE_PREFIX_PATH=${CMAKE_PREFIX_PATH}:/home/deep/Modular_Recorder/install/zed2i:/home/deep/Modular_Recorder/install/driver:/home/deep/Desktop/Controls/install/fmdv_monitor:/home/deep/Desktop/Controls/install/fmdv_code:/home/deep/Desktop/EUFS/install/eufs_launcher:/home/deep/Desktop/EUFS/install/eufs_tracks:/home/deep/Desktop/EUFS/install/eufs_rqt:/home/deep/Desktop/EUFS/install/eufs_racecar:/opt/ros/humble /usr/bin/cmake /home/deep/Modular_Recorder/vectornav/vectornav_msgs -DCMAKE_INSTALL_PREFIX=/home/deep/Modular_Recorder/vectornav/install/vectornav_msgs
[2.790s] DEBUG:colcon.colcon_core.event_handler.log_command:Invoked command in '/home/deep/Modular_Recorder/vectornav/build/vectornav_msgs' returned '0': CMAKE_PREFIX_PATH=${CMAKE_PREFIX_PATH}:/home/deep/Modular_Recorder/install/zed2i:/home/deep/Modular_Recorder/install/driver:/home/deep/Desktop/Controls/install/fmdv_monitor:/home/deep/Desktop/Controls/install/fmdv_code:/home/deep/Desktop/EUFS/install/eufs_launcher:/home/deep/Desktop/EUFS/install/eufs_tracks:/home/deep/Desktop/EUFS/install/eufs_rqt:/home/deep/Desktop/EUFS/install/eufs_racecar:/opt/ros/humble /usr/bin/cmake /home/deep/Modular_Recorder/vectornav/vectornav_msgs -DCMAKE_INSTALL_PREFIX=/home/deep/Modular_Recorder/vectornav/install/vectornav_msgs
[2.792s] DEBUG:colcon.colcon_core.event_handler.log_command:Invoking command in '/home/deep/Modular_Recorder/vectornav/build/vectornav_msgs': CMAKE_PREFIX_PATH=${CMAKE_PREFIX_PATH}:/home/deep/Modular_Recorder/install/zed2i:/home/deep/Modular_Recorder/install/driver:/home/deep/Desktop/Controls/install/fmdv_monitor:/home/deep/Desktop/Controls/install/fmdv_code:/home/deep/Desktop/EUFS/install/eufs_launcher:/home/deep/Desktop/EUFS/install/eufs_tracks:/home/deep/Desktop/EUFS/install/eufs_rqt:/home/deep/Desktop/EUFS/install/eufs_racecar:/opt/ros/humble /usr/bin/cmake --build /home/deep/Modular_Recorder/vectornav/build/vectornav_msgs -- -j16 -l16
[12.641s] DEBUG:colcon.colcon_core.event_handler.log_command:Invoked command in '/home/deep/Modular_Recorder/vectornav/build/vectornav_msgs' returned '0': CMAKE_PREFIX_PATH=${CMAKE_PREFIX_PATH}:/home/deep/Modular_Recorder/install/zed2i:/home/deep/Modular_Recorder/install/driver:/home/deep/Desktop/Controls/install/fmdv_monitor:/home/deep/Desktop/Controls/install/fmdv_code:/home/deep/Desktop/EUFS/install/eufs_launcher:/home/deep/Desktop/EUFS/install/eufs_tracks:/home/deep/Desktop/EUFS/install/eufs_rqt:/home/deep/Desktop/EUFS/install/eufs_racecar:/opt/ros/humble /usr/bin/cmake --build /home/deep/Modular_Recorder/vectornav/build/vectornav_msgs -- -j16 -l16
[12.654s] DEBUG:colcon.colcon_core.event_handler.log_command:Invoking command in '/home/deep/Modular_Recorder/vectornav/build/vectornav_msgs': CMAKE_PREFIX_PATH=${CMAKE_PREFIX_PATH}:/home/deep/Modular_Recorder/install/zed2i:/home/deep/Modular_Recorder/install/driver:/home/deep/Desktop/Controls/install/fmdv_monitor:/home/deep/Desktop/Controls/install/fmdv_code:/home/deep/Desktop/EUFS/install/eufs_launcher:/home/deep/Desktop/EUFS/install/eufs_tracks:/home/deep/Desktop/EUFS/install/eufs_rqt:/home/deep/Desktop/EUFS/install/eufs_racecar:/opt/ros/humble /usr/bin/cmake --install /home/deep/Modular_Recorder/vectornav/build/vectornav_msgs
[12.788s] Level 1:colcon.colcon_core.environment:create_environment_scripts_only(vectornav_msgs)
[12.789s] DEBUG:colcon.colcon_core.event_handler.log_command:Invoked command in '/home/deep/Modular_Recorder/vectornav/build/vectornav_msgs' returned '0': CMAKE_PREFIX_PATH=${CMAKE_PREFIX_PATH}:/home/deep/Modular_Recorder/install/zed2i:/home/deep/Modular_Recorder/install/driver:/home/deep/Desktop/Controls/install/fmdv_monitor:/home/deep/Desktop/Controls/install/fmdv_code:/home/deep/Desktop/EUFS/install/eufs_launcher:/home/deep/Desktop/EUFS/install/eufs_tracks:/home/deep/Desktop/EUFS/install/eufs_rqt:/home/deep/Desktop/EUFS/install/eufs_racecar:/opt/ros/humble /usr/bin/cmake --install /home/deep/Modular_Recorder/vectornav/build/vectornav_msgs
[12.791s] Level 1:colcon.colcon_core.environment:checking '/home/deep/Modular_Recorder/vectornav/install/vectornav_msgs' for CMake module files
[12.791s] Level 1:colcon.colcon_core.environment:checking '/home/deep/Modular_Recorder/vectornav/install/vectornav_msgs' for CMake config files
[12.792s] Level 1:colcon.colcon_core.shell:create_environment_hook('vectornav_msgs', 'cmake_prefix_path')
[12.792s] INFO:colcon.colcon_core.shell:Creating environment hook '/home/deep/Modular_Recorder/vectornav/install/vectornav_msgs/share/vectornav_msgs/hook/cmake_prefix_path.ps1'
[12.793s] INFO:colcon.colcon_core.shell:Creating environment descriptor '/home/deep/Modular_Recorder/vectornav/install/vectornav_msgs/share/vectornav_msgs/hook/cmake_prefix_path.dsv'
[12.793s] INFO:colcon.colcon_core.shell:Creating environment hook '/home/deep/Modular_Recorder/vectornav/install/vectornav_msgs/share/vectornav_msgs/hook/cmake_prefix_path.sh'
[12.793s] Level 1:colcon.colcon_core.environment:checking '/home/deep/Modular_Recorder/vectornav/install/vectornav_msgs/lib'
[12.794s] Level 1:colcon.colcon_core.shell:create_environment_hook('vectornav_msgs', 'ld_library_path_lib')
[12.794s] INFO:colcon.colcon_core.shell:Creating environment hook '/home/deep/Modular_Recorder/vectornav/install/vectornav_msgs/share/vectornav_msgs/hook/ld_library_path_lib.ps1'
[12.794s] INFO:colcon.colcon_core.shell:Creating environment descriptor '/home/deep/Modular_Recorder/vectornav/install/vectornav_msgs/share/vectornav_msgs/hook/ld_library_path_lib.dsv'
[12.794s] INFO:colcon.colcon_core.shell:Creating environment hook '/home/deep/Modular_Recorder/vectornav/install/vectornav_msgs/share/vectornav_msgs/hook/ld_library_path_lib.sh'
[12.794s] Level 1:colcon.colcon_core.environment:checking '/home/deep/Modular_Recorder/vectornav/install/vectornav_msgs/bin'
[12.795s] Level 1:colcon.colcon_core.environment:checking '/home/deep/Modular_Recorder/vectornav/install/vectornav_msgs/lib/pkgconfig/vectornav_msgs.pc'
[12.795s] Level 1:colcon.colcon_core.environment:checking '/home/deep/Modular_Recorder/vectornav/install/vectornav_msgs/lib/python3.10/site-packages'
[12.795s] Level 1:colcon.colcon_core.environment:checking '/home/deep/Modular_Recorder/vectornav/install/vectornav_msgs/bin'
[12.795s] INFO:colcon.colcon_core.shell:Creating package script '/home/deep/Modular_Recorder/vectornav/install/vectornav_msgs/share/vectornav_msgs/package.ps1'
[12.796s] INFO:colcon.colcon_core.shell:Creating package descriptor '/home/deep/Modular_Recorder/vectornav/install/vectornav_msgs/share/vectornav_msgs/package.dsv'
[12.796s] INFO:colcon.colcon_core.shell:Creating package script '/home/deep/Modular_Recorder/vectornav/install/vectornav_msgs/share/vectornav_msgs/package.sh'
[12.797s] INFO:colcon.colcon_core.shell:Creating package script '/home/deep/Modular_Recorder/vectornav/install/vectornav_msgs/share/vectornav_msgs/package.bash'
[12.797s] INFO:colcon.colcon_core.shell:Creating package script '/home/deep/Modular_Recorder/vectornav/install/vectornav_msgs/share/vectornav_msgs/package.zsh'
[12.798s] Level 1:colcon.colcon_core.environment:create_file_with_runtime_dependencies(/home/deep/Modular_Recorder/vectornav/install/vectornav_msgs/share/colcon-core/packages/vectornav_msgs)
[12.798s] Level 1:colcon.colcon_core.environment:create_environment_scripts_only(vectornav_msgs)
[12.798s] Level 1:colcon.colcon_core.environment:checking '/home/deep/Modular_Recorder/vectornav/install/vectornav_msgs' for CMake module files
[12.799s] Level 1:colcon.colcon_core.environment:checking '/home/deep/Modular_Recorder/vectornav/install/vectornav_msgs' for CMake config files
[12.799s] Level 1:colcon.colcon_core.shell:create_environment_hook('vectornav_msgs', 'cmake_prefix_path')
[12.799s] INFO:colcon.colcon_core.shell:Creating environment hook '/home/deep/Modular_Recorder/vectornav/install/vectornav_msgs/share/vectornav_msgs/hook/cmake_prefix_path.ps1'
[12.800s] INFO:colcon.colcon_core.shell:Creating environment descriptor '/home/deep/Modular_Recorder/vectornav/install/vectornav_msgs/share/vectornav_msgs/hook/cmake_prefix_path.dsv'
[12.800s] INFO:colcon.colcon_core.shell:Creating environment hook '/home/deep/Modular_Recorder/vectornav/install/vectornav_msgs/share/vectornav_msgs/hook/cmake_prefix_path.sh'
[12.800s] Level 1:colcon.colcon_core.environment:checking '/home/deep/Modular_Recorder/vectornav/install/vectornav_msgs/lib'
[12.800s] Level 1:colcon.colcon_core.shell:create_environment_hook('vectornav_msgs', 'ld_library_path_lib')
[12.801s] INFO:colcon.colcon_core.shell:Creating environment hook '/home/deep/Modular_Recorder/vectornav/install/vectornav_msgs/share/vectornav_msgs/hook/ld_library_path_lib.ps1'
[12.801s] INFO:colcon.colcon_core.shell:Creating environment descriptor '/home/deep/Modular_Recorder/vectornav/install/vectornav_msgs/share/vectornav_msgs/hook/ld_library_path_lib.dsv'
[12.801s] INFO:colcon.colcon_core.shell:Creating environment hook '/home/deep/Modular_Recorder/vectornav/install/vectornav_msgs/share/vectornav_msgs/hook/ld_library_path_lib.sh'
[12.801s] Level 1:colcon.colcon_core.environment:checking '/home/deep/Modular_Recorder/vectornav/install/vectornav_msgs/bin'
[12.801s] Level 1:colcon.colcon_core.environment:checking '/home/deep/Modular_Recorder/vectornav/install/vectornav_msgs/lib/pkgconfig/vectornav_msgs.pc'
[12.802s] Level 1:colcon.colcon_core.environment:checking '/home/deep/Modular_Recorder/vectornav/install/vectornav_msgs/lib/python3.10/site-packages'
[12.802s] Level 1:colcon.colcon_core.environment:checking '/home/deep/Modular_Recorder/vectornav/install/vectornav_msgs/bin'
[12.802s] INFO:colcon.colcon_core.shell:Creating package script '/home/deep/Modular_Recorder/vectornav/install/vectornav_msgs/share/vectornav_msgs/package.ps1'
[12.803s] INFO:colcon.colcon_core.shell:Creating package descriptor '/home/deep/Modular_Recorder/vectornav/install/vectornav_msgs/share/vectornav_msgs/package.dsv'
[12.803s] INFO:colcon.colcon_core.shell:Creating package script '/home/deep/Modular_Recorder/vectornav/install/vectornav_msgs/share/vectornav_msgs/package.sh'
[12.803s] INFO:colcon.colcon_core.shell:Creating package script '/home/deep/Modular_Recorder/vectornav/install/vectornav_msgs/share/vectornav_msgs/package.bash'
[12.804s] INFO:colcon.colcon_core.shell:Creating package script '/home/deep/Modular_Recorder/vectornav/install/vectornav_msgs/share/vectornav_msgs/package.zsh'
[12.804s] Level 1:colcon.colcon_core.environment:create_file_with_runtime_dependencies(/home/deep/Modular_Recorder/vectornav/install/vectornav_msgs/share/colcon-core/packages/vectornav_msgs)
[12.804s] INFO:colcon.colcon_ros.task.ament_cmake.build:Building ROS package in '/home/deep/Modular_Recorder/vectornav/vectornav' with build type 'ament_cmake'
[12.804s] INFO:colcon.colcon_cmake.task.cmake.build:Building CMake package in '/home/deep/Modular_Recorder/vectornav/vectornav'
[12.805s] INFO:colcon.colcon_core.shell:Skip shell extension 'powershell' for command environment: Not usable outside of PowerShell
[12.805s] DEBUG:colcon.colcon_core.shell:Skip shell extension 'dsv' for command environment
[12.821s] DEBUG:colcon.colcon_core.event_handler.log_command:Invoking command in '/home/deep/Modular_Recorder/vectornav/build/vectornav': CMAKE_PREFIX_PATH=/home/deep/Modular_Recorder/vectornav/install/vectornav_msgs:/home/deep/Modular_Recorder/vectornav/install/vectornav:/home/deep/Modular_Recorder/install/vectornav:/home/deep/Modular_Recorder/install/vectornav_msgs:/home/deep/Modular_Recorder/install/hesai_ros_driver:/home/deep/zed_ros2/install/zed_ros2:/home/deep/zed_ros2/install/zed_robot_integration:/home/deep/zed_ros2/install/zed_ipc:/home/deep/zed_ros2/install/zed_multi_camera:/home/deep/zed_ros2/install/zed_isaac_ros_multi_camera:/home/deep/zed_ros2/install/zed_isaac_ros_april_tag:/home/deep/zed_ros2/install/zed_display_rviz2:/home/deep/zed_ros2/install/zed_depth_to_laserscan:/home/deep/zed_ros2/install/zed_wrapper:/home/deep/zed_ros2/install/zed_tutorial_video:/home/deep/zed_ros2/install/zed_tutorial_pos_tracking:/home/deep/zed_ros2/install/zed_tutorial_depth:/home/deep/zed_ros2/install/zed_topic_benchmark:/home/deep/zed_ros2/install/zed_topic_benchmark_component:/home/deep/zed_ros2/install/zed_topic_benchmark_interfaces:/home/deep/zed_ros2/install/zed_rgb_convert:/home/deep/zed_ros2/install/zed_isaac_ros_nitros_sub:/home/deep/zed_ros2/install/zed_aruco_localization:/home/deep/zed_ros2/install/zed_components:/home/deep/zed_ros2/install/rviz_plugin_zed_od:/home/deep/Desktop/vectornav/install/vectornav:/home/deep/Desktop/vectornav/install/vectornav_msgs:/home/deep/Desktop/Controls/install/fmdv_msgs:/home/deep/Desktop/EUFS/install/mppi_controller:/home/deep/Desktop/EUFS/install/eufs_sensors:/home/deep/Desktop/EUFS/install/eufs_plugins:/home/deep/Desktop/EUFS/install/eufs_models:/home/deep/Desktop/EUFS/install/eufs_msgs:/home/deep/Modular_Recorder/HesaiLidar_ROS_2.0/install/hesai_ros_driver:/home/deep/Modular_Recorder/install/zed2i:/home/deep/Modular_Recorder/install/driver:/home/deep/Desktop/Controls/install/fmdv_monitor:/home/deep/Desktop/Controls/install/fmdv_code:/home/deep/Desktop/EUFS/install/eufs_launcher:/home/deep/Desktop/EUFS/install/eufs_tracks:/home/deep/Desktop/EUFS/install/eufs_rqt:/home/deep/Desktop/EUFS/install/eufs_racecar:/opt/ros/humble LD_LIBRARY_PATH=/home/deep/Modular_Recorder/vectornav/install/vectornav_msgs/lib:/home/deep/Modular_Recorder/vectornav/install/vectornav/lib:/home/deep/Modular_Recorder/install/vectornav/lib:/home/deep/Modular_Recorder/install/vectornav_msgs/lib:/home/deep/Modular_Recorder/install/hesai_ros_driver/lib:/home/deep/zed_ros2/install/zed_ipc/lib:/home/deep/zed_ros2/install/zed_topic_benchmark_component/lib:/home/deep/zed_ros2/install/zed_topic_benchmark_interfaces/lib:/home/deep/zed_ros2/install/zed_rgb_convert/lib:/home/deep/zed_ros2/install/zed_aruco_localization/lib:/home/deep/zed_ros2/install/zed_components/lib:/home/deep/zed_ros2/install/rviz_plugin_zed_od/lib:/home/deep/Desktop/vectornav/install/vectornav/lib:/home/deep/Desktop/vectornav/install/vectornav_msgs/lib:/home/deep/Desktop/Controls/install/fmdv_msgs/lib:/home/deep/Desktop/EUFS/install/eufs_plugins/lib:/home/deep/Desktop/EUFS/install/eufs_models/lib:/home/deep/Desktop/EUFS/install/eufs_msgs/lib:/home/deep/Modular_Recorder/HesaiLidar_ROS_2.0/install/hesai_ros_driver/lib:/usr/local/cuda-12.2/lib64:/usr/local/cuda-12.2/lib64:/usr/lib/x86_64-linux-gnu/gazebo-11/plugins:/opt/ros/humble/opt/rviz_ogre_vendor/lib:/opt/ros/humble/lib/x86_64-linux-gnu:/opt/ros/humble/lib /usr/bin/cmake /home/deep/Modular_Recorder/vectornav/vectornav -DCMAKE_INSTALL_PREFIX=/home/deep/Modular_Recorder/vectornav/install/vectornav
[14.752s] DEBUG:colcon.colcon_core.event_handler.log_command:Invoked command in '/home/deep/Modular_Recorder/vectornav/build/vectornav' returned '0': CMAKE_PREFIX_PATH=/home/deep/Modular_Recorder/vectornav/install/vectornav_msgs:/home/deep/Modular_Recorder/vectornav/install/vectornav:/home/deep/Modular_Recorder/install/vectornav:/home/deep/Modular_Recorder/install/vectornav_msgs:/home/deep/Modular_Recorder/install/hesai_ros_driver:/home/deep/zed_ros2/install/zed_ros2:/home/deep/zed_ros2/install/zed_robot_integration:/home/deep/zed_ros2/install/zed_ipc:/home/deep/zed_ros2/install/zed_multi_camera:/home/deep/zed_ros2/install/zed_isaac_ros_multi_camera:/home/deep/zed_ros2/install/zed_isaac_ros_april_tag:/home/deep/zed_ros2/install/zed_display_rviz2:/home/deep/zed_ros2/install/zed_depth_to_laserscan:/home/deep/zed_ros2/install/zed_wrapper:/home/deep/zed_ros2/install/zed_tutorial_video:/home/deep/zed_ros2/install/zed_tutorial_pos_tracking:/home/deep/zed_ros2/install/zed_tutorial_depth:/home/deep/zed_ros2/install/zed_topic_benchmark:/home/deep/zed_ros2/install/zed_topic_benchmark_component:/home/deep/zed_ros2/install/zed_topic_benchmark_interfaces:/home/deep/zed_ros2/install/zed_rgb_convert:/home/deep/zed_ros2/install/zed_isaac_ros_nitros_sub:/home/deep/zed_ros2/install/zed_aruco_localization:/home/deep/zed_ros2/install/zed_components:/home/deep/zed_ros2/install/rviz_plugin_zed_od:/home/deep/Desktop/vectornav/install/vectornav:/home/deep/Desktop/vectornav/install/vectornav_msgs:/home/deep/Desktop/Controls/install/fmdv_msgs:/home/deep/Desktop/EUFS/install/mppi_controller:/home/deep/Desktop/EUFS/install/eufs_sensors:/home/deep/Desktop/EUFS/install/eufs_plugins:/home/deep/Desktop/EUFS/install/eufs_models:/home/deep/Desktop/EUFS/install/eufs_msgs:/home/deep/Modular_Recorder/HesaiLidar_ROS_2.0/install/hesai_ros_driver:/home/deep/Modular_Recorder/install/zed2i:/home/deep/Modular_Recorder/install/driver:/home/deep/Desktop/Controls/install/fmdv_monitor:/home/deep/Desktop/Controls/install/fmdv_code:/home/deep/Desktop/EUFS/install/eufs_launcher:/home/deep/Desktop/EUFS/install/eufs_tracks:/home/deep/Desktop/EUFS/install/eufs_rqt:/home/deep/Desktop/EUFS/install/eufs_racecar:/opt/ros/humble LD_LIBRARY_PATH=/home/deep/Modular_Recorder/vectornav/install/vectornav_msgs/lib:/home/deep/Modular_Recorder/vectornav/install/vectornav/lib:/home/deep/Modular_Recorder/install/vectornav/lib:/home/deep/Modular_Recorder/install/vectornav_msgs/lib:/home/deep/Modular_Recorder/install/hesai_ros_driver/lib:/home/deep/zed_ros2/install/zed_ipc/lib:/home/deep/zed_ros2/install/zed_topic_benchmark_component/lib:/home/deep/zed_ros2/install/zed_topic_benchmark_interfaces/lib:/home/deep/zed_ros2/install/zed_rgb_convert/lib:/home/deep/zed_ros2/install/zed_aruco_localization/lib:/home/deep/zed_ros2/install/zed_components/lib:/home/deep/zed_ros2/install/rviz_plugin_zed_od/lib:/home/deep/Desktop/vectornav/install/vectornav/lib:/home/deep/Desktop/vectornav/install/vectornav_msgs/lib:/home/deep/Desktop/Controls/install/fmdv_msgs/lib:/home/deep/Desktop/EUFS/install/eufs_plugins/lib:/home/deep/Desktop/EUFS/install/eufs_models/lib:/home/deep/Desktop/EUFS/install/eufs_msgs/lib:/home/deep/Modular_Recorder/HesaiLidar_ROS_2.0/install/hesai_ros_driver/lib:/usr/local/cuda-12.2/lib64:/usr/local/cuda-12.2/lib64:/usr/lib/x86_64-linux-gnu/gazebo-11/plugins:/opt/ros/humble/opt/rviz_ogre_vendor/lib:/opt/ros/humble/lib/x86_64-linux-gnu:/opt/ros/humble/lib /usr/bin/cmake /home/deep/Modular_Recorder/vectornav/vectornav -DCMAKE_INSTALL_PREFIX=/home/deep/Modular_Recorder/vectornav/install/vectornav
[14.754s] DEBUG:colcon.colcon_core.event_handler.log_command:Invoking command in '/home/deep/Modular_Recorder/vectornav/build/vectornav': CMAKE_PREFIX_PATH=/home/deep/Modular_Recorder/vectornav/install/vectornav_msgs:/home/deep/Modular_Recorder/vectornav/install/vectornav:/home/deep/Modular_Recorder/install/vectornav:/home/deep/Modular_Recorder/install/vectornav_msgs:/home/deep/Modular_Recorder/install/hesai_ros_driver:/home/deep/zed_ros2/install/zed_ros2:/home/deep/zed_ros2/install/zed_robot_integration:/home/deep/zed_ros2/install/zed_ipc:/home/deep/zed_ros2/install/zed_multi_camera:/home/deep/zed_ros2/install/zed_isaac_ros_multi_camera:/home/deep/zed_ros2/install/zed_isaac_ros_april_tag:/home/deep/zed_ros2/install/zed_display_rviz2:/home/deep/zed_ros2/install/zed_depth_to_laserscan:/home/deep/zed_ros2/install/zed_wrapper:/home/deep/zed_ros2/install/zed_tutorial_video:/home/deep/zed_ros2/install/zed_tutorial_pos_tracking:/home/deep/zed_ros2/install/zed_tutorial_depth:/home/deep/zed_ros2/install/zed_topic_benchmark:/home/deep/zed_ros2/install/zed_topic_benchmark_component:/home/deep/zed_ros2/install/zed_topic_benchmark_interfaces:/home/deep/zed_ros2/install/zed_rgb_convert:/home/deep/zed_ros2/install/zed_isaac_ros_nitros_sub:/home/deep/zed_ros2/install/zed_aruco_localization:/home/deep/zed_ros2/install/zed_components:/home/deep/zed_ros2/install/rviz_plugin_zed_od:/home/deep/Desktop/vectornav/install/vectornav:/home/deep/Desktop/vectornav/install/vectornav_msgs:/home/deep/Desktop/Controls/install/fmdv_msgs:/home/deep/Desktop/EUFS/install/mppi_controller:/home/deep/Desktop/EUFS/install/eufs_sensors:/home/deep/Desktop/EUFS/install/eufs_plugins:/home/deep/Desktop/EUFS/install/eufs_models:/home/deep/Desktop/EUFS/install/eufs_msgs:/home/deep/Modular_Recorder/HesaiLidar_ROS_2.0/install/hesai_ros_driver:/home/deep/Modular_Recorder/install/zed2i:/home/deep/Modular_Recorder/install/driver:/home/deep/Desktop/Controls/install/fmdv_monitor:/home/deep/Desktop/Controls/install/fmdv_code:/home/deep/Desktop/EUFS/install/eufs_launcher:/home/deep/Desktop/EUFS/install/eufs_tracks:/home/deep/Desktop/EUFS/install/eufs_rqt:/home/deep/Desktop/EUFS/install/eufs_racecar:/opt/ros/humble LD_LIBRARY_PATH=/home/deep/Modular_Recorder/vectornav/install/vectornav_msgs/lib:/home/deep/Modular_Recorder/vectornav/install/vectornav/lib:/home/deep/Modular_Recorder/install/vectornav/lib:/home/deep/Modular_Recorder/install/vectornav_msgs/lib:/home/deep/Modular_Recorder/install/hesai_ros_driver/lib:/home/deep/zed_ros2/install/zed_ipc/lib:/home/deep/zed_ros2/install/zed_topic_benchmark_component/lib:/home/deep/zed_ros2/install/zed_topic_benchmark_interfaces/lib:/home/deep/zed_ros2/install/zed_rgb_convert/lib:/home/deep/zed_ros2/install/zed_aruco_localization/lib:/home/deep/zed_ros2/install/zed_components/lib:/home/deep/zed_ros2/install/rviz_plugin_zed_od/lib:/home/deep/Desktop/vectornav/install/vectornav/lib:/home/deep/Desktop/vectornav/install/vectornav_msgs/lib:/home/deep/Desktop/Controls/install/fmdv_msgs/lib:/home/deep/Desktop/EUFS/install/eufs_plugins/lib:/home/deep/Desktop/EUFS/install/eufs_models/lib:/home/deep/Desktop/EUFS/install/eufs_msgs/lib:/home/deep/Modular_Recorder/HesaiLidar_ROS_2.0/install/hesai_ros_driver/lib:/usr/local/cuda-12.2/lib64:/usr/local/cuda-12.2/lib64:/usr/lib/x86_64-linux-gnu/gazebo-11/plugins:/opt/ros/humble/opt/rviz_ogre_vendor/lib:/opt/ros/humble/lib/x86_64-linux-gnu:/opt/ros/humble/lib /usr/bin/cmake --build /home/deep/Modular_Recorder/vectornav/build/vectornav -- -j16 -l16
[43.024s] DEBUG:colcon.colcon_core.event_handler.log_command:Invoked command in '/home/deep/Modular_Recorder/vectornav/build/vectornav' returned '0': CMAKE_PREFIX_PATH=/home/deep/Modular_Recorder/vectornav/install/vectornav_msgs:/home/deep/Modular_Recorder/vectornav/install/vectornav:/home/deep/Modular_Recorder/install/vectornav:/home/deep/Modular_Recorder/install/vectornav_msgs:/home/deep/Modular_Recorder/install/hesai_ros_driver:/home/deep/zed_ros2/install/zed_ros2:/home/deep/zed_ros2/install/zed_robot_integration:/home/deep/zed_ros2/install/zed_ipc:/home/deep/zed_ros2/install/zed_multi_camera:/home/deep/zed_ros2/install/zed_isaac_ros_multi_camera:/home/deep/zed_ros2/install/zed_isaac_ros_april_tag:/home/deep/zed_ros2/install/zed_display_rviz2:/home/deep/zed_ros2/install/zed_depth_to_laserscan:/home/deep/zed_ros2/install/zed_wrapper:/home/deep/zed_ros2/install/zed_tutorial_video:/home/deep/zed_ros2/install/zed_tutorial_pos_tracking:/home/deep/zed_ros2/install/zed_tutorial_depth:/home/deep/zed_ros2/install/zed_topic_benchmark:/home/deep/zed_ros2/install/zed_topic_benchmark_component:/home/deep/zed_ros2/install/zed_topic_benchmark_interfaces:/home/deep/zed_ros2/install/zed_rgb_convert:/home/deep/zed_ros2/install/zed_isaac_ros_nitros_sub:/home/deep/zed_ros2/install/zed_aruco_localization:/home/deep/zed_ros2/install/zed_components:/home/deep/zed_ros2/install/rviz_plugin_zed_od:/home/deep/Desktop/vectornav/install/vectornav:/home/deep/Desktop/vectornav/install/vectornav_msgs:/home/deep/Desktop/Controls/install/fmdv_msgs:/home/deep/Desktop/EUFS/install/mppi_controller:/home/deep/Desktop/EUFS/install/eufs_sensors:/home/deep/Desktop/EUFS/install/eufs_plugins:/home/deep/Desktop/EUFS/install/eufs_models:/home/deep/Desktop/EUFS/install/eufs_msgs:/home/deep/Modular_Recorder/HesaiLidar_ROS_2.0/install/hesai_ros_driver:/home/deep/Modular_Recorder/install/zed2i:/home/deep/Modular_Recorder/install/driver:/home/deep/Desktop/Controls/install/fmdv_monitor:/home/deep/Desktop/Controls/install/fmdv_code:/home/deep/Desktop/EUFS/install/eufs_launcher:/home/deep/Desktop/EUFS/install/eufs_tracks:/home/deep/Desktop/EUFS/install/eufs_rqt:/home/deep/Desktop/EUFS/install/eufs_racecar:/opt/ros/humble LD_LIBRARY_PATH=/home/deep/Modular_Recorder/vectornav/install/vectornav_msgs/lib:/home/deep/Modular_Recorder/vectornav/install/vectornav/lib:/home/deep/Modular_Recorder/install/vectornav/lib:/home/deep/Modular_Recorder/install/vectornav_msgs/lib:/home/deep/Modular_Recorder/install/hesai_ros_driver/lib:/home/deep/zed_ros2/install/zed_ipc/lib:/home/deep/zed_ros2/install/zed_topic_benchmark_component/lib:/home/deep/zed_ros2/install/zed_topic_benchmark_interfaces/lib:/home/deep/zed_ros2/install/zed_rgb_convert/lib:/home/deep/zed_ros2/install/zed_aruco_localization/lib:/home/deep/zed_ros2/install/zed_components/lib:/home/deep/zed_ros2/install/rviz_plugin_zed_od/lib:/home/deep/Desktop/vectornav/install/vectornav/lib:/home/deep/Desktop/vectornav/install/vectornav_msgs/lib:/home/deep/Desktop/Controls/install/fmdv_msgs/lib:/home/deep/Desktop/EUFS/install/eufs_plugins/lib:/home/deep/Desktop/EUFS/install/eufs_models/lib:/home/deep/Desktop/EUFS/install/eufs_msgs/lib:/home/deep/Modular_Recorder/HesaiLidar_ROS_2.0/install/hesai_ros_driver/lib:/usr/local/cuda-12.2/lib64:/usr/local/cuda-12.2/lib64:/usr/lib/x86_64-linux-gnu/gazebo-11/plugins:/opt/ros/humble/opt/rviz_ogre_vendor/lib:/opt/ros/humble/lib/x86_64-linux-gnu:/opt/ros/humble/lib /usr/bin/cmake --build /home/deep/Modular_Recorder/vectornav/build/vectornav -- -j16 -l16
[43.026s] DEBUG:colcon.colcon_core.event_handler.log_command:Invoking command in '/home/deep/Modular_Recorder/vectornav/build/vectornav': CMAKE_PREFIX_PATH=/home/deep/Modular_Recorder/vectornav/install/vectornav_msgs:/home/deep/Modular_Recorder/vectornav/install/vectornav:/home/deep/Modular_Recorder/install/vectornav:/home/deep/Modular_Recorder/install/vectornav_msgs:/home/deep/Modular_Recorder/install/hesai_ros_driver:/home/deep/zed_ros2/install/zed_ros2:/home/deep/zed_ros2/install/zed_robot_integration:/home/deep/zed_ros2/install/zed_ipc:/home/deep/zed_ros2/install/zed_multi_camera:/home/deep/zed_ros2/install/zed_isaac_ros_multi_camera:/home/deep/zed_ros2/install/zed_isaac_ros_april_tag:/home/deep/zed_ros2/install/zed_display_rviz2:/home/deep/zed_ros2/install/zed_depth_to_laserscan:/home/deep/zed_ros2/install/zed_wrapper:/home/deep/zed_ros2/install/zed_tutorial_video:/home/deep/zed_ros2/install/zed_tutorial_pos_tracking:/home/deep/zed_ros2/install/zed_tutorial_depth:/home/deep/zed_ros2/install/zed_topic_benchmark:/home/deep/zed_ros2/install/zed_topic_benchmark_component:/home/deep/zed_ros2/install/zed_topic_benchmark_interfaces:/home/deep/zed_ros2/install/zed_rgb_convert:/home/deep/zed_ros2/install/zed_isaac_ros_nitros_sub:/home/deep/zed_ros2/install/zed_aruco_localization:/home/deep/zed_ros2/install/zed_components:/home/deep/zed_ros2/install/rviz_plugin_zed_od:/home/deep/Desktop/vectornav/install/vectornav:/home/deep/Desktop/vectornav/install/vectornav_msgs:/home/deep/Desktop/Controls/install/fmdv_msgs:/home/deep/Desktop/EUFS/install/mppi_controller:/home/deep/Desktop/EUFS/install/eufs_sensors:/home/deep/Desktop/EUFS/install/eufs_plugins:/home/deep/Desktop/EUFS/install/eufs_models:/home/deep/Desktop/EUFS/install/eufs_msgs:/home/deep/Modular_Recorder/HesaiLidar_ROS_2.0/install/hesai_ros_driver:/home/deep/Modular_Recorder/install/zed2i:/home/deep/Modular_Recorder/install/driver:/home/deep/Desktop/Controls/install/fmdv_monitor:/home/deep/Desktop/Controls/install/fmdv_code:/home/deep/Desktop/EUFS/install/eufs_launcher:/home/deep/Desktop/EUFS/install/eufs_tracks:/home/deep/Desktop/EUFS/install/eufs_rqt:/home/deep/Desktop/EUFS/install/eufs_racecar:/opt/ros/humble LD_LIBRARY_PATH=/home/deep/Modular_Recorder/vectornav/install/vectornav_msgs/lib:/home/deep/Modular_Recorder/vectornav/install/vectornav/lib:/home/deep/Modular_Recorder/install/vectornav/lib:/home/deep/Modular_Recorder/install/vectornav_msgs/lib:/home/deep/Modular_Recorder/install/hesai_ros_driver/lib:/home/deep/zed_ros2/install/zed_ipc/lib:/home/deep/zed_ros2/install/zed_topic_benchmark_component/lib:/home/deep/zed_ros2/install/zed_topic_benchmark_interfaces/lib:/home/deep/zed_ros2/install/zed_rgb_convert/lib:/home/deep/zed_ros2/install/zed_aruco_localization/lib:/home/deep/zed_ros2/install/zed_components/lib:/home/deep/zed_ros2/install/rviz_plugin_zed_od/lib:/home/deep/Desktop/vectornav/install/vectornav/lib:/home/deep/Desktop/vectornav/install/vectornav_msgs/lib:/home/deep/Desktop/Controls/install/fmdv_msgs/lib:/home/deep/Desktop/EUFS/install/eufs_plugins/lib:/home/deep/Desktop/EUFS/install/eufs_models/lib:/home/deep/Desktop/EUFS/install/eufs_msgs/lib:/home/deep/Modular_Recorder/HesaiLidar_ROS_2.0/install/hesai_ros_driver/lib:/usr/local/cuda-12.2/lib64:/usr/local/cuda-12.2/lib64:/usr/lib/x86_64-linux-gnu/gazebo-11/plugins:/opt/ros/humble/opt/rviz_ogre_vendor/lib:/opt/ros/humble/lib/x86_64-linux-gnu:/opt/ros/humble/lib /usr/bin/cmake --install /home/deep/Modular_Recorder/vectornav/build/vectornav
[43.085s] Level 1:colcon.colcon_core.environment:create_environment_scripts_only(vectornav)
[43.085s] Level 1:colcon.colcon_core.environment:checking '/home/deep/Modular_Recorder/vectornav/install/vectornav' for CMake module files
[43.086s] DEBUG:colcon.colcon_core.event_handler.log_command:Invoked command in '/home/deep/Modular_Recorder/vectornav/build/vectornav' returned '0': CMAKE_PREFIX_PATH=/home/deep/Modular_Recorder/vectornav/install/vectornav_msgs:/home/deep/Modular_Recorder/vectornav/install/vectornav:/home/deep/Modular_Recorder/install/vectornav:/home/deep/Modular_Recorder/install/vectornav_msgs:/home/deep/Modular_Recorder/install/hesai_ros_driver:/home/deep/zed_ros2/install/zed_ros2:/home/deep/zed_ros2/install/zed_robot_integration:/home/deep/zed_ros2/install/zed_ipc:/home/deep/zed_ros2/install/zed_multi_camera:/home/deep/zed_ros2/install/zed_isaac_ros_multi_camera:/home/deep/zed_ros2/install/zed_isaac_ros_april_tag:/home/deep/zed_ros2/install/zed_display_rviz2:/home/deep/zed_ros2/install/zed_depth_to_laserscan:/home/deep/zed_ros2/install/zed_wrapper:/home/deep/zed_ros2/install/zed_tutorial_video:/home/deep/zed_ros2/install/zed_tutorial_pos_tracking:/home/deep/zed_ros2/install/zed_tutorial_depth:/home/deep/zed_ros2/install/zed_topic_benchmark:/home/deep/zed_ros2/install/zed_topic_benchmark_component:/home/deep/zed_ros2/install/zed_topic_benchmark_interfaces:/home/deep/zed_ros2/install/zed_rgb_convert:/home/deep/zed_ros2/install/zed_isaac_ros_nitros_sub:/home/deep/zed_ros2/install/zed_aruco_localization:/home/deep/zed_ros2/install/zed_components:/home/deep/zed_ros2/install/rviz_plugin_zed_od:/home/deep/Desktop/vectornav/install/vectornav:/home/deep/Desktop/vectornav/install/vectornav_msgs:/home/deep/Desktop/Controls/install/fmdv_msgs:/home/deep/Desktop/EUFS/install/mppi_controller:/home/deep/Desktop/EUFS/install/eufs_sensors:/home/deep/Desktop/EUFS/install/eufs_plugins:/home/deep/Desktop/EUFS/install/eufs_models:/home/deep/Desktop/EUFS/install/eufs_msgs:/home/deep/Modular_Recorder/HesaiLidar_ROS_2.0/install/hesai_ros_driver:/home/deep/Modular_Recorder/install/zed2i:/home/deep/Modular_Recorder/install/driver:/home/deep/Desktop/Controls/install/fmdv_monitor:/home/deep/Desktop/Controls/install/fmdv_code:/home/deep/Desktop/EUFS/install/eufs_launcher:/home/deep/Desktop/EUFS/install/eufs_tracks:/home/deep/Desktop/EUFS/install/eufs_rqt:/home/deep/Desktop/EUFS/install/eufs_racecar:/opt/ros/humble LD_LIBRARY_PATH=/home/deep/Modular_Recorder/vectornav/install/vectornav_msgs/lib:/home/deep/Modular_Recorder/vectornav/install/vectornav/lib:/home/deep/Modular_Recorder/install/vectornav/lib:/home/deep/Modular_Recorder/install/vectornav_msgs/lib:/home/deep/Modular_Recorder/install/hesai_ros_driver/lib:/home/deep/zed_ros2/install/zed_ipc/lib:/home/deep/zed_ros2/install/zed_topic_benchmark_component/lib:/home/deep/zed_ros2/install/zed_topic_benchmark_interfaces/lib:/home/deep/zed_ros2/install/zed_rgb_convert/lib:/home/deep/zed_ros2/install/zed_aruco_localization/lib:/home/deep/zed_ros2/install/zed_components/lib:/home/deep/zed_ros2/install/rviz_plugin_zed_od/lib:/home/deep/Desktop/vectornav/install/vectornav/lib:/home/deep/Desktop/vectornav/install/vectornav_msgs/lib:/home/deep/Desktop/Controls/install/fmdv_msgs/lib:/home/deep/Desktop/EUFS/install/eufs_plugins/lib:/home/deep/Desktop/EUFS/install/eufs_models/lib:/home/deep/Desktop/EUFS/install/eufs_msgs/lib:/home/deep/Modular_Recorder/HesaiLidar_ROS_2.0/install/hesai_ros_driver/lib:/usr/local/cuda-12.2/lib64:/usr/local/cuda-12.2/lib64:/usr/lib/x86_64-linux-gnu/gazebo-11/plugins:/opt/ros/humble/opt/rviz_ogre_vendor/lib:/opt/ros/humble/lib/x86_64-linux-gnu:/opt/ros/humble/lib /usr/bin/cmake --install /home/deep/Modular_Recorder/vectornav/build/vectornav
[43.086s] Level 1:colcon.colcon_core.environment:checking '/home/deep/Modular_Recorder/vectornav/install/vectornav' for CMake config files
[43.087s] Level 1:colcon.colcon_core.shell:create_environment_hook('vectornav', 'cmake_prefix_path')
[43.087s] INFO:colcon.colcon_core.shell:Creating environment hook '/home/deep/Modular_Recorder/vectornav/install/vectornav/share/vectornav/hook/cmake_prefix_path.ps1'
[43.087s] INFO:colcon.colcon_core.shell:Creating environment descriptor '/home/deep/Modular_Recorder/vectornav/install/vectornav/share/vectornav/hook/cmake_prefix_path.dsv'
[43.087s] INFO:colcon.colcon_core.shell:Creating environment hook '/home/deep/Modular_Recorder/vectornav/install/vectornav/share/vectornav/hook/cmake_prefix_path.sh'
[43.088s] Level 1:colcon.colcon_core.environment:checking '/home/deep/Modular_Recorder/vectornav/install/vectornav/lib'
[43.088s] Level 1:colcon.colcon_core.shell:create_environment_hook('vectornav', 'ld_library_path_lib')
[43.088s] INFO:colcon.colcon_core.shell:Creating environment hook '/home/deep/Modular_Recorder/vectornav/install/vectornav/share/vectornav/hook/ld_library_path_lib.ps1'
[43.088s] INFO:colcon.colcon_core.shell:Creating environment descriptor '/home/deep/Modular_Recorder/vectornav/install/vectornav/share/vectornav/hook/ld_library_path_lib.dsv'
[43.089s] INFO:colcon.colcon_core.shell:Creating environment hook '/home/deep/Modular_Recorder/vectornav/install/vectornav/share/vectornav/hook/ld_library_path_lib.sh'
[43.089s] Level 1:colcon.colcon_core.environment:checking '/home/deep/Modular_Recorder/vectornav/install/vectornav/bin'
[43.089s] Level 1:colcon.colcon_core.environment:checking '/home/deep/Modular_Recorder/vectornav/install/vectornav/lib/pkgconfig/vectornav.pc'
[43.089s] Level 1:colcon.colcon_core.environment:checking '/home/deep/Modular_Recorder/vectornav/install/vectornav/lib/python3.10/site-packages'
[43.089s] Level 1:colcon.colcon_core.environment:checking '/home/deep/Modular_Recorder/vectornav/install/vectornav/bin'
[43.089s] INFO:colcon.colcon_core.shell:Creating package script '/home/deep/Modular_Recorder/vectornav/install/vectornav/share/vectornav/package.ps1'
[43.090s] INFO:colcon.colcon_core.shell:Creating package descriptor '/home/deep/Modular_Recorder/vectornav/install/vectornav/share/vectornav/package.dsv'
[43.090s] INFO:colcon.colcon_core.shell:Creating package script '/home/deep/Modular_Recorder/vectornav/install/vectornav/share/vectornav/package.sh'
[43.090s] INFO:colcon.colcon_core.shell:Creating package script '/home/deep/Modular_Recorder/vectornav/install/vectornav/share/vectornav/package.bash'
[43.091s] INFO:colcon.colcon_core.shell:Creating package script '/home/deep/Modular_Recorder/vectornav/install/vectornav/share/vectornav/package.zsh'
[43.091s] Level 1:colcon.colcon_core.environment:create_file_with_runtime_dependencies(/home/deep/Modular_Recorder/vectornav/install/vectornav/share/colcon-core/packages/vectornav)
[43.091s] Level 1:colcon.colcon_core.environment:create_environment_scripts_only(vectornav)
[43.092s] Level 1:colcon.colcon_core.environment:checking '/home/deep/Modular_Recorder/vectornav/install/vectornav' for CMake module files
[43.092s] Level 1:colcon.colcon_core.environment:checking '/home/deep/Modular_Recorder/vectornav/install/vectornav' for CMake config files
[43.092s] Level 1:colcon.colcon_core.shell:create_environment_hook('vectornav', 'cmake_prefix_path')
[43.092s] INFO:colcon.colcon_core.shell:Creating environment hook '/home/deep/Modular_Recorder/vectornav/install/vectornav/share/vectornav/hook/cmake_prefix_path.ps1'
[43.093s] INFO:colcon.colcon_core.shell:Creating environment descriptor '/home/deep/Modular_Recorder/vectornav/install/vectornav/share/vectornav/hook/cmake_prefix_path.dsv'
[43.093s] INFO:colcon.colcon_core.shell:Creating environment hook '/home/deep/Modular_Recorder/vectornav/install/vectornav/share/vectornav/hook/cmake_prefix_path.sh'
[43.093s] Level 1:colcon.colcon_core.environment:checking '/home/deep/Modular_Recorder/vectornav/install/vectornav/lib'
[43.093s] Level 1:colcon.colcon_core.shell:create_environment_hook('vectornav', 'ld_library_path_lib')
[43.094s] INFO:colcon.colcon_core.shell:Creating environment hook '/home/deep/Modular_Recorder/vectornav/install/vectornav/share/vectornav/hook/ld_library_path_lib.ps1'
[43.094s] INFO:colcon.colcon_core.shell:Creating environment descriptor '/home/deep/Modular_Recorder/vectornav/install/vectornav/share/vectornav/hook/ld_library_path_lib.dsv'
[43.094s] INFO:colcon.colcon_core.shell:Creating environment hook '/home/deep/Modular_Recorder/vectornav/install/vectornav/share/vectornav/hook/ld_library_path_lib.sh'
[43.094s] Level 1:colcon.colcon_core.environment:checking '/home/deep/Modular_Recorder/vectornav/install/vectornav/bin'
[43.094s] Level 1:colcon.colcon_core.environment:checking '/home/deep/Modular_Recorder/vectornav/install/vectornav/lib/pkgconfig/vectornav.pc'
[43.095s] Level 1:colcon.colcon_core.environment:checking '/home/deep/Modular_Recorder/vectornav/install/vectornav/lib/python3.10/site-packages'
[43.095s] Level 1:colcon.colcon_core.environment:checking '/home/deep/Modular_Recorder/vectornav/install/vectornav/bin'
[43.095s] INFO:colcon.colcon_core.shell:Creating package script '/home/deep/Modular_Recorder/vectornav/install/vectornav/share/vectornav/package.ps1'
[43.095s] INFO:colcon.colcon_core.shell:Creating package descriptor '/home/deep/Modular_Recorder/vectornav/install/vectornav/share/vectornav/package.dsv'
[43.096s] INFO:colcon.colcon_core.shell:Creating package script '/home/deep/Modular_Recorder/vectornav/install/vectornav/share/vectornav/package.sh'
[43.096s] INFO:colcon.colcon_core.shell:Creating package script '/home/deep/Modular_Recorder/vectornav/install/vectornav/share/vectornav/package.bash'
[43.096s] INFO:colcon.colcon_core.shell:Creating package script '/home/deep/Modular_Recorder/vectornav/install/vectornav/share/vectornav/package.zsh'
[43.097s] Level 1:colcon.colcon_core.environment:create_file_with_runtime_dependencies(/home/deep/Modular_Recorder/vectornav/install/vectornav/share/colcon-core/packages/vectornav)
[43.097s] DEBUG:colcon.colcon_parallel_executor.executor.parallel:closing loop
[43.097s] DEBUG:colcon.colcon_parallel_executor.executor.parallel:loop closed
[43.097s] DEBUG:colcon.colcon_parallel_executor.executor.parallel:run_until_complete finished with '0'
[43.097s] DEBUG:colcon.colcon_core.event_reactor:joining thread
[43.102s] INFO:colcon.colcon_core.plugin_system:Skipping extension 'colcon_notification.desktop_notification.terminal_notifier': Not used on non-Darwin systems
[43.102s] INFO:colcon.colcon_core.plugin_system:Skipping extension 'colcon_notification.desktop_notification.win32': Not used on non-Windows systems
[43.102s] INFO:colcon.colcon_notification.desktop_notification:Sending desktop notification using 'notify2'
[43.112s] DEBUG:colcon.colcon_core.event_reactor:joined thread
[43.112s] INFO:colcon.colcon_core.shell:Creating prefix script '/home/deep/Modular_Recorder/vectornav/install/local_setup.ps1'
[43.113s] INFO:colcon.colcon_core.shell:Creating prefix util module '/home/deep/Modular_Recorder/vectornav/install/_local_setup_util_ps1.py'
[43.114s] INFO:colcon.colcon_core.shell:Creating prefix chain script '/home/deep/Modular_Recorder/vectornav/install/setup.ps1'
[43.117s] INFO:colcon.colcon_core.shell:Creating prefix script '/home/deep/Modular_Recorder/vectornav/install/local_setup.sh'
[43.117s] INFO:colcon.colcon_core.shell:Creating prefix util module '/home/deep/Modular_Recorder/vectornav/install/_local_setup_util_sh.py'
[43.118s] INFO:colcon.colcon_core.shell:Creating prefix chain script '/home/deep/Modular_Recorder/vectornav/install/setup.sh'
[43.120s] INFO:colcon.colcon_core.shell:Creating prefix script '/home/deep/Modular_Recorder/vectornav/install/local_setup.bash'
[43.120s] INFO:colcon.colcon_core.shell:Creating prefix chain script '/home/deep/Modular_Recorder/vectornav/install/setup.bash'
[43.123s] INFO:colcon.colcon_core.shell:Creating prefix script '/home/deep/Modular_Recorder/vectornav/install/local_setup.zsh'
[43.123s] INFO:colcon.colcon_core.shell:Creating prefix chain script '/home/deep/Modular_Recorder/vectornav/install/setup.zsh'
